Component: ARM Compiler 5.05 update 1 (build 106) Tool: armlink [4d0efa]

==============================================================================

Section Cross References

    startup_stm32f429_439xx.o(RESET) refers to startup_stm32f429_439xx.o(STACK) for __initial_sp
    startup_stm32f429_439xx.o(RESET) refers to startup_stm32f429_439xx.o(.text) for Reset_Handler
    startup_stm32f429_439xx.o(RESET) refers to stm32f4xx_it.o(.text) for NMI_Handler
    startup_stm32f429_439xx.o(RESET) refers to usb_bsp.o(.text) for OTG_HS_EP1_OUT_IRQHandler
    startup_stm32f429_439xx.o(.text) refers to system_stm32f4xx.o(.text) for SystemInit
    startup_stm32f429_439xx.o(.text) refers to entry.o(.ARM.Collect$$$$00000000) for __main
    stm32f4xx_rcc.o(.text) refers to stm32f4xx_rcc.o(.data) for .data
    stm32f4xx_gpio.o(.text) refers to stm32f4xx_rcc.o(.text) for RCC_AHB1PeriphResetCmd
    stm32f4xx_adc.o(.text) refers to stm32f4xx_rcc.o(.text) for RCC_APB2PeriphResetCmd
    stm32f4xx_i2c.o(.text) refers to stm32f4xx_rcc.o(.text) for RCC_APB1PeriphResetCmd
    stm32f4xx_spi.o(.text) refers to stm32f4xx_rcc.o(.text) for RCC_APB1PeriphResetCmd
    tm_stm32f4_delay.o(.text) refers to tm_stm32f4_delay.o(.data) for .data
    tm_stm32f4_delay.o(.text) refers to system_stm32f4xx.o(.data) for SystemCoreClock
    tm_stm32f4_disco.o(.text) refers to tm_stm32f4_gpio.o(.text) for TM_GPIO_Init
    tm_stm32f4_disco.o(.text) refers to tm_stm32f4_disco.o(.data) for .data
    tm_stm32f4_usb_vcp.o(.text) refers to usbd_core.o(.text) for USBD_Init
    tm_stm32f4_usb_vcp.o(.text) refers to usbd_cdc_vcp.o(.text) for VCP_DataTx
    tm_stm32f4_usb_vcp.o(.text) refers to usbd_usr.o(.data) for USR_cb
    tm_stm32f4_usb_vcp.o(.text) refers to usbd_cdc_core.o(.data) for USBD_CDC_cb
    tm_stm32f4_usb_vcp.o(.text) refers to usbd_desc.o(.data) for USR_desc
    tm_stm32f4_usb_vcp.o(.text) refers to tm_stm32f4_usb_vcp.o(.bss) for .bss
    tm_stm32f4_usb_vcp.o(.text) refers to tm_stm32f4_usb_vcp.o(.data) for .data
    tm_stm32f4_usb_vcp.o(.text) refers to usbd_usr.o(.data) for TM_USB_VCP_INT_Status
    tm_stm32f4_usb_vcp.o(.text) refers to usbd_cdc_vcp.o(.data) for linecoding
    tm_stm32f4_adc.o(.text) refers to stm32f4xx_adc.o(.text) for ADC_CommonInit
    tm_stm32f4_adc.o(.text) refers to tm_stm32f4_gpio.o(.text) for TM_GPIO_Init
    tm_stm32f4_bmp180.o(.text) refers to tm_stm32f4_i2c.o(.text) for TM_I2C_Init
    tm_stm32f4_bmp180.o(.text) refers to dflti.o(.text) for __aeabi_i2d
    tm_stm32f4_bmp180.o(.text) refers to dmul.o(.text) for __aeabi_dmul
    tm_stm32f4_bmp180.o(.text) refers to dfixi.o(.text) for __aeabi_d2iz
    tm_stm32f4_bmp180.o(.text) refers to f2d.o(.text) for __aeabi_f2d
    tm_stm32f4_bmp180.o(.text) refers to pow.o(i.__hardfp_pow) for __hardfp_pow
    tm_stm32f4_bmp180.o(.text) refers to d2f.o(.text) for __aeabi_d2f
    tm_stm32f4_bmp180.o(.text) refers to tm_stm32f4_bmp180.o(.data) for .data
    tm_stm32f4_fonts.o(.data) refers to tm_stm32f4_fonts.o(.constdata) for TM_Font7x10
    tm_stm32f4_fonts.o(.data) refers to tm_stm32f4_fonts.o(.constdata) for TM_Font11x18
    tm_stm32f4_fonts.o(.data) refers to tm_stm32f4_fonts.o(.constdata) for TM_Font16x26
    tm_stm32f4_i2c.o(.text) refers to tm_stm32f4_gpio.o(.text) for TM_GPIO_InitAlternate
    tm_stm32f4_i2c.o(.text) refers to stm32f4xx_i2c.o(.text) for I2C_Init
    tm_stm32f4_i2c.o(.text) refers to tm_stm32f4_i2c.o(.data) for .data
    tm_stm32f4_ili9341.o(.text) refers to stm32f4xx_gpio.o(.text) for GPIO_SetBits
    tm_stm32f4_ili9341.o(.text) refers to tm_stm32f4_spi.o(.text) for TM_SPI_Send
    tm_stm32f4_ili9341.o(.text) refers to tm_stm32f4_gpio.o(.text) for TM_GPIO_Init
    tm_stm32f4_ili9341.o(.text) refers to tm_stm32f4_ili9341.o(.data) for .data
    tm_stm32f4_ili9341_button.o(.text) refers to tm_stm32f4_ili9341.o(.text) for TM_ILI9341_DrawPixel
    tm_stm32f4_ili9341_button.o(.text) refers to tm_stm32f4_ili9341_button.o(.bss) for .bss
    tm_stm32f4_spi.o(.text) refers to tm_stm32f4_gpio.o(.text) for TM_GPIO_InitAlternate
    tm_stm32f4_spi.o(.text) refers to stm32f4xx_spi.o(.text) for SPI_StructInit
    tm_stm32f4_spi.o(.text) refers to stm32f4xx_rcc.o(.text) for RCC_GetClocksFreq
    tm_stm32f4_stmpe811.o(.text) refers to tm_stm32f4_i2c.o(.text) for TM_I2C_Read
    tm_stm32f4_stmpe811.o(.text) refers to tm_stm32f4_delay.o(.text) for TM_DELAY_Init
    tm_stm32f4_stmpe811.o(.text) refers to tm_stm32f4_delay.o(.data) for TM_Time
    main.o(.text) refers to tm_stm32f4_usb_vcp.o(.text) for TM_USB_VCP_Putc
    main.o(.text) refers to system_stm32f4xx.o(.text) for SystemInit
    main.o(.text) refers to tm_stm32f4_disco.o(.text) for TM_DISCO_LedInit
    main.o(.text) refers to tm_stm32f4_ili9341.o(.text) for TM_ILI9341_Init
    main.o(.text) refers to tm_stm32f4_stmpe811.o(.text) for TM_STMPE811_Init
    main.o(.text) refers to tm_stm32f4_ili9341_button.o(.text) for TM_ILI9341_Button_Add
    main.o(.text) refers to tm_stm32f4_adc.o(.text) for TM_ADC_Init
[...]
    ..\\00-STM32F429_LIBRARIES\\tm_stm32f4_gpio.c 0x00000000   Number         0  tm_stm32f4_gpio.o ABSOLUTE
    ..\\00-STM32F429_LIBRARIES\\tm_stm32f4_i2c.c 0x00000000   Number         0  tm_stm32f4_i2c.o ABSOLUTE
    ..\\00-STM32F429_LIBRARIES\\tm_stm32f4_ili9341.c 0x00000000   Number         0  tm_stm32f4_ili9341.o ABSOLUTE
    ..\\00-STM32F429_LIBRARIES\\tm_stm32f4_ili9341_button.c 0x00000000   Number         0  tm_stm32f4_ili9341_button.o ABSOLUTE
    ..\\00-STM32F429_LIBRARIES\\tm_stm32f4_spi.c 0x00000000   Number         0  tm_stm32f4_spi.o ABSOLUTE
    ..\\00-STM32F429_LIBRARIES\\tm_stm32f4_stmpe811.c 0x00000000   Number         0  tm_stm32f4_stmpe811.o ABSOLUTE
    ..\\00-STM32F429_LIBRARIES\\tm_stm32f4_usb_vcp.c 0x00000000   Number         0  tm_stm32f4_usb_vcp.o ABSOLUTE
    ..\\00-STM32F429_LIBRARIES\\usb_cdc_device\\usb_bsp.c 0x00000000   Number         0  usb_bsp.o ABSOLUTE
    ..\\00-STM32F429_LIBRARIES\\usb_cdc_device\\usb_core.c 0x00000000   Number         0  usb_core.o ABSOLUTE
    ..\\00-STM32F429_LIBRARIES\\usb_cdc_device\\usb_dcd.c 0x00000000   Number         0  usb_dcd.o ABSOLUTE
    ..\\00-STM32F429_LIBRARIES\\usb_cdc_device\\usb_dcd_int.c 0x00000000   Number         0  usb_dcd_int.o ABSOLUTE
    ..\\00-STM32F429_LIBRARIES\\usb_cdc_device\\usbd_cdc_core.c 0x00000000   Number         0  usbd_cdc_core.o ABSOLUTE
    ..\\00-STM32F429_LIBRARIES\\usb_cdc_device\\usbd_cdc_vcp.c 0x00000000   Number         0  usbd_cdc_vcp.o ABSOLUTE
    ..\\00-STM32F429_LIBRARIES\\usb_cdc_device\\usbd_core.c 0x00000000   Number         0  usbd_core.o ABSOLUTE
    ..\\00-STM32F429_LIBRARIES\\usb_cdc_device\\usbd_desc.c 0x00000000   Number         0  usbd_desc.o ABSOLUTE
    ..\\00-STM32F429_LIBRARIES\\usb_cdc_device\\usbd_ioreq.c 0x00000000   Number         0  usbd_ioreq.o ABSOLUTE
    ..\\00-STM32F429_LIBRARIES\\usb_cdc_device\\usbd_req.c 0x00000000   Number         0  usbd_req.o ABSOLUTE
    ..\\00-STM32F429_LIBRARIES\\usb_cdc_device\\usbd_usr.c 0x00000000   Number         0  usbd_usr.o ABSOLUTE
    ..\\00-STM32F4xx_STANDARD_PERIPHERAL_DRIVERS\\STM32F4xx_StdPeriph_Driver\\src\\misc.c 0x00000000   Number         0  misc.o ABSOLUTE
    ..\\00-STM32F4xx_STANDARD_PERIPHERAL_DRIVERS\\STM32F4xx_StdPeriph_Driver\\src\\stm32f4xx_adc.c 0x00000000   Number         0  stm32f4xx_adc.o ABSOLUTE
    ..\\00-STM32F4xx_STANDARD_PERIPHERAL_DRIVERS\\STM32F4xx_StdPeriph_Driver\\src\\stm32f4xx_exti.c 0x00000000   Number         0  stm32f4xx_exti.o ABSOLUTE
    ..\\00-STM32F4xx_STANDARD_PERIPHERAL_DRIVERS\\STM32F4xx_StdPeriph_Driver\\src\\stm32f4xx_gpio.c 0x00000000   Number         0  stm32f4xx_gpio.o ABSOLUTE
    ..\\00-STM32F4xx_STANDARD_PERIPHERAL_DRIVERS\\STM32F4xx_StdPeriph_Driver\\src\\stm32f4xx_i2c.c 0x00000000   Number         0  stm32f4xx_i2c.o ABSOLUTE
    ..\\00-STM32F4xx_STANDARD_PERIPHERAL_DRIVERS\\STM32F4xx_StdPeriph_Driver\\src\\stm32f4xx_rcc.c 0x00000000   Number         0  stm32f4xx_rcc.o ABSOLUTE
    ..\\00-STM32F4xx_STANDARD_PERIPHERAL_DRIVERS\\STM32F4xx_StdPeriph_Driver\\src\\stm32f4xx_spi.c 0x00000000   Number         0  stm32f4xx_spi.o ABSOLUTE
    User\\main.c                             0x00000000   Number         0  main.o ABSOLUTE
    User\\stm32f4xx_it.c                     0x00000000   Number         0  stm32f4xx_it.o ABSOLUTE
    User\\system_stm32f4xx.c                 0x00000000   Number         0  system_stm32f4xx.o ABSOLUTE
    User\main.c                              0x00000000   Number         0  main.o ABSOLUTE
    User\stm32f4xx_it.c                      0x00000000   Number         0  stm32f4xx_it.o ABSOLUTE
    User\system_stm32f4xx.c                  0x00000000   Number         0  system_stm32f4xx.o ABSOLUTE
    cdcmple.s                                0x00000000   Number         0  cdcmple.o ABSOLUTE
    cdrcmple.s                               0x00000000   Number         0  cdrcmple.o ABSOLUTE
    dc.s                                     0x00000000   Number         0  dc.o ABSOLUTE
    handlers.s                               0x00000000   Number         0  handlers.o ABSOLUTE
    init.s                                   0x00000000   Number         0  init.o ABSOLUTE
    RESET                                    0x08000000   Section      428  startup_stm32f429_439xx.o(RESET)
    .ARM.Collect$$$$00000000                 0x080001ac   Section        0  entry.o(.ARM.Collect$$$$00000000)
    .ARM.Collect$$$$00000001                 0x080001ac   Section        4  entry2.o(.ARM.Collect$$$$00000001)
    .ARM.Collect$$$$00000004                 0x080001b0   Section        4  entry5.o(.ARM.Collect$$$$00000004)
    .ARM.Collect$$$$00000008                 0x080001b4   Section        0  entry7b.o(.ARM.Collect$$$$00000008)
    .ARM.Collect$$$$0000000A                 0x080001b4   Section        0  entry8b.o(.ARM.Collect$$$$0000000A)
    .ARM.Collect$$$$0000000B                 0x080001b4   Section        8  entry9a.o(.ARM.Collect$$$$0000000B)
    .ARM.Collect$$$$0000000D                 0x080001bc   Section        0  entry10a.o(.ARM.Collect$$$$0000000D)
    .ARM.Collect$$$$0000000F                 0x080001bc   Section        0  entry11a.o(.ARM.Collect$$$$0000000F)
    .ARM.Collect$$$$00002712                 0x080001bc   Section        4  entry2.o(.ARM.Collect$$$$00002712)
    __lit__00000000                          0x080001bc   Data           4  entry2.o(.ARM.Collect$$$$00002712)
    .text                                    0x080001c0   Section       36  startup_stm32f429_439xx.o(.text)
    $v0                                      0x080001c0   Number         0  startup_stm32f429_439xx.o(.text)
    .text                                    0x080001e4   Section        0  misc.o(.text)
    .text                                    0x08000294   Section        0  stm32f4xx_rcc.o(.text)
    .text                                    0x08000718   Section        0  stm32f4xx_gpio.o(.text)
    .text                                    0x08000924   Section        0  stm32f4xx_exti.o(.text)
    .text                                    0x08000a04   Section        0  stm32f4xx_adc.o(.text)
    .text                                    0x08000d58   Section        0  stm32f4xx_i2c.o(.text)
    .text                                    0x080010b8   Section        0  stm32f4xx_spi.o(.text)
    .text                                    0x080013e4   Section        0  tm_stm32f4_delay.o(.text)
    .text                                    0x08001478   Section        0  tm_stm32f4_disco.o(.text)
    .text                                    0x080014fc   Section        0  tm_stm32f4_usb_vcp.o(.text)
    .text                                    0x08001690   Section        0  tm_stm32f4_gpio.o(.text)
    .text                                    0x08001a30   Section        0  tm_stm32f4_adc.o(.text)
    .text                                    0x08001d1c   Section        0  tm_stm32f4_i2c.o(.text)
    .text                                    0x080021a0   Section        0  tm_stm32f4_ili9341.o(.text)
    .text                                    0x08002a28   Section        0  tm_stm32f4_ili9341_button.o(.text)
    .text                                    0x08002c04   Section        0  tm_stm32f4_spi.o(.text)
    TM_SPIx_Init                             0x08002d7b   Thumb Code   290  tm_stm32f4_spi.o(.text)
    .text                                    0x08003230   Section        0  tm_stm32f4_stmpe811.o(.text)
    Delayms                                  0x08003517   Thumb Code    20  tm_stm32f4_stmpe811.o(.text)
    .text                                    0x08003538   Section        0  main.o(.text)
    .text                                    0x080037b0   Section        0  stm32f4xx_it.o(.text)
    .text                                    0x080037cc   Section        0  system_stm32f4xx.o(.text)
    SetSysClock                              0x080037cd   Thumb Code   190  system_stm32f4xx.o(.text)
    .text                                    0x08003964   Section        0  usb_bsp.o(.text)
    .text                                    0x08003ab8   Section        0  usb_core.o(.text)
    USB_OTG_CoreReset                        0x08003ab9   Thumb Code    84  usb_core.o(.text)
    .text                                    0x08004440   Section        0  usb_dcd.o(.text)
    .text                                    0x080046c0   Section        0  usb_dcd_int.o(.text)
    DCD_WriteEmptyTxFifo                     0x0800470b   Thumb Code   114  usb_dcd_int.o(.text)
    DCD_HandleInEP_ISR                       0x080047f1   Thumb Code   198  usb_dcd_int.o(.text)
    DCD_HandleUsbReset_ISR                   0x080049fb   Thumb Code   138  usb_dcd_int.o(.text)
    DCD_HandleRxStatusQueueLevel_ISR         0x08004a85   Thumb Code   128  usb_dcd_int.o(.text)
    DCD_HandleUSBSuspend_ISR                 0x08004b05   Thumb Code   102  usb_dcd_int.o(.text)
    DCD_HandleOutEP_ISR                      0x08004b6b   Thumb Code   164  usb_dcd_int.o(.text)
    .text                                    0x08004c18   Section        0  usbd_cdc_core.o(.text)
    usbd_cdc_Init                            0x08004c19   Thumb Code    70  usbd_cdc_core.o(.text)
    usbd_cdc_DeInit                          0x08004c5f   Thumb Code    36  usbd_cdc_core.o(.text)
    usbd_cdc_Setup                           0x08004c83   Thumb Code   174  usbd_cdc_core.o(.text)
    usbd_cdc_EP0_RxReady                     0x08004d31   Thumb Code    32  usbd_cdc_core.o(.text)
    usbd_cdc_DataIn                          0x08004d51   Thumb Code    68  usbd_cdc_core.o(.text)
    usbd_cdc_DataOut                         0x08004d95   Thumb Code    42  usbd_cdc_core.o(.text)
    Handle_USBAsynchXfer                     0x08004dbf   Thumb Code    96  usbd_cdc_core.o(.text)
    usbd_cdc_SOF                             0x08004e1f   Thumb Code    28  usbd_cdc_core.o(.text)
    USBD_cdc_GetCfgDesc                      0x08004e3b   Thumb Code    10  usbd_cdc_core.o(.text)
    USBD_cdc_GetOtherCfgDesc                 0x08004e45   Thumb Code    10  usbd_cdc_core.o(.text)
    .text                                    0x08004e60   Section        0  usbd_cdc_vcp.o(.text)
    VCP_Init                                 0x08004e61   Thumb Code     4  usbd_cdc_vcp.o(.text)
    VCP_DeInit                               0x08004e65   Thumb Code     4  usbd_cdc_vcp.o(.text)
    VCP_Ctrl                                 0x08004e69   Thumb Code    82  usbd_cdc_vcp.o(.text)
    .text                                    0x08004f0c   Section        0  usbd_core.o(.text)
    USBD_SetupStage                          0x08004f45   Thumb Code    72  usbd_core.o(.text)
    USBD_DataOutStage                        0x08004f8d   Thumb Code   116  usbd_core.o(.text)
    USBD_DataInStage                         0x08005001   Thumb Code   172  usbd_core.o(.text)
    USBD_Reset                               0x080050ad   Thumb Code    46  usbd_core.o(.text)
    USBD_Resume                              0x080050db   Thumb Code    22  usbd_core.o(.text)
    USBD_Suspend                             0x080050f1   Thumb Code    28  usbd_core.o(.text)
    USBD_SOF                                 0x0800510d   Thumb Code    16  usbd_core.o(.text)
    USBD_IsoINIncomplete                     0x08005145   Thumb Code    14  usbd_core.o(.text)
    USBD_IsoOUTIncomplete                    0x08005153   Thumb Code    14  usbd_core.o(.text)
    .text                                    0x08005164   Section        0  usbd_desc.o(.text)
    .text                                    0x08005234   Section        0  usbd_ioreq.o(.text)
    .text                                    0x080052ec   Section        0  usbd_req.o(.text)
    USBD_SetConfig                           0x08005309   Thumb Code   110  usbd_req.o(.text)
    USBD_GetDescriptor                       0x08005377   Thumb Code   288  usbd_req.o(.text)
    USBD_SetFeature                          0x0800571b   Thumb Code   118  usbd_req.o(.text)
    .text                                    0x08005794   Section        0  usbd_usr.o(.text)
    .text                                    0x080057d8   Section        0  uidiv.o(.text)
    .text                                    0x08005804   Section       36  init.o(.text)
    .text                                    0x08005828   Section        0  __dclz77c.o(.text)
    i.__0printf$6                            0x08005888   Section        0  printf6.o(i.__0printf$6)
    i.__0sprintf$6                           0x080058a8   Section        0  printf6.o(i.__0sprintf$6)
    i.__scatterload_copy                     0x080058d0   Section       14  handlers.o(i.__scatterload_copy)
    i.__scatterload_null                     0x080058de   Section        2  handlers.o(i.__scatterload_null)
    i.__scatterload_zeroinit                 0x080058e0   Section       14  handlers.o(i.__scatterload_zeroinit)
    i._printf_core                           0x080058f0   Section        0  printf6.o(i._printf_core)
    _printf_core                             0x080058f1   Thumb Code   748  printf6.o(i._printf_core)
    i._printf_post_padding                   0x08005be0   Section        0  printf6.o(i._printf_post_padding)
    _printf_post_padding                     0x08005be1   Thumb Code    36  printf6.o(i._printf_post_padding)
    i._printf_pre_padding                    0x08005c04   Section        0  printf6.o(i._printf_pre_padding)
    _printf_pre_padding                      0x08005c05   Thumb Code    46  printf6.o(i._printf_pre_padding)
    i._sputc                                 0x08005c32   Section        0  printf6.o(i._sputc)
    _sputc                                   0x08005c33   Thumb Code    10  printf6.o(i._sputc)
    .constdata                               0x08005c3c   Section     1900  tm_stm32f4_fonts.o(.constdata)
    .constdata                               0x080063a8   Section     3420  tm_stm32f4_fonts.o(.constdata)
    .data                                    0x20000000   Section       16  stm32f4xx_rcc.o(.data)
    APBAHBPrescTable                         0x20000000   Data          16  stm32f4xx_rcc.o(.data)
    .data                                    0x20000010   Section       16  tm_stm32f4_delay.o(.data)
    .data                                    0x20000020   Section        1  tm_stm32f4_disco.o(.data)
    TM_INT_DISCO_ButtonPressed               0x20000020   Data           1  tm_stm32f4_disco.o(.data)
    .data                                    0x20000024   Section       16  tm_stm32f4_usb_vcp.o(.data)
    .data                                    0x20000034   Section        8  tm_stm32f4_fonts.o(.data)
    .data                                    0x2000003c   Section        8  tm_stm32f4_fonts.o(.data)
    .data                                    0x20000044   Section       16  tm_stm32f4_i2c.o(.data)
    TM_I2C_Timeout                           0x20000044   Data           4  tm_stm32f4_i2c.o(.data)
    TM_I2C_INT_Clocks                        0x20000048   Data          12  tm_stm32f4_i2c.o(.data)
    .data                                    0x20000054   Section       10  tm_stm32f4_ili9341.o(.data)
    .data                                    0x2000005e   Section    145088  main.o(.data)
    .data                                    0x20023720   Section        4  main.o(.data)
    .data                                    0x20023724   Section       20  system_stm32f4xx.o(.data)
    .data                                    0x20023738   Section      174  usbd_cdc_core.o(.data)
    usbd_cdc_AltSet                          0x2002373c   Data           4  usbd_cdc_core.o(.data)
    cdcCmd                                   0x2002374c   Data           4  usbd_cdc_core.o(.data)
    cdcLen                                   0x20023750   Data           4  usbd_cdc_core.o(.data)
    FrameCount                               0x20023754   Data           4  usbd_cdc_core.o(.data)
    .data                                    0x200237e8   Section       48  usbd_cdc_core.o(.data)
    .data                                    0x20023818   Section        8  usbd_cdc_vcp.o(.data)
    .data                                    0x20023820   Section       20  usbd_cdc_vcp.o(.data)
    .data                                    0x20023834   Section       44  usbd_core.o(.data)
    .data                                    0x20023860   Section        4  usbd_core.o(.data)
    .data                                    0x20023864   Section        4  usbd_core.o(.data)
    .data                                    0x20023868   Section       28  usbd_desc.o(.data)
    .data                                    0x20023884   Section       22  usbd_desc.o(.data)
    .data                                    0x2002389a   Section       10  usbd_desc.o(.data)
    .data                                    0x200238a4   Section       16  usbd_req.o(.data)
    cfgidx                                   0x200238a4   Data           1  usbd_req.o(.data)
    .data                                    0x200238b4   Section        1  usbd_usr.o(.data)
    .data                                    0x200238b8   Section       28  usbd_usr.o(.data)
    .bss                                     0x200238d4   Section     1652  tm_stm32f4_usb_vcp.o(.bss)
    .bss                                     0x20023f48   Section      320  tm_stm32f4_ili9341_button.o(.bss)
    .bss                                     0x20024088   Section     2112  usbd_cdc_core.o(.bss)
    .bss                                     0x200248c8   Section      255  usbd_req.o(.bss)
    STACK                                    0x200249c8   Section     1024  startup_stm32f429_439xx.o(STACK)

    Global Symbols

    Symbol Name                              Value     Ov Type        Size  Object(Section)

    BuildAttributes$$THM_ISAv4$E$P$D$K$B$S$7EM$VFPi3$EXTD16$VFPS$VFMA$PE$A:L22UL41UL21$X:L11$S22US41US21$IEEE1$IW$USESV6$~STKCKD$USESV7$~SHL$OTIME$ROPI$IEEEX$EBA8$MICROLIB$REQ8$PRES8$EABIv2 0x00000000   Number         0  anon$$obj.o ABSOLUTE
    __ARM_use_no_argv                        0x00000000   Number         0  main.o ABSOLUTE
    _printf_a                                0x00000000   Number         0  stubs.o ABSOLUTE
    _printf_c                                0x00000000   Number         0  stubs.o ABSOLUTE
    _printf_charcount                        0x00000000   Number         0  stubs.o ABSOLUTE
    _printf_d                                0x00000000   Number         0  stubs.o ABSOLUTE
    _printf_e                                0x00000000   Number         0  stubs.o ABSOLUTE
    _printf_f                                0x00000000   Number         0  stubs.o ABSOLUTE
    _printf_flags                            0x00000000   Number         0  stubs.o ABSOLUTE
    _printf_fp_dec                           0x00000000   Number         0  stubs.o ABSOLUTE
    _printf_fp_hex                           0x00000000   Number         0  stubs.o ABSOLUTE
    _printf_g                                0x00000000   Number         0  stubs.o ABSOLUTE
    _printf_i                                0x00000000   Number         0  stubs.o ABSOLUTE
    _printf_int_dec                          0x00000000   Number         0  stubs.o ABSOLUTE
    _printf_l                                0x00000000   Number         0  stubs.o ABSOLUTE
    _printf_lc                               0x00000000   Number         0  stubs.o ABSOLUTE
    _printf_ll                               0x00000000   Number         0  stubs.o ABSOLUTE
    _printf_lld                              0x00000000   Number         0  stubs.o ABSOLUTE
    _printf_lli                              0x00000000   Number         0  stubs.o ABSOLUTE
    _printf_llo                              0x00000000   Number         0  stubs.o ABSOLUTE
    _printf_llu                              0x00000000   Number         0  stubs.o ABSOLUTE
    _printf_llx                              0x00000000   Number         0  stubs.o ABSOLUTE
    _printf_longlong_dec                     0x00000000   Number         0  stubs.o ABSOLUTE
    _printf_longlong_hex                     0x00000000   Number         0  stubs.o ABSOLUTE
    _printf_longlong_oct                     0x00000000   Number         0  stubs.o ABSOLUTE
    _printf_ls                               0x00000000   Number         0  stubs.o ABSOLUTE
    _printf_mbtowc                           0x00000000   Number         0  stubs.o ABSOLUTE
    _printf_n                                0x00000000   Number         0  stubs.o ABSOLUTE
    _printf_o                                0x00000000   Number         0  stubs.o ABSOLUTE
    _printf_p                                0x00000000   Number         0  stubs.o ABSOLUTE
    _printf_percent                          0x00000000   Number         0  stubs.o ABSOLUTE
    _printf_pre_padding                      0x00000000   Number         0  stubs.o ABSOLUTE
    _printf_return_value                     0x00000000   Number         0  stubs.o ABSOLUTE
    _printf_s                                0x00000000   Number         0  stubs.o ABSOLUTE
    _printf_sizespec                         0x00000000   Number         0  stubs.o ABSOLUTE
    _printf_str                              0x00000000   Number         0  stubs.o ABSOLUTE
    _printf_truncate_signed                  0x00000000   Number         0  stubs.o ABSOLUTE
    _printf_truncate_unsigned                0x00000000   Number         0  stubs.o ABSOLUTE
    _printf_u                                0x00000000   Number         0  stubs.o ABSOLUTE
    _printf_wc                               0x00000000   Number         0  stubs.o ABSOLUTE
    _printf_wctomb                           0x00000000   Number         0  stubs.o ABSOLUTE
    _printf_widthprec                        0x00000000   Number         0  stubs.o ABSOLUTE
    _printf_x                                0x00000000   Number         0  stubs.o ABSOLUTE
    TM_DELAY_1msHandler                       - Undefined Weak Reference
    TM_I2C_InitCustomPinsCallback             - Undefined Weak Reference
    TM_SPI_InitCustomPinsCallback             - Undefined Weak Reference
    __cpp_initialize__aeabi_                  - Undefined Weak Reference
    __cxa_finalize                            - Undefined Weak Reference
    _clock_init                               - Undefined Weak Reference
    _microlib_exit                            - Undefined Weak Reference
    __Vectors_Size                           0x000001ac   Number         0  startup_stm32f429_439xx.o ABSOLUTE
    __Vectors                                0x08000000   Data           4  startup_stm32f429_439xx.o(RESET)
    __Vectors_End                            0x080001ac   Data           0  startup_stm32f429_439xx.o(RESET)
    __main                                   0x080001ad   Thumb Code     0  entry.o(.ARM.Collect$$$$00000000)
    _main_stk                                0x080001ad   Thumb Code     0  entry2.o(.ARM.Collect$$$$00000001)
    _main_scatterload                        0x080001b1   Thumb Code     0  entry5.o(.ARM.Collect$$$$00000004)
    __main_after_scatterload                 0x080001b5   Thumb Code     0  entry5.o(.ARM.Collect$$$$00000004)
    _main_clock                              0x080001b5   Thumb Code     0  entry7b.o(.ARM.Collect$$$$00000008)
    _main_cpp_init                           0x080001b5   Thumb Code     0  entry8b.o(.ARM.Collect$$$$0000000A)
    _main_init                               0x080001b5   Thumb Code     0  entry9a.o(.ARM.Collect$$$$0000000B)
    __rt_final_cpp                           0x080001bd   Thumb Code     0  entry10a.o(.ARM.Collect$$$$0000000D)
    __rt_final_exit                          0x080001bd   Thumb Code     0  entry11a.o(.ARM.Collect$$$$0000000F)
    Reset_Handler                            0x080001c1   Thumb Code     8  startup_stm32f429_439xx.o(.text)
    ADC_IRQHandler                           0x080001db   Thumb Code     0  startup_stm32f429_439xx.o(.text)
    CAN1_RX0_IRQHandler                      0x080001db   Thumb Code     0  startup_stm32f429_439xx.o(.text)
    CAN1_RX1_IRQHandler                      0x080001db   Thumb Code     0  startup_stm32f429_439xx.o(.text)
    CAN1_SCE_IRQHandler                      0x080001db   Thumb Code     0  startup_stm32f429_439xx.o(.text)
    CAN1_TX_IRQHandler                       0x080001db   Thumb Code     0  startup_stm32f429_439xx.o(.text)
    CAN2_RX0_IRQHandler                      0x080001db   Thumb Code     0  startup_stm32f429_439xx.o(.text)
    CAN2_RX1_IRQHandler                      0x080001db   Thumb Code     0  startup_stm32f429_439xx.o(.text)
    CAN2_SCE_IRQHandler                      0x080001db   Thumb Code     0  startup_stm32f429_439xx.o(.text)
    CAN2_TX_IRQHandler                       0x080001db   Thumb Code     0  startup_stm32f429_439xx.o(.text)
    CRYP_IRQHandler                          0x080001db   Thumb Code     0  startup_stm32f429_439xx.o(.text)
    DCMI_IRQHandler                          0x080001db   Thumb Code     0  startup_stm32f429_439xx.o(.text)
    DMA1_Stream0_IRQHandler                  0x080001db   Thumb Code     0  startup_stm32f429_439xx.o(.text)
    DMA1_Stream1_IRQHandler                  0x080001db   Thumb Code     0  startup_stm32f429_439xx.o(.text)
    DMA1_Stream2_IRQHandler                  0x080001db   Thumb Code     0  startup_stm32f429_439xx.o(.text)
    DMA1_Stream3_IRQHandler                  0x080001db   Thumb Code     0  startup_stm32f429_439xx.o(.text)
    DMA1_Stream4_IRQHandler                  0x080001db   Thumb Code     0  startup_stm32f429_439xx.o(.text)
    DMA1_Stream5_IRQHandler                  0x080001db   Thumb Code     0  startup_stm32f429_439xx.o(.text)
    DMA1_Stream6_IRQHandler                  0x080001db   Thumb Code     0  startup_stm32f429_439xx.o(.text)
    DMA1_Stream7_IRQHandler                  0x080001db   Thumb Code     0  startup_stm32f429_439xx.o(.text)
    DMA2D_IRQHandler                         0x080001db   Thumb Code     0  startup_stm32f429_439xx.o(.text)
    DMA2_Stream0_IRQHandler                  0x080001db   Thumb Code     0  startup_stm32f429_439xx.o(.text)
    DMA2_Stream1_IRQHandler                  0x080001db   Thumb Code     0  startup_stm32f429_439xx.o(.text)
    DMA2_Stream2_IRQHandler                  0x080001db   Thumb Code     0  startup_stm32f429_439xx.o(.text)
    DMA2_Stream3_IRQHandler                  0x080001db   Thumb Code     0  startup_stm32f429_439xx.o(.text)
    DMA2_Stream4_IRQHandler                  0x080001db   Thumb Code     0  startup_stm32f429_439xx.o(.text)
    DMA2_Stream5_IRQHandler                  0x080001db   Thumb Code     0  startup_stm32f429_439xx.o(.text)
    DMA2_Stream6_IRQHandler                  0x080001db   Thumb Code     0  startup_stm32f429_439xx.o(.text)
    DMA2_Stream7_IRQHandler                  0x080001db   Thumb Code     0  startup_stm32f429_439xx.o(.text)
    ETH_IRQHandler                           0x080001db   Thumb Code     0  startup_stm32f429_439xx.o(.text)
    ETH_WKUP_IRQHandler                      0x080001db   Thumb Code     0  startup_stm32f429_439xx.o(.text)
    EXTI0_IRQHandler                         0x080001db   Thumb Code     0  startup_stm32f429_439xx.o(.text)
    EXTI15_10_IRQHandler                     0x080001db   Thumb Code     0  startup_stm32f429_439xx.o(.text)
    EXTI1_IRQHandler                         0x080001db   Thumb Code     0  startup_stm32f429_439xx.o(.text)
    EXTI2_IRQHandler                         0x080001db   Thumb Code     0  startup_stm32f429_439xx.o(.text)
    EXTI3_IRQHandler                         0x080001db   Thumb Code     0  startup_stm32f429_439xx.o(.text)
    EXTI4_IRQHandler                         0x080001db   Thumb Code     0  startup_stm32f429_439xx.o(.text)
    EXTI9_5_IRQHandler                       0x080001db   Thumb Code     0  startup_stm32f429_439xx.o(.text)
    FLASH_IRQHandler                         0x080001db   Thumb Code     0  startup_stm32f429_439xx.o(.text)
    FMC_IRQHandler                           0x080001db   Thumb Code     0  startup_stm32f429_439xx.o(.text)
    FPU_IRQHandler                           0x080001db   Thumb Code     0  startup_stm32f429_439xx.o(.text)
    HASH_RNG_IRQHandler                      0x080001db   Thumb Code     0  startup_stm32f429_439xx.o(.text)
    I2C1_ER_IRQHandler                       0x080001db   Thumb Code     0  startup_stm32f429_439xx.o(.text)
    I2C1_EV_IRQHandler                       0x080001db   Thumb Code     0  startup_stm32f429_439xx.o(.text)
    I2C2_ER_IRQHandler                       0x080001db   Thumb Code     0  startup_stm32f429_439xx.o(.text)
    I2C2_EV_IRQHandler                       0x080001db   Thumb Code     0  startup_stm32f429_439xx.o(.text)
    I2C3_ER_IRQHandler                       0x080001db   Thumb Code     0  startup_stm32f429_439xx.o(.text)
    I2C3_EV_IRQHandler                       0x080001db   Thumb Code     0  startup_stm32f429_439xx.o(.text)
    LTDC_ER_IRQHandler                       0x080001db   Thumb Code     0  startup_stm32f429_439xx.o(.text)
    LTDC_IRQHandler                          0x080001db   Thumb Code     0  startup_stm32f429_439xx.o(.text)
    OTG_FS_IRQHandler                        0x080001db   Thumb Code     0  startup_stm32f429_439xx.o(.text)
    OTG_FS_WKUP_IRQHandler                   0x080001db   Thumb Code     0  startup_stm32f429_439xx.o(.text)
    PVD_IRQHandler                           0x080001db   Thumb Code     0  startup_stm32f429_439xx.o(.text)
    RCC_IRQHandler                           0x080001db   Thumb Code     0  startup_stm32f429_439xx.o(.text)
    RTC_Alarm_IRQHandler                     0x080001db   Thumb Code     0  startup_stm32f429_439xx.o(.text)
    RTC_WKUP_IRQHandler                      0x080001db   Thumb Code     0  startup_stm32f429_439xx.o(.text)
    SAI1_IRQHandler                          0x080001db   Thumb Code     0  startup_stm32f429_439xx.o(.text)
    SDIO_IRQHandler                          0x080001db   Thumb Code     0  startup_stm32f429_439xx.o(.text)
    SPI1_IRQHandler                          0x080001db   Thumb Code     0  startup_stm32f429_439xx.o(.text)
    SPI2_IRQHandler                          0x080001db   Thumb Code     0  startup_stm32f429_439xx.o(.text)
    SPI3_IRQHandler                          0x080001db   Thumb Code     0  startup_stm32f429_439xx.o(.text)
    SPI4_IRQHandler                          0x080001db   Thumb Code     0  startup_stm32f429_439xx.o(.text)
    SPI5_IRQHandler                          0x080001db   Thumb Code     0  startup_stm32f429_439xx.o(.text)
    SPI6_IRQHandler                          0x080001db   Thumb Code     0  startup_stm32f429_439xx.o(.text)
    TAMP_STAMP_IRQHandler                    0x080001db   Thumb Code     0  startup_stm32f429_439xx.o(.text)
    TIM1_BRK_TIM9_IRQHandler                 0x080001db   Thumb Code     0  startup_stm32f429_439xx.o(.text)
    TIM1_CC_IRQHandler                       0x080001db   Thumb Code     0  startup_stm32f429_439xx.o(.text)
    TIM1_TRG_COM_TIM11_IRQHandler            0x080001db   Thumb Code     0  startup_stm32f429_439xx.o(.text)
    TIM1_UP_TIM10_IRQHandler                 0x080001db   Thumb Code     0  startup_stm32f429_439xx.o(.text)
    TIM2_IRQHandler                          0x080001db   Thumb Code     0  startup_stm32f429_439xx.o(.text)
    TIM3_IRQHandler                          0x080001db   Thumb Code     0  startup_stm32f429_439xx.o(.text)
    TIM4_IRQHandler                          0x080001db   Thumb Code     0  startup_stm32f429_439xx.o(.text)
    TIM5_IRQHandler                          0x080001db   Thumb Code     0  startup_stm32f429_439xx.o(.text)
    TIM6_DAC_IRQHandler                      0x080001db   Thumb Code     0  startup_stm32f429_439xx.o(.text)
    TIM7_IRQHandler                          0x080001db   Thumb Code     0  startup_stm32f429_439xx.o(.text)
    TIM8_BRK_TIM12_IRQHandler                0x080001db   Thumb Code     0  startup_stm32f429_439xx.o(.text)
    TIM8_CC_IRQHandler                       0x080001db   Thumb Code     0  startup_stm32f429_439xx.o(.text)
    TIM8_TRG_COM_TIM14_IRQHandler            0x080001db   Thumb Code     0  startup_stm32f429_439xx.o(.text)
    TIM8_UP_TIM13_IRQHandler                 0x080001db   Thumb Code     0  startup_stm32f429_439xx.o(.text)
    UART4_IRQHandler                         0x080001db   Thumb Code     0  startup_stm32f429_439xx.o(.text)
    UART5_IRQHandler                         0x080001db   Thumb Code     0  startup_stm32f429_439xx.o(.text)
    UART7_IRQHandler                         0x080001db   Thumb Code     0  startup_stm32f429_439xx.o(.text)
    UART8_IRQHandler                         0x080001db   Thumb Code     0  startup_stm32f429_439xx.o(.text)
    USART1_IRQHandler                        0x080001db   Thumb Code     0  startup_stm32f429_439xx.o(.text)
    USART2_IRQHandler                        0x080001db   Thumb Code     0  startup_stm32f429_439xx.o(.text)
    USART3_IRQHandler                        0x080001db   Thumb Code     0  startup_stm32f429_439xx.o(.text)
    USART6_IRQHandler                        0x080001db   Thumb Code     0  startup_stm32f429_439xx.o(.text)
    WWDG_IRQHandler                          0x080001db   Thumb Code     0  startup_stm32f429_439xx.o(.text)
    NVIC_PriorityGroupConfig                 0x080001e5   Thumb Code    10  misc.o(.text)
    NVIC_Init                                0x080001ef   Thumb Code    96  misc.o(.text)
    NVIC_SetVectorTable                      0x0800024f   Thumb Code    14  misc.o(.text)
    NVIC_SystemLPConfig                      0x0800025d   Thumb Code    20  misc.o(.text)
    SysTick_CLKSourceConfig                  0x08000271   Thumb Code    24  misc.o(.text)
    RCC_DeInit                               0x08000295   Thumb Code    68  stm32f4xx_rcc.o(.text)
    RCC_HSEConfig                            0x080002d9   Thumb Code    12  stm32f4xx_rcc.o(.text)
    RCC_GetFlagStatus                        0x080002e5   Thumb Code    46  stm32f4xx_rcc.o(.text)
    RCC_WaitForHSEStartUp                    0x08000313   Thumb Code    44  stm32f4xx_rcc.o(.text)
    RCC_AdjustHSICalibrationValue            0x0800033f   Thumb Code    16  stm32f4xx_rcc.o(.text)
    RCC_HSICmd                               0x0800034f   Thumb Code     6  stm32f4xx_rcc.o(.text)
    RCC_LSEConfig                            0x08000355   Thumb Code    24  stm32f4xx_rcc.o(.text)
    RCC_LSICmd                               0x0800036d   Thumb Code     6  stm32f4xx_rcc.o(.text)
    RCC_PLLConfig                            0x08000373   Thumb Code    32  stm32f4xx_rcc.o(.text)
    RCC_PLLCmd                               0x08000393   Thumb Code     6  stm32f4xx_rcc.o(.text)
    RCC_PLLI2SConfig                         0x08000399   Thumb Code    18  stm32f4xx_rcc.o(.text)
    RCC_PLLI2SCmd                            0x080003ab   Thumb Code     6  stm32f4xx_rcc.o(.text)
    RCC_PLLSAIConfig                         0x080003b1   Thumb Code    18  stm32f4xx_rcc.o(.text)
    RCC_PLLSAICmd                            0x080003c3   Thumb Code     6  stm32f4xx_rcc.o(.text)
    RCC_ClockSecuritySystemCmd               0x080003c9   Thumb Code     6  stm32f4xx_rcc.o(.text)
    RCC_MCO1Config                           0x080003cf   Thumb Code    18  stm32f4xx_rcc.o(.text)
    RCC_MCO2Config                           0x080003e1   Thumb Code    18  stm32f4xx_rcc.o(.text)
    RCC_SYSCLKConfig                         0x080003f3   Thumb Code    16  stm32f4xx_rcc.o(.text)
    RCC_GetSYSCLKSource                      0x08000403   Thumb Code    12  stm32f4xx_rcc.o(.text)
    RCC_HCLKConfig                           0x0800040f   Thumb Code    16  stm32f4xx_rcc.o(.text)
    RCC_PCLK1Config                          0x0800041f   Thumb Code    16  stm32f4xx_rcc.o(.text)
    RCC_PCLK2Config                          0x0800042f   Thumb Code    18  stm32f4xx_rcc.o(.text)
    RCC_GetClocksFreq                        0x08000441   Thumb Code   134  stm32f4xx_rcc.o(.text)
    RCC_RTCCLKConfig                         0x080004c7   Thumb Code    42  stm32f4xx_rcc.o(.text)
    RCC_RTCCLKCmd                            0x080004f1   Thumb Code     8  stm32f4xx_rcc.o(.text)
    RCC_BackupResetCmd                       0x080004f9   Thumb Code     8  stm32f4xx_rcc.o(.text)
    RCC_I2SCLKConfig                         0x08000501   Thumb Code     8  stm32f4xx_rcc.o(.text)
    RCC_SAIBlockACLKConfig                   0x08000509   Thumb Code    16  stm32f4xx_rcc.o(.text)
    RCC_SAIBlockBCLKConfig                   0x08000519   Thumb Code    16  stm32f4xx_rcc.o(.text)
    RCC_SAIPLLI2SClkDivConfig                0x08000529   Thumb Code    18  stm32f4xx_rcc.o(.text)
    RCC_SAIPLLSAIClkDivConfig                0x0800053b   Thumb Code    24  stm32f4xx_rcc.o(.text)
    RCC_LTDCCLKDivConfig                     0x08000553   Thumb Code    16  stm32f4xx_rcc.o(.text)
    RCC_TIMCLKPresConfig                     0x08000563   Thumb Code     8  stm32f4xx_rcc.o(.text)
    RCC_AHB1PeriphClockCmd                   0x0800056b   Thumb Code    20  stm32f4xx_rcc.o(.text)
    RCC_AHB2PeriphClockCmd                   0x0800057f   Thumb Code    20  stm32f4xx_rcc.o(.text)
    RCC_AHB3PeriphClockCmd                   0x08000593   Thumb Code    20  stm32f4xx_rcc.o(.text)
    RCC_APB1PeriphClockCmd                   0x080005a7   Thumb Code    20  stm32f4xx_rcc.o(.text)
    RCC_APB2PeriphClockCmd                   0x080005bb   Thumb Code    20  stm32f4xx_rcc.o(.text)
    RCC_AHB1PeriphResetCmd                   0x080005cf   Thumb Code    20  stm32f4xx_rcc.o(.text)
    RCC_AHB2PeriphResetCmd                   0x080005e3   Thumb Code    20  stm32f4xx_rcc.o(.text)
    RCC_AHB3PeriphResetCmd                   0x080005f7   Thumb Code    20  stm32f4xx_rcc.o(.text)
    RCC_APB1PeriphResetCmd                   0x0800060b   Thumb Code    20  stm32f4xx_rcc.o(.text)
    RCC_APB2PeriphResetCmd                   0x0800061f   Thumb Code    20  stm32f4xx_rcc.o(.text)
    RCC_AHB1PeriphClockLPModeCmd             0x08000633   Thumb Code    20  stm32f4xx_rcc.o(.text)
    RCC_AHB2PeriphClockLPModeCmd             0x08000647   Thumb Code    20  stm32f4xx_rcc.o(.text)
    RCC_AHB3PeriphClockLPModeCmd             0x0800065b   Thumb Code    20  stm32f4xx_rcc.o(.text)
    RCC_APB1PeriphClockLPModeCmd             0x0800066f   Thumb Code    64  stm32f4xx_rcc.o(.text)
    RCC_APB2PeriphClockLPModeCmd             0x080006af   Thumb Code    18  stm32f4xx_rcc.o(.text)
    RCC_LSEModeConfig                        0x080006c1   Thumb Code    24  stm32f4xx_rcc.o(.text)
    RCC_ITConfig                             0x080006d9   Thumb Code    20  stm32f4xx_rcc.o(.text)
    RCC_ClearFlag                            0x080006ed   Thumb Code    14  stm32f4xx_rcc.o(.text)
    RCC_GetITStatus                          0x080006fb   Thumb Code    18  stm32f4xx_rcc.o(.text)
    RCC_ClearITPendingBit                    0x0800070d   Thumb Code     8  stm32f4xx_rcc.o(.text)
    GPIO_DeInit                              0x08000719   Thumb Code   216  stm32f4xx_gpio.o(.text)
    GPIO_Init                                0x080007f1   Thumb Code   120  stm32f4xx_gpio.o(.text)
    GPIO_StructInit                          0x08000869   Thumb Code    18  stm32f4xx_gpio.o(.text)
    GPIO_PinLockConfig                       0x0800087b   Thumb Code    24  stm32f4xx_gpio.o(.text)
    GPIO_ReadInputDataBit                    0x08000893   Thumb Code    14  stm32f4xx_gpio.o(.text)
    GPIO_ReadInputData                       0x080008a1   Thumb Code     6  stm32f4xx_gpio.o(.text)
    GPIO_ReadOutputDataBit                   0x080008a7   Thumb Code    14  stm32f4xx_gpio.o(.text)
    GPIO_ReadOutputData                      0x080008b5   Thumb Code     6  stm32f4xx_gpio.o(.text)
    GPIO_SetBits                             0x080008bb   Thumb Code     4  stm32f4xx_gpio.o(.text)
    GPIO_ResetBits                           0x080008bf   Thumb Code     4  stm32f4xx_gpio.o(.text)
    GPIO_WriteBit                            0x080008c3   Thumb Code    10  stm32f4xx_gpio.o(.text)
    GPIO_Write                               0x080008cd   Thumb Code     4  stm32f4xx_gpio.o(.text)
    GPIO_ToggleBits                          0x080008d1   Thumb Code     8  stm32f4xx_gpio.o(.text)
    GPIO_PinAFConfig                         0x080008d9   Thumb Code    32  stm32f4xx_gpio.o(.text)
    EXTI_DeInit                              0x08000925   Thumb Code    28  stm32f4xx_exti.o(.text)
    EXTI_Init                                0x08000941   Thumb Code   108  stm32f4xx_exti.o(.text)
    EXTI_StructInit                          0x080009ad   Thumb Code    14  stm32f4xx_exti.o(.text)
    EXTI_GenerateSWInterrupt                 0x080009bb   Thumb Code    12  stm32f4xx_exti.o(.text)
    EXTI_GetFlagStatus                       0x080009c7   Thumb Code    18  stm32f4xx_exti.o(.text)
    EXTI_ClearFlag                           0x080009d9   Thumb Code     8  stm32f4xx_exti.o(.text)
    EXTI_GetITStatus                         0x080009e1   Thumb Code    18  stm32f4xx_exti.o(.text)
    EXTI_ClearITPendingBit                   0x080009f3   Thumb Code     8  stm32f4xx_exti.o(.text)
    ADC_DeInit                               0x08000a05   Thumb Code    24  stm32f4xx_adc.o(.text)
    ADC_Init                                 0x08000a1d   Thumb Code    66  stm32f4xx_adc.o(.text)
    ADC_StructInit                           0x08000a5f   Thumb Code    20  stm32f4xx_adc.o(.text)
    ADC_CommonInit                           0x08000a73   Thumb Code    34  stm32f4xx_adc.o(.text)
    ADC_CommonStructInit                     0x08000a95   Thumb Code    12  stm32f4xx_adc.o(.text)
    ADC_Cmd                                  0x08000aa1   Thumb Code    20  stm32f4xx_adc.o(.text)
    ADC_AnalogWatchdogCmd                    0x08000ab5   Thumb Code    12  stm32f4xx_adc.o(.text)
    ADC_AnalogWatchdogThresholdsConfig       0x08000ac1   Thumb Code     6  stm32f4xx_adc.o(.text)
    ADC_AnalogWatchdogSingleChannelConfig    0x08000ac7   Thumb Code    12  stm32f4xx_adc.o(.text)
    ADC_TempSensorVrefintCmd                 0x08000ad3   Thumb Code    26  stm32f4xx_adc.o(.text)
    ADC_VBATCmd                              0x08000aed   Thumb Code    26  stm32f4xx_adc.o(.text)
    ADC_RegularChannelConfig                 0x08000b07   Thumb Code   116  stm32f4xx_adc.o(.text)
    ADC_SoftwareStartConv                    0x08000b7b   Thumb Code    10  stm32f4xx_adc.o(.text)
    ADC_GetSoftwareStartConvStatus           0x08000b85   Thumb Code    14  stm32f4xx_adc.o(.text)
    ADC_EOCOnEachRegularChannelCmd           0x08000b93   Thumb Code    20  stm32f4xx_adc.o(.text)
    ADC_ContinuousModeCmd                    0x08000ba7   Thumb Code    20  stm32f4xx_adc.o(.text)
    ADC_DiscModeChannelCountConfig           0x08000bbb   Thumb Code    16  stm32f4xx_adc.o(.text)
    ADC_DiscModeCmd                          0x08000bcb   Thumb Code    20  stm32f4xx_adc.o(.text)
    ADC_GetConversionValue                   0x08000bdf   Thumb Code     6  stm32f4xx_adc.o(.text)
    ADC_GetMultiModeConversionValue          0x08000be5   Thumb Code     8  stm32f4xx_adc.o(.text)
    ADC_DMACmd                               0x08000bed   Thumb Code    20  stm32f4xx_adc.o(.text)
    ADC_DMARequestAfterLastTransferCmd       0x08000c01   Thumb Code    20  stm32f4xx_adc.o(.text)
    ADC_MultiModeDMARequestAfterLastTransferCmd 0x08000c15   Thumb Code    26  stm32f4xx_adc.o(.text)
    ADC_InjectedChannelConfig                0x08000c2f   Thumb Code    74  stm32f4xx_adc.o(.text)
    ADC_InjectedSequencerLengthConfig        0x08000c79   Thumb Code    16  stm32f4xx_adc.o(.text)
    ADC_SetInjectedOffset                    0x08000c89   Thumb Code    10  stm32f4xx_adc.o(.text)
    ADC_ExternalTrigInjectedConvConfig       0x08000c93   Thumb Code    12  stm32f4xx_adc.o(.text)
    ADC_ExternalTrigInjectedConvEdgeConfig   0x08000c9f   Thumb Code    12  stm32f4xx_adc.o(.text)
    ADC_SoftwareStartInjectedConv            0x08000cab   Thumb Code    10  stm32f4xx_adc.o(.text)
    ADC_GetSoftwareStartInjectedConvCmdStatus 0x08000cb5   Thumb Code    14  stm32f4xx_adc.o(.text)
    ADC_AutoInjectedConvCmd                  0x08000cc3   Thumb Code    20  stm32f4xx_adc.o(.text)
    ADC_InjectedDiscModeCmd                  0x08000cd7   Thumb Code    20  stm32f4xx_adc.o(.text)
    ADC_GetInjectedConversionValue           0x08000ceb   Thumb Code    14  stm32f4xx_adc.o(.text)
    ADC_ITConfig                             0x08000cf9   Thumb Code    18  stm32f4xx_adc.o(.text)
    ADC_GetFlagStatus                        0x08000d0b   Thumb Code    14  stm32f4xx_adc.o(.text)
    ADC_ClearFlag                            0x08000d19   Thumb Code     6  stm32f4xx_adc.o(.text)
    ADC_GetITStatus                          0x08000d1f   Thumb Code    30  stm32f4xx_adc.o(.text)
    ADC_ClearITPendingBit                    0x08000d3d   Thumb Code     8  stm32f4xx_adc.o(.text)
    I2C_DeInit                               0x08000d59   Thumb Code    56  stm32f4xx_i2c.o(.text)
    I2C_Init                                 0x08000d91   Thumb Code   174  stm32f4xx_i2c.o(.text)
    I2C_StructInit                           0x08000e3f   Thumb Code    28  stm32f4xx_i2c.o(.text)
    I2C_Cmd                                  0x08000e5b   Thumb Code    20  stm32f4xx_i2c.o(.text)
    I2C_AnalogFilterCmd                      0x08000e6f   Thumb Code    20  stm32f4xx_i2c.o(.text)
    I2C_DigitalFilterConfig                  0x08000e83   Thumb Code    16  stm32f4xx_i2c.o(.text)
    I2C_GenerateSTART                        0x08000e93   Thumb Code    20  stm32f4xx_i2c.o(.text)
    I2C_GenerateSTOP                         0x08000ea7   Thumb Code    20  stm32f4xx_i2c.o(.text)
    I2C_Send7bitAddress                      0x08000ebb   Thumb Code    16  stm32f4xx_i2c.o(.text)
    I2C_AcknowledgeConfig                    0x08000ecb   Thumb Code    20  stm32f4xx_i2c.o(.text)
    I2C_OwnAddress2Config                    0x08000edf   Thumb Code    16  stm32f4xx_i2c.o(.text)
    I2C_DualAddressCmd                       0x08000eef   Thumb Code    20  stm32f4xx_i2c.o(.text)
    I2C_GeneralCallCmd                       0x08000f03   Thumb Code    20  stm32f4xx_i2c.o(.text)
    I2C_SoftwareResetCmd                     0x08000f17   Thumb Code    20  stm32f4xx_i2c.o(.text)
    I2C_StretchClockCmd                      0x08000f2b   Thumb Code    20  stm32f4xx_i2c.o(.text)
    I2C_FastModeDutyCycleConfig              0x08000f3f   Thumb Code    22  stm32f4xx_i2c.o(.text)
    I2C_NACKPositionConfig                   0x08000f55   Thumb Code    22  stm32f4xx_i2c.o(.text)
    I2C_SMBusAlertConfig                     0x08000f6b   Thumb Code    22  stm32f4xx_i2c.o(.text)
    I2C_ARPCmd                               0x08000f81   Thumb Code    20  stm32f4xx_i2c.o(.text)
    I2C_SendData                             0x08000f95   Thumb Code     4  stm32f4xx_i2c.o(.text)
    I2C_ReceiveData                          0x08000f99   Thumb Code     6  stm32f4xx_i2c.o(.text)
    I2C_TransmitPEC                          0x08000f9f   Thumb Code    20  stm32f4xx_i2c.o(.text)
    I2C_PECPositionConfig                    0x08000fb3   Thumb Code    22  stm32f4xx_i2c.o(.text)
    I2C_CalculatePEC                         0x08000fc9   Thumb Code    20  stm32f4xx_i2c.o(.text)
    I2C_GetPEC                               0x08000fdd   Thumb Code     6  stm32f4xx_i2c.o(.text)
    I2C_DMACmd                               0x08000fe3   Thumb Code    20  stm32f4xx_i2c.o(.text)
    I2C_DMALastTransferCmd                   0x08000ff7   Thumb Code    20  stm32f4xx_i2c.o(.text)
    I2C_ReadRegister                         0x0800100b   Thumb Code    10  stm32f4xx_i2c.o(.text)
    I2C_ITConfig                             0x08001015   Thumb Code    16  stm32f4xx_i2c.o(.text)
    I2C_CheckEvent                           0x08001025   Thumb Code    24  stm32f4xx_i2c.o(.text)
    I2C_GetLastEvent                         0x0800103d   Thumb Code    14  stm32f4xx_i2c.o(.text)
    I2C_GetFlagStatus                        0x0800104b   Thumb Code    42  stm32f4xx_i2c.o(.text)
    I2C_ClearFlag                            0x08001075   Thumb Code     6  stm32f4xx_i2c.o(.text)
    I2C_GetITStatus                          0x0800107b   Thumb Code    36  stm32f4xx_i2c.o(.text)
    I2C_ClearITPendingBit                    0x0800109f   Thumb Code     6  stm32f4xx_i2c.o(.text)
    SPI_I2S_DeInit                           0x080010b9   Thumb Code   108  stm32f4xx_spi.o(.text)
    SPI_Init                                 0x08001125   Thumb Code    56  stm32f4xx_spi.o(.text)
    I2S_Init                                 0x0800115d   Thumb Code   198  stm32f4xx_spi.o(.text)
    SPI_StructInit                           0x08001223   Thumb Code    24  stm32f4xx_spi.o(.text)
    I2S_StructInit                           0x0800123b   Thumb Code    18  stm32f4xx_spi.o(.text)
    SPI_Cmd                                  0x0800124d   Thumb Code    20  stm32f4xx_spi.o(.text)
    I2S_Cmd                                  0x08001261   Thumb Code    20  stm32f4xx_spi.o(.text)
    SPI_DataSizeConfig                       0x08001275   Thumb Code    16  stm32f4xx_spi.o(.text)
    SPI_BiDirectionalLineConfig              0x08001285   Thumb Code    22  stm32f4xx_spi.o(.text)
    SPI_NSSInternalSoftwareConfig            0x0800129b   Thumb Code    24  stm32f4xx_spi.o(.text)
    SPI_SSOutputCmd                          0x080012b3   Thumb Code    20  stm32f4xx_spi.o(.text)
    SPI_TIModeCmd                            0x080012c7   Thumb Code    20  stm32f4xx_spi.o(.text)
    I2S_FullDuplexConfig                     0x080012db   Thumb Code    58  stm32f4xx_spi.o(.text)
    SPI_I2S_ReceiveData                      0x08001315   Thumb Code     4  stm32f4xx_spi.o(.text)
    SPI_I2S_SendData                         0x08001319   Thumb Code     4  stm32f4xx_spi.o(.text)
    SPI_CalculateCRC                         0x0800131d   Thumb Code    20  stm32f4xx_spi.o(.text)
    SPI_TransmitCRC                          0x08001331   Thumb Code    10  stm32f4xx_spi.o(.text)
    SPI_GetCRC                               0x0800133b   Thumb Code    12  stm32f4xx_spi.o(.text)
    SPI_GetCRCPolynomial                     0x08001347   Thumb Code     4  stm32f4xx_spi.o(.text)
    SPI_I2S_DMACmd                           0x0800134b   Thumb Code    16  stm32f4xx_spi.o(.text)
    SPI_I2S_ITConfig                         0x0800135b   Thumb Code    24  stm32f4xx_spi.o(.text)
    SPI_I2S_GetFlagStatus                    0x08001373   Thumb Code    14  stm32f4xx_spi.o(.text)
    SPI_I2S_ClearFlag                        0x08001381   Thumb Code     6  stm32f4xx_spi.o(.text)
    SPI_I2S_GetITStatus                      0x08001387   Thumb Code    44  stm32f4xx_spi.o(.text)
    SPI_I2S_ClearITPendingBit                0x080013b3   Thumb Code    14  stm32f4xx_spi.o(.text)
    TimingDelay_Decrement                    0x080013e5   Thumb Code    26  tm_stm32f4_delay.o(.text)
    TM_DELAY_Init                            0x080013ff   Thumb Code    68  tm_stm32f4_delay.o(.text)
    TM_DELAY_EnableDelayTimer                0x08001443   Thumb Code    22  tm_stm32f4_delay.o(.text)
    TM_DELAY_DisableDelayTimer               0x08001459   Thumb Code    14  tm_stm32f4_delay.o(.text)
    TM_DISCO_LedInit                         0x08001479   Thumb Code    32  tm_stm32f4_disco.o(.text)
    TM_DISCO_ButtonInit                      0x08001499   Thumb Code    24  tm_stm32f4_disco.o(.text)
    TM_DISCO_ButtonOnPressed                 0x080014b1   Thumb Code    30  tm_stm32f4_disco.o(.text)
    TM_DISCO_ButtonOnReleased                0x080014cf   Thumb Code    32  tm_stm32f4_disco.o(.text)
    TM_USB_VCP_Init                          0x080014fd   Thumb Code    36  tm_stm32f4_usb_vcp.o(.text)
    TM_USB_VCP_BufferEmpty                   0x08001521   Thumb Code    14  tm_stm32f4_usb_vcp.o(.text)
    TM_USB_VCP_BufferFull                    0x0800152f   Thumb Code    16  tm_stm32f4_usb_vcp.o(.text)
    TM_USB_VCP_FindCharacter                 0x0800153f   Thumb Code    54  tm_stm32f4_usb_vcp.o(.text)
    TM_USB_VCP_Getc                          0x08001575   Thumb Code    52  tm_stm32f4_usb_vcp.o(.text)
    TM_USB_VCP_Putc                          0x080015a9   Thumb Code    24  tm_stm32f4_usb_vcp.o(.text)
    TM_USB_VCP_Puts                          0x080015c1   Thumb Code    20  tm_stm32f4_usb_vcp.o(.text)
    TM_USB_VCP_Gets                          0x080015d5   Thumb Code    72  tm_stm32f4_usb_vcp.o(.text)
    TM_INT_USB_VCP_AddReceived               0x0800161d   Thumb Code    42  tm_stm32f4_usb_vcp.o(.text)
    TM_USB_VCP_GetStatus                     0x08001647   Thumb Code    16  tm_stm32f4_usb_vcp.o(.text)
    TM_USB_VCP_GetSettings                   0x08001657   Thumb Code    28  tm_stm32f4_usb_vcp.o(.text)
    TM_GPIO_INT_Init                         0x08001691   Thumb Code   110  tm_stm32f4_gpio.o(.text)
    TM_GPIO_INT_EnableClock                  0x080016ff   Thumb Code   158  tm_stm32f4_gpio.o(.text)
    TM_GPIO_Init                             0x0800179d   Thumb Code    34  tm_stm32f4_gpio.o(.text)
    TM_GPIO_InitAlternate                    0x080017bf   Thumb Code    92  tm_stm32f4_gpio.o(.text)
    TM_GPIO_DeInit                           0x0800181b   Thumb Code    38  tm_stm32f4_gpio.o(.text)
    TM_GPIO_SetPinAsInput                    0x08001841   Thumb Code    38  tm_stm32f4_gpio.o(.text)
    TM_GPIO_SetPinAsOutput                   0x08001867   Thumb Code    46  tm_stm32f4_gpio.o(.text)
    TM_GPIO_SetPinAsAnalog                   0x08001895   Thumb Code    38  tm_stm32f4_gpio.o(.text)
    TM_GPIO_SetPullResistor                  0x080018bb   Thumb Code    46  tm_stm32f4_gpio.o(.text)
    TM_GPIO_Lock                             0x080018e9   Thumb Code    16  tm_stm32f4_gpio.o(.text)
    TM_GPIO_GetPortSource                    0x080018f9   Thumb Code    86  tm_stm32f4_gpio.o(.text)
    TM_GPIO_GetPinSource                     0x0800194f   Thumb Code    18  tm_stm32f4_gpio.o(.text)
    TM_GPIO_INT_DisableClock                 0x08001961   Thumb Code   158  tm_stm32f4_gpio.o(.text)
    TM_ADC_InitADC                           0x08001a31   Thumb Code   116  tm_stm32f4_adc.o(.text)
    TM_ADC_INT_InitPin                       0x08001aa5   Thumb Code    20  tm_stm32f4_adc.o(.text)
    TM_ADC_INT_Channel_15_Init               0x08001ab9   Thumb Code    32  tm_stm32f4_adc.o(.text)
    TM_ADC_INT_Channel_14_Init               0x08001ad9   Thumb Code    32  tm_stm32f4_adc.o(.text)
    TM_ADC_INT_Channel_13_Init               0x08001af9   Thumb Code     6  tm_stm32f4_adc.o(.text)
    TM_ADC_INT_Channel_12_Init               0x08001aff   Thumb Code     6  tm_stm32f4_adc.o(.text)
    TM_ADC_INT_Channel_11_Init               0x08001b05   Thumb Code     6  tm_stm32f4_adc.o(.text)
    TM_ADC_INT_Channel_10_Init               0x08001b0b   Thumb Code     6  tm_stm32f4_adc.o(.text)
    TM_ADC_INT_Channel_9_Init                0x08001b11   Thumb Code    32  tm_stm32f4_adc.o(.text)
    TM_ADC_INT_Channel_8_Init                0x08001b31   Thumb Code    32  tm_stm32f4_adc.o(.text)
    TM_ADC_INT_Channel_7_Init                0x08001b51   Thumb Code    32  tm_stm32f4_adc.o(.text)
    TM_ADC_INT_Channel_6_Init                0x08001b71   Thumb Code    32  tm_stm32f4_adc.o(.text)
    TM_ADC_INT_Channel_5_Init                0x08001b91   Thumb Code    32  tm_stm32f4_adc.o(.text)
    TM_ADC_INT_Channel_4_Init                0x08001bb1   Thumb Code    32  tm_stm32f4_adc.o(.text)
    TM_ADC_INT_Channel_3_Init                0x08001bd1   Thumb Code     6  tm_stm32f4_adc.o(.text)
    TM_ADC_INT_Channel_2_Init                0x08001bd7   Thumb Code     6  tm_stm32f4_adc.o(.text)
    TM_ADC_INT_Channel_1_Init                0x08001bdd   Thumb Code     6  tm_stm32f4_adc.o(.text)
    TM_ADC_INT_Channel_0_Init                0x08001be3   Thumb Code     6  tm_stm32f4_adc.o(.text)
    TM_ADC_Init                              0x08001be9   Thumb Code   162  tm_stm32f4_adc.o(.text)
    TM_ADC_Read                              0x08001c8b   Thumb Code    32  tm_stm32f4_adc.o(.text)
    TM_ADC_EnableVbat                        0x08001cab   Thumb Code    16  tm_stm32f4_adc.o(.text)
    TM_ADC_DisableVbat                       0x08001cbb   Thumb Code    16  tm_stm32f4_adc.o(.text)
    TM_ADC_ReadVbat                          0x08001ccb   Thumb Code    48  tm_stm32f4_adc.o(.text)
    TM_I2C3_INT_InitPins                     0x08001d1d   Thumb Code    70  tm_stm32f4_i2c.o(.text)
    TM_I2C2_INT_InitPins                     0x08001d63   Thumb Code    76  tm_stm32f4_i2c.o(.text)
    TM_I2C1_INT_InitPins                     0x08001daf   Thumb Code    76  tm_stm32f4_i2c.o(.text)
    TM_I2C_Init                              0x08001dfb   Thumb Code   166  tm_stm32f4_i2c.o(.text)
    TM_I2C_ReadNack                          0x08001ea1   Thumb Code    64  tm_stm32f4_i2c.o(.text)
    TM_I2C_Start                             0x08001ee1   Thumb Code   122  tm_stm32f4_i2c.o(.text)
    TM_I2C_Stop                              0x08001f5b   Thumb Code    48  tm_stm32f4_i2c.o(.text)
    TM_I2C_WriteData                         0x08001f8b   Thumb Code    28  tm_stm32f4_i2c.o(.text)
    TM_I2C_Read                              0x08001fa7   Thumb Code    50  tm_stm32f4_i2c.o(.text)
    TM_I2C_ReadAck                           0x08001fd9   Thumb Code    56  tm_stm32f4_i2c.o(.text)
    TM_I2C_ReadMulti                         0x08002011   Thumb Code    84  tm_stm32f4_i2c.o(.text)
    TM_I2C_ReadNoRegister                    0x08002065   Thumb Code    20  tm_stm32f4_i2c.o(.text)
    TM_I2C_ReadMultiNoRegister               0x08002079   Thumb Code    52  tm_stm32f4_i2c.o(.text)
    TM_I2C_Write                             0x080020ad   Thumb Code    40  tm_stm32f4_i2c.o(.text)
    TM_I2C_WriteMulti                        0x080020d5   Thumb Code   100  tm_stm32f4_i2c.o(.text)
    TM_I2C_WriteNoRegister                   0x08002139   Thumb Code    30  tm_stm32f4_i2c.o(.text)
    TM_I2C_WriteMultiNoRegister              0x08002157   Thumb Code    46  tm_stm32f4_i2c.o(.text)
    TM_I2C_IsDeviceConnected                 0x08002185   Thumb Code    28  tm_stm32f4_i2c.o(.text)
    TM_ILI9341_SendData                      0x080021a1   Thumb Code    44  tm_stm32f4_ili9341.o(.text)
    TM_ILI9341_SendCommand                   0x080021cd   Thumb Code    44  tm_stm32f4_ili9341.o(.text)
    TM_ILI9341_SetCursorPosition             0x080021f9   Thumb Code    74  tm_stm32f4_ili9341.o(.text)
    TM_ILI9341_Fill                          0x08002243   Thumb Code    64  tm_stm32f4_ili9341.o(.text)
    TM_ILI9341_Delay                         0x08002283   Thumb Code    16  tm_stm32f4_ili9341.o(.text)
    TM_ILI9341_InitLCD                       0x08002293   Thumb Code   590  tm_stm32f4_ili9341.o(.text)
    TM_ILI9341_Init                          0x080024e1   Thumb Code   112  tm_stm32f4_ili9341.o(.text)
    TM_ILI9341_DisplayOn                     0x08002551   Thumb Code     4  tm_stm32f4_ili9341.o(.text)
    TM_ILI9341_DisplayOff                    0x08002555   Thumb Code     4  tm_stm32f4_ili9341.o(.text)
    TM_ILI9341_DrawPixel                     0x08002559   Thumb Code    34  tm_stm32f4_ili9341.o(.text)
    TM_ILI9341_Rotate                        0x0800257b   Thumb Code   100  tm_stm32f4_ili9341.o(.text)
    TM_ILI9341_Putc                          0x080025df   Thumb Code   162  tm_stm32f4_ili9341.o(.text)
    TM_ILI9341_Puts                          0x08002681   Thumb Code    86  tm_stm32f4_ili9341.o(.text)
    TM_ILI9341_GetStringSize                 0x080026d7   Thumb Code    28  tm_stm32f4_ili9341.o(.text)
    TM_ILI9341_DrawLine                      0x080026f3   Thumb Code   190  tm_stm32f4_ili9341.o(.text)
    TM_ILI9341_DrawRectangle                 0x080027b1   Thumb Code    68  tm_stm32f4_ili9341.o(.text)
    TM_ILI9341_DrawFilledRectangle           0x080027f5   Thumb Code    40  tm_stm32f4_ili9341.o(.text)
    TM_ILI9341_DrawCircle                    0x0800281d   Thumb Code   270  tm_stm32f4_ili9341.o(.text)
    TM_ILI9341_DrawFilledCircle              0x0800292b   Thumb Code   248  tm_stm32f4_ili9341.o(.text)
    TM_ILI9341_Button_Add                    0x08002a29   Thumb Code    94  tm_stm32f4_ili9341_button.o(.text)
    TM_ILI9341_Button_Draw                   0x08002a87   Thumb Code   212  tm_stm32f4_ili9341_button.o(.text)
    TM_ILI9341_Button_DrawAll                0x08002b5b   Thumb Code    32  tm_stm32f4_ili9341_button.o(.text)
    TM_ILI9341_Button_Touch                  0x08002b7b   Thumb Code    66  tm_stm32f4_ili9341_button.o(.text)
    TM_ILI9341_Button_Enable                 0x08002bbd   Thumb Code    16  tm_stm32f4_ili9341_button.o(.text)
    TM_ILI9341_Button_Disable                0x08002bcd   Thumb Code    16  tm_stm32f4_ili9341_button.o(.text)
    TM_ILI9341_Button_Delete                 0x08002bdd   Thumb Code    16  tm_stm32f4_ili9341_button.o(.text)
    TM_ILI9341_Button_DeleteAll              0x08002bed   Thumb Code    20  tm_stm32f4_ili9341_button.o(.text)
    TM_SPI6_INT_InitPins                     0x08002c05   Thumb Code    40  tm_stm32f4_spi.o(.text)
    TM_SPI5_INT_InitPins                     0x08002c2d   Thumb Code    74  tm_stm32f4_spi.o(.text)
    TM_SPI4_INT_InitPins                     0x08002c77   Thumb Code    58  tm_stm32f4_spi.o(.text)
    TM_SPI3_INT_InitPins                     0x08002cb1   Thumb Code    58  tm_stm32f4_spi.o(.text)
    TM_SPI2_INT_InitPins                     0x08002ceb   Thumb Code    88  tm_stm32f4_spi.o(.text)
    TM_SPI1_INT_InitPins                     0x08002d43   Thumb Code    56  tm_stm32f4_spi.o(.text)
    TM_SPI_Init                              0x08002e9d   Thumb Code   136  tm_stm32f4_spi.o(.text)
    TM_SPI_InitWithMode                      0x08002f25   Thumb Code   134  tm_stm32f4_spi.o(.text)
    TM_SPI_InitFull                          0x08002fab   Thumb Code   202  tm_stm32f4_spi.o(.text)
    TM_SPI_GetPrescalerFromMaxFrequency      0x08003075   Thumb Code    78  tm_stm32f4_spi.o(.text)
    TM_SPI_Send                              0x080030c3   Thumb Code    32  tm_stm32f4_spi.o(.text)
    TM_SPI_SendMulti                         0x080030e3   Thumb Code    48  tm_stm32f4_spi.o(.text)
    TM_SPI_WriteMulti                        0x08003113   Thumb Code    46  tm_stm32f4_spi.o(.text)
    TM_SPI_ReadMulti                         0x08003141   Thumb Code    46  tm_stm32f4_spi.o(.text)
    TM_SPI_Send16                            0x0800316f   Thumb Code    30  tm_stm32f4_spi.o(.text)
    TM_SPI_SendMulti16                       0x0800318d   Thumb Code    52  tm_stm32f4_spi.o(.text)
    TM_SPI_WriteMulti16                      0x080031c1   Thumb Code    48  tm_stm32f4_spi.o(.text)
    TM_SPI_ReadMulti16                       0x080031f1   Thumb Code    48  tm_stm32f4_spi.o(.text)
    TM_STMPE811_Read                         0x08003231   Thumb Code    10  tm_stm32f4_stmpe811.o(.text)
    TM_STMPE811_Init                         0x0800323b   Thumb Code   320  tm_stm32f4_stmpe811.o(.text)
    TM_STMPE811_ReadY                        0x0800337b   Thumb Code    80  tm_stm32f4_stmpe811.o(.text)
    TM_STMPE811_ReadX                        0x080033cb   Thumb Code    94  tm_stm32f4_stmpe811.o(.text)
    TM_STMPE811_ReadTouch                    0x08003429   Thumb Code   238  tm_stm32f4_stmpe811.o(.text)
    fputc                                    0x08003539   Thumb Code    14  main.o(.text)
    main                                     0x08003547   Thumb Code   432  main.o(.text)
    NMI_Handler                              0x080037b1   Thumb Code     2  stm32f4xx_it.o(.text)
    HardFault_Handler                        0x080037b3   Thumb Code     2  stm32f4xx_it.o(.text)
    MemManage_Handler                        0x080037b5   Thumb Code     2  stm32f4xx_it.o(.text)
    BusFault_Handler                         0x080037b7   Thumb Code     2  stm32f4xx_it.o(.text)
    UsageFault_Handler                       0x080037b9   Thumb Code     2  stm32f4xx_it.o(.text)
    SVC_Handler                              0x080037bb   Thumb Code     2  stm32f4xx_it.o(.text)
    DebugMon_Handler                         0x080037bd   Thumb Code     2  stm32f4xx_it.o(.text)
    PendSV_Handler                           0x080037bf   Thumb Code     2  stm32f4xx_it.o(.text)
    SysTick_Handler                          0x080037c3   Thumb Code     8  stm32f4xx_it.o(.text)
    SystemInit                               0x0800388b   Thumb Code    74  system_stm32f4xx.o(.text)
    SystemCoreClockUpdate                    0x080038d5   Thumb Code   108  system_stm32f4xx.o(.text)
    USB_OTG_BSP_Init                         0x08003965   Thumb Code   170  usb_bsp.o(.text)
    USB_OTG_BSP_EnableInterrupt              0x08003a0f   Thumb Code   104  usb_bsp.o(.text)
    USB_OTG_BSP_uDelay                       0x08003a77   Thumb Code    22  usb_bsp.o(.text)
    USB_OTG_BSP_mDelay                       0x08003a8d   Thumb Code     8  usb_bsp.o(.text)
    OTG_HS_WKUP_IRQHandler                   0x08003a95   Thumb Code     8  usb_bsp.o(.text)
    OTG_HS_IRQHandler                        0x08003a9d   Thumb Code     6  usb_bsp.o(.text)
    OTG_HS_EP1_IN_IRQHandler                 0x08003aa3   Thumb Code     6  usb_bsp.o(.text)
    OTG_HS_EP1_OUT_IRQHandler                0x08003aa9   Thumb Code     6  usb_bsp.o(.text)
    USB_OTG_WritePacket                      0x08003b0d   Thumb Code    40  usb_core.o(.text)
    USB_OTG_ReadPacket                       0x08003b35   Thumb Code    32  usb_core.o(.text)
    USB_OTG_SelectCore                       0x08003b55   Thumb Code   192  usb_core.o(.text)
    USB_OTG_CoreInit                         0x08003c15   Thumb Code   128  usb_core.o(.text)
    USB_OTG_EnableGlobalInt                  0x08003c95   Thumb Code    16  usb_core.o(.text)
    USB_OTG_DisableGlobalInt                 0x08003ca5   Thumb Code    16  usb_core.o(.text)
    USB_OTG_FlushTxFifo                      0x08003cb5   Thumb Code    62  usb_core.o(.text)
    USB_OTG_FlushRxFifo                      0x08003cf3   Thumb Code    54  usb_core.o(.text)
    USB_OTG_SetCurrentMode                   0x08003d29   Thumb Code    42  usb_core.o(.text)
    USB_OTG_GetMode                          0x08003d53   Thumb Code    10  usb_core.o(.text)
    USB_OTG_IsDeviceMode                     0x08003d5d   Thumb Code    18  usb_core.o(.text)
    USB_OTG_IsHostMode                       0x08003d6f   Thumb Code    14  usb_core.o(.text)
    USB_OTG_ReadCoreItr                      0x08003d7d   Thumb Code    10  usb_core.o(.text)
    USB_OTG_ReadOtgItr                       0x08003d87   Thumb Code     6  usb_core.o(.text)
    USB_OTG_InitDevSpeed                     0x08003d8d   Thumb Code    12  usb_core.o(.text)
    USB_OTG_EnableDevInt                     0x08003d99   Thumb Code    66  usb_core.o(.text)
    USB_OTG_CoreInitDev                      0x08003ddb   Thumb Code   364  usb_core.o(.text)
    USB_OTG_GetDeviceSpeed                   0x08003f47   Thumb Code    38  usb_core.o(.text)
    USB_OTG_EP0Activate                      0x08003f6d   Thumb Code    58  usb_core.o(.text)
    USB_OTG_EPActivate                       0x08003fa7   Thumb Code   104  usb_core.o(.text)
    USB_OTG_EPDeactivate                     0x0800400f   Thumb Code    78  usb_core.o(.text)
    USB_OTG_EPStartXfer                      0x0800405d   Thumb Code   298  usb_core.o(.text)
    USB_OTG_EP0StartXfer                     0x08004187   Thumb Code   184  usb_core.o(.text)
    USB_OTG_EPSetStall                       0x0800423f   Thumb Code    48  usb_core.o(.text)
    USB_OTG_EPClearStall                     0x0800426f   Thumb Code    50  usb_core.o(.text)
    USB_OTG_ReadDevAllOutEp_itr              0x080042a1   Thumb Code    12  usb_core.o(.text)
    USB_OTG_ReadDevOutEP_itr                 0x080042ad   Thumb Code    16  usb_core.o(.text)
    USB_OTG_ReadDevAllInEPItr                0x080042bd   Thumb Code    12  usb_core.o(.text)
    USB_OTG_EP0_OutStart                     0x080042c9   Thumb Code    32  usb_core.o(.text)
    USB_OTG_ActiveRemoteWakeup               0x080042e9   Thumb Code    66  usb_core.o(.text)
    USB_OTG_UngateClock                      0x0800432b   Thumb Code    30  usb_core.o(.text)
    USB_OTG_StopDevice                       0x08004349   Thumb Code    72  usb_core.o(.text)
    USB_OTG_GetEPStatus                      0x08004391   Thumb Code    66  usb_core.o(.text)
    USB_OTG_SetEPStatus                      0x080043d3   Thumb Code   106  usb_core.o(.text)
    DCD_Init                                 0x08004441   Thumb Code   146  usb_dcd.o(.text)
    DCD_EP_Open                              0x080044d3   Thumb Code    60  usb_dcd.o(.text)
    DCD_EP_Close                             0x0800450f   Thumb Code    44  usb_dcd.o(.text)
    DCD_EP_PrepareRx                         0x0800453b   Thumb Code    68  usb_dcd.o(.text)
    DCD_EP_Tx                                0x0800457f   Thumb Code    62  usb_dcd.o(.text)
    DCD_EP_Stall                             0x080045bd   Thumb Code    56  usb_dcd.o(.text)
    DCD_EP_ClrStall                          0x080045f5   Thumb Code    56  usb_dcd.o(.text)
    DCD_EP_Flush                             0x0800462d   Thumb Code    24  usb_dcd.o(.text)
    DCD_EP_SetAddress                        0x08004645   Thumb Code    16  usb_dcd.o(.text)
    DCD_DevConnect                           0x08004655   Thumb Code    16  usb_dcd.o(.text)
    DCD_DevDisconnect                        0x08004665   Thumb Code    16  usb_dcd.o(.text)
    DCD_GetEPStatus                          0x08004675   Thumb Code    38  usb_dcd.o(.text)
    DCD_SetEPStatus                          0x0800469b   Thumb Code    38  usb_dcd.o(.text)
    USBD_OTG_EP1OUT_ISR_Handler              0x080046c1   Thumb Code    74  usb_dcd_int.o(.text)
    USBD_OTG_EP1IN_ISR_Handler               0x0800477d   Thumb Code   116  usb_dcd_int.o(.text)
    USBD_OTG_ISR_Handler                     0x080048b7   Thumb Code   324  usb_dcd_int.o(.text)
    VCP_DataTx                               0x08004ebb   Thumb Code    42  usbd_cdc_vcp.o(.text)
    VCP_DataRx                               0x08004ee5   Thumb Code    26  usbd_cdc_vcp.o(.text)
    USBD_DeInit                              0x08004f0d   Thumb Code     4  usbd_core.o(.text)
    USBD_Init                                0x08004f11   Thumb Code    52  usbd_core.o(.text)
    USBD_SetCfg                              0x0800511d   Thumb Code    26  usbd_core.o(.text)
    USBD_ClrCfg                              0x08005137   Thumb Code    14  usbd_core.o(.text)
    USBD_USR_DeviceDescriptor                0x08005165   Thumb Code     8  usbd_desc.o(.text)
    USBD_USR_LangIDStrDescriptor             0x0800516d   Thumb Code    10  usbd_desc.o(.text)
    USBD_USR_ProductStrDescriptor            0x08005177   Thumb Code    16  usbd_desc.o(.text)
    USBD_USR_ManufacturerStrDescriptor       0x08005187   Thumb Code    16  usbd_desc.o(.text)
    USBD_USR_SerialStrDescriptor             0x08005197   Thumb Code    16  usbd_desc.o(.text)
    USBD_USR_ConfigStrDescriptor             0x080051a7   Thumb Code    16  usbd_desc.o(.text)
    USBD_USR_InterfaceStrDescriptor          0x080051b7   Thumb Code    16  usbd_desc.o(.text)
    USBD_CtlSendData                         0x08005235   Thumb Code    32  usbd_ioreq.o(.text)
    USBD_CtlContinueSendData                 0x08005255   Thumb Code    18  usbd_ioreq.o(.text)
    USBD_CtlPrepareRx                        0x08005267   Thumb Code    32  usbd_ioreq.o(.text)
    USBD_CtlContinueRx                       0x08005287   Thumb Code    18  usbd_ioreq.o(.text)
    USBD_CtlSendStatus                       0x08005299   Thumb Code    34  usbd_ioreq.o(.text)
    USBD_CtlReceiveStatus                    0x080052bb   Thumb Code    34  usbd_ioreq.o(.text)
    USBD_GetRxCount                          0x080052dd   Thumb Code    16  usbd_ioreq.o(.text)
    USBD_CtlError                            0x080052ed   Thumb Code    28  usbd_req.o(.text)
    USBD_StdDevReq                           0x08005497   Thumb Code   236  usbd_req.o(.text)
    USBD_StdItfReq                           0x08005583   Thumb Code    54  usbd_req.o(.text)
    USBD_StdEPReq                            0x080055b9   Thumb Code   208  usbd_req.o(.text)
    USBD_ParseSetupRequest                   0x08005689   Thumb Code    68  usbd_req.o(.text)
    USBD_GetString                           0x080056cd   Thumb Code    78  usbd_req.o(.text)
    USBD_USR_Init                            0x08005795   Thumb Code     8  usbd_usr.o(.text)
    USBD_USR_DeviceReset                     0x0800579d   Thumb Code     8  usbd_usr.o(.text)
    USBD_USR_DeviceConfigured                0x080057a5   Thumb Code     8  usbd_usr.o(.text)
    USBD_USR_DeviceSuspended                 0x080057ad   Thumb Code     8  usbd_usr.o(.text)
    USBD_USR_DeviceResumed                   0x080057b5   Thumb Code     8  usbd_usr.o(.text)
    USBD_USR_DeviceConnected                 0x080057bd   Thumb Code     8  usbd_usr.o(.text)
    USBD_USR_DeviceDisconnected              0x080057c5   Thumb Code     8  usbd_usr.o(.text)
    USBD_User_GetStatus                      0x080057cd   Thumb Code     6  usbd_usr.o(.text)
    __aeabi_uidiv                            0x080057d9   Thumb Code     0  uidiv.o(.text)
    __aeabi_uidivmod                         0x080057d9   Thumb Code    44  uidiv.o(.text)
    __scatterload                            0x08005805   Thumb Code    28  init.o(.text)
    __scatterload_rt2                        0x08005805   Thumb Code     0  init.o(.text)
    __decompress                             0x08005829   Thumb Code     0  __dclz77c.o(.text)
    __decompress2                            0x08005829   Thumb Code    94  __dclz77c.o(.text)
    __0printf$6                              0x08005889   Thumb Code    22  printf6.o(i.__0printf$6)
    __1printf$6                              0x08005889   Thumb Code     0  printf6.o(i.__0printf$6)
    __2printf                                0x08005889   Thumb Code     0  printf6.o(i.__0printf$6)
    __0sprintf$6                             0x080058a9   Thumb Code    34  printf6.o(i.__0sprintf$6)
    __1sprintf$6                             0x080058a9   Thumb Code     0  printf6.o(i.__0sprintf$6)
    __2sprintf                               0x080058a9   Thumb Code     0  printf6.o(i.__0sprintf$6)
    __scatterload_copy                       0x080058d1   Thumb Code    14  handlers.o(i.__scatterload_copy)
    __scatterload_null                       0x080058df   Thumb Code     2  handlers.o(i.__scatterload_null)
    __scatterload_zeroinit                   0x080058e1   Thumb Code    14  handlers.o(i.__scatterload_zeroinit)
    TM_Font7x10                              0x08005c3c   Data        1900  tm_stm32f4_fonts.o(.constdata)
    TM_Font11x18                             0x080063a8   Data        3420  tm_stm32f4_fonts.o(.constdata)
    Region$$Table$$Base                      0x08007104   Number         0  anon$$obj.o(Region$$Table)
    Region$$Table$$Limit                     0x08007124   Number         0  anon$$obj.o(Region$$Table)
    TM_DELAY_Initialized                     0x20000010   Data           1  tm_stm32f4_delay.o(.data)
    TM_Time                                  0x20000014   Data           4  tm_stm32f4_delay.o(.data)
    TM_Time2                                 0x20000018   Data           4  tm_stm32f4_delay.o(.data)
    mult                                     0x2000001c   Data           4  tm_stm32f4_delay.o(.data)
    TM_USB_VCP_INT_Init                      0x20000024   Data           1  tm_stm32f4_usb_vcp.o(.data)
    tm_int_usb_vcp_buf_in                    0x20000028   Data           4  tm_stm32f4_usb_vcp.o(.data)
    tm_int_usb_vcp_buf_out                   0x2000002c   Data           4  tm_stm32f4_usb_vcp.o(.data)
    tm_int_usb_vcp_buf_num                   0x20000030   Data           4  tm_stm32f4_usb_vcp.o(.data)
    TM_Font_7x10                             0x20000034   Data           8  tm_stm32f4_fonts.o(.data)
    TM_Font_11x18                            0x2000003c   Data           8  tm_stm32f4_fonts.o(.data)
    ILI9341_x                                0x20000054   Data           2  tm_stm32f4_ili9341.o(.data)
    ILI9341_y                                0x20000056   Data           2  tm_stm32f4_ili9341.o(.data)
    ILI9341_Opts                             0x20000058   Data           6  tm_stm32f4_ili9341.o(.data)
    buttonBackground                         0x2000005e   Data       145088  main.o(.data)
    __stdout                                 0x20023720   Data           4  main.o(.data)
    SystemCoreClock                          0x20023724   Data           4  system_stm32f4xx.o(.data)
    AHBPrescTable                            0x20023728   Data          16  system_stm32f4xx.o(.data)
    USB_Tx_State                             0x20023738   Data           1  usbd_cdc_core.o(.data)
    APP_Rx_ptr_in                            0x20023740   Data           4  usbd_cdc_core.o(.data)
    APP_Rx_ptr_out                           0x20023744   Data           4  usbd_cdc_core.o(.data)
    APP_Rx_length                            0x20023748   Data           4  usbd_cdc_core.o(.data)
    CmdBuff                                  0x20023758   Data           8  usbd_cdc_core.o(.data)
    usbd_cdc_CfgDesc                         0x20023760   Data          67  usbd_cdc_core.o(.data)
    usbd_cdc_OtherCfgDesc                    0x200237a3   Data          67  usbd_cdc_core.o(.data)
    USBD_CDC_cb                              0x200237e8   Data          48  usbd_cdc_core.o(.data)
    linecoding                               0x20023818   Data           8  usbd_cdc_vcp.o(.data)
    VCP_fops                                 0x20023820   Data          20  usbd_cdc_vcp.o(.data)
    USBD_DCD_INT_cb                          0x20023834   Data          44  usbd_core.o(.data)
    USBD_DCD_INT_fops                        0x20023860   Data           4  usbd_core.o(.data)
    SET_TEST_MODE                            0x20023864   Data           4  usbd_core.o(.data)
    USR_desc                                 0x20023868   Data          28  usbd_desc.o(.data)
    USBD_LangIDDesc                          0x20023884   Data           4  usbd_desc.o(.data)
    USBD_DeviceDesc                          0x20023888   Data          18  usbd_desc.o(.data)
    USBD_DeviceQualifierDesc                 0x2002389a   Data          10  usbd_desc.o(.data)
    USBD_ep_status                           0x200238a8   Data           4  usbd_req.o(.data)
    USBD_default_cfg                         0x200238ac   Data           4  usbd_req.o(.data)
    USBD_cfg_status                          0x200238b0   Data           4  usbd_req.o(.data)
    TM_USB_VCP_INT_Status                    0x200238b4   Data           1  usbd_usr.o(.data)
    USR_cb                                   0x200238b8   Data          28  usbd_usr.o(.data)
    TM_INT_USB_VCP_ReceiveBuffer             0x200238d4   Data         128  tm_stm32f4_usb_vcp.o(.bss)
    USB_OTG_dev                              0x20023954   Data        1524  tm_stm32f4_usb_vcp.o(.bss)
    TM_ILI9341_Buttons                       0x20023f48   Data         320  tm_stm32f4_ili9341_button.o(.bss)
    USB_Rx_Buffer                            0x20024088   Data          64  usbd_cdc_core.o(.bss)
    APP_Rx_Buffer                            0x200240c8   Data        2048  usbd_cdc_core.o(.bss)
    USBD_StrDesc                             0x200248c8   Data         255  usbd_req.o(.bss)
    __initial_sp                             0x20024dc8   Data           0  startup_stm32f429_439xx.o(STACK)



==============================================================================

Memory Map of the image

  Image Entry point : 0x080001ad

  Load Region LR_IROM1 (Base: 0x08000000, Size: 0x0002a9f8, Max: 0x00200000, ABSOLUTE, COMPRESSED[0x000084e4])

    Execution Region ER_IROM1 (Base: 0x08000000, Size: 0x00007124, Max: 0x00200000, ABSOLUTE)

    Base Addr    Size         Type   Attr      Idx    E Section Name        Object

    0x08000000   0x000001ac   Data   RO            3    RESET               startup_stm32f429_439xx.o
    0x080001ac   0x00000000   Code   RO         1202  * .ARM.Collect$$$$00000000  mc_w.l(entry.o)
    0x080001ac   0x00000004   Code   RO         1513    .ARM.Collect$$$$00000001  mc_w.l(entry2.o)
    0x080001b0   0x00000004   Code   RO         1516    .ARM.Collect$$$$00000004  mc_w.l(entry5.o)
    0x080001b4   0x00000000   Code   RO         1518    .ARM.Collect$$$$00000008  mc_w.l(entry7b.o)
    0x080001b4   0x00000000   Code   RO         1520    .ARM.Collect$$$$0000000A  mc_w.l(entry8b.o)
    0x080001b4   0x00000008   Code   RO         1521    .ARM.Collect$$$$0000000B  mc_w.l(entry9a.o)
    0x080001bc   0x00000000   Code   RO         1523    .ARM.Collect$$$$0000000D  mc_w.l(entry10a.o)
    0x080001bc   0x00000000   Code   RO         1525    .ARM.Collect$$$$0000000F  mc_w.l(entry11a.o)
    0x080001bc   0x00000004   Code   RO         1514    .ARM.Collect$$$$00002712  mc_w.l(entry2.o)
    0x080001c0   0x00000024   Code   RO            4    .text               startup_stm32f429_439xx.o
    0x080001e4   0x000000b0   Code   RO           13    .text               misc.o
    0x08000294   0x00000484   Code   RO          151    .text               stm32f4xx_rcc.o
    0x08000718   0x0000020c   Code   RO          177    .text               stm32f4xx_gpio.o
    0x08000924   0x000000e0   Code   RO          201    .text               stm32f4xx_exti.o
    0x08000a04   0x00000354   Code   RO          225    .text               stm32f4xx_adc.o
    0x08000d58   0x00000360   Code   RO          249    .text               stm32f4xx_i2c.o
    0x080010b8   0x0000032c   Code   RO          273    .text               stm32f4xx_spi.o
    0x080013e4   0x00000094   Code   RO          297    .text               tm_stm32f4_delay.o
    0x08001478   0x00000084   Code   RO          338    .text               tm_stm32f4_disco.o
    0x080014fc   0x00000194   Code   RO          370    .text               tm_stm32f4_usb_vcp.o
    0x08001690   0x000003a0   Code   RO          448    .text               tm_stm32f4_gpio.o
    0x08001a30   0x000002ec   Code   RO          472    .text               tm_stm32f4_adc.o
    0x08001d1c   0x00000484   Code   RO          567    .text               tm_stm32f4_i2c.o
    0x080021a0   0x00000888   Code   RO          594    .text               tm_stm32f4_ili9341.o
    0x08002a28   0x000001dc   Code   RO          633    .text               tm_stm32f4_ili9341_button.o
    0x08002c04   0x0000062c   Code   RO          671    .text               tm_stm32f4_spi.o
    0x08003230   0x00000308   Code   RO          696    .text               tm_stm32f4_stmpe811.o
    0x08003538   0x00000278   Code   RO          725    .text               main.o
    0x080037b0   0x0000001a   Code   RO          765    .text               stm32f4xx_it.o
    0x080037ca   0x00000002   PAD
    0x080037cc   0x00000198   Code   RO          792    .text               system_stm32f4xx.o
    0x08003964   0x00000154   Code   RO          822    .text               usb_bsp.o
    0x08003ab8   0x00000988   Code   RO          882    .text               usb_core.o
    0x08004440   0x00000280   Code   RO          907    .text               usb_dcd.o
    0x080046c0   0x00000558   Code   RO          931    .text               usb_dcd_int.o
    0x08004c18   0x00000248   Code   RO          959    .text               usbd_cdc_core.o
    0x08004e60   0x000000ac   Code   RO          994    .text               usbd_cdc_vcp.o
    0x08004f0c   0x00000258   Code   RO         1036    .text               usbd_core.o
    0x08005164   0x000000d0   Code   RO         1069    .text               usbd_desc.o
    0x08005234   0x000000b8   Code   RO         1102    .text               usbd_ioreq.o
    0x080052ec   0x000004a8   Code   RO         1126    .text               usbd_req.o
    0x08005794   0x00000044   Code   RO         1159    .text               usbd_usr.o
    0x080057d8   0x0000002c   Code   RO         1527    .text               mc_w.l(uidiv.o)
    0x08005804   0x00000024   Code   RO         1557    .text               mc_w.l(init.o)
    0x08005828   0x0000005e   Code   RO         1575    .text               mc_w.l(__dclz77c.o)
    0x08005886   0x00000002   PAD
    0x08005888   0x00000020   Code   RO         1360    i.__0printf$6       mc_w.l(printf6.o)
    0x080058a8   0x00000028   Code   RO         1362    i.__0sprintf$6      mc_w.l(printf6.o)
    0x080058d0   0x0000000e   Code   RO         1569    i.__scatterload_copy  mc_w.l(handlers.o)
    0x080058de   0x00000002   Code   RO         1570    i.__scatterload_null  mc_w.l(handlers.o)
    0x080058e0   0x0000000e   Code   RO         1571    i.__scatterload_zeroinit  mc_w.l(handlers.o)
    0x080058ee   0x00000002   PAD
    0x080058f0   0x000002f0   Code   RO         1367    i._printf_core      mc_w.l(printf6.o)
    0x08005be0   0x00000024   Code   RO         1368    i._printf_post_padding  mc_w.l(printf6.o)
    0x08005c04   0x0000002e   Code   RO         1369    i._printf_pre_padding  mc_w.l(printf6.o)
    0x08005c32   0x0000000a   Code   RO         1371    i._sputc            mc_w.l(printf6.o)
    0x08005c3c   0x0000076c   Data   RO          538    .constdata          tm_stm32f4_fonts.o
    0x080063a8   0x00000d5c   Data   RO          539    .constdata          tm_stm32f4_fonts.o
    0x08007104   0x00000020   Data   RO         1567    Region$$Table       anon$$obj.o


    Execution Region RW_IRAM1 (Base: 0x20000000, Size: 0x00024dc8, Max: 0x00030000, ABSOLUTE, COMPRESSED[0x000013c0])

    Base Addr    Size         Type   Attr      Idx    E Section Name        Object

    0x20000000   0x00000010   Data   RW          152    .data               stm32f4xx_rcc.o
    0x20000010   0x00000010   Data   RW          299    .data               tm_stm32f4_delay.o
    0x20000020   0x00000001   Data   RW          339    .data               tm_stm32f4_disco.o
    0x20000021   0x00000003   PAD
    0x20000024   0x00000010   Data   RW          372    .data               tm_stm32f4_usb_vcp.o
    0x20000034   0x00000008   Data   RW          541    .data               tm_stm32f4_fonts.o
    0x2000003c   0x00000008   Data   RW          542    .data               tm_stm32f4_fonts.o
    0x20000044   0x00000010   Data   RW          568    .data               tm_stm32f4_i2c.o
    0x20000054   0x0000000a   Data   RW          596    .data               tm_stm32f4_ili9341.o
    0x2000005e   0x000236c0   Data   RW          726    .data               main.o
    0x2002371e   0x00000002   PAD
    0x20023720   0x00000004   Data   RW          727    .data               main.o
    0x20023724   0x00000014   Data   RW          793    .data               system_stm32f4xx.o
    0x20023738   0x000000ae   Data   RW          961    .data               usbd_cdc_core.o
    0x200237e6   0x00000002   PAD
    0x200237e8   0x00000030   Data   RW          962    .data               usbd_cdc_core.o
    0x20023818   0x00000008   Data   RW          995    .data               usbd_cdc_vcp.o
    0x20023820   0x00000014   Data   RW          996    .data               usbd_cdc_vcp.o
    0x20023834   0x0000002c   Data   RW         1037    .data               usbd_core.o
    0x20023860   0x00000004   Data   RW         1038    .data               usbd_core.o
    0x20023864   0x00000004   Data   RW         1039    .data               usbd_core.o
    0x20023868   0x0000001c   Data   RW         1070    .data               usbd_desc.o
    0x20023884   0x00000016   Data   RW         1071    .data               usbd_desc.o
    0x2002389a   0x0000000a   Data   RW         1072    .data               usbd_desc.o
    0x200238a4   0x00000010   Data   RW         1128    .data               usbd_req.o
    0x200238b4   0x00000001   Data   RW         1160    .data               usbd_usr.o
    0x200238b5   0x00000003   PAD
    0x200238b8   0x0000001c   Data   RW         1161    .data               usbd_usr.o
    0x200238d4   0x00000674   Zero   RW          371    .bss                tm_stm32f4_usb_vcp.o
    0x20023f48   0x00000140   Zero   RW          634    .bss                tm_stm32f4_ili9341_button.o
    0x20024088   0x00000840   Zero   RW          960    .bss                usbd_cdc_core.o
    0x200248c8   0x000000ff   Zero   RW         1127    .bss                usbd_req.o
    0x200249c7   0x00000001   PAD
    0x200249c8   0x00000400   Zero   RW            1    STACK               startup_stm32f429_439xx.o


==============================================================================

Image component sizes


      Code (inc. data)   RO Data    RW Data    ZI Data      Debug   Object Name

       632        186          0     145092          0       4445   main.o
       176         12          0          0          0     303693   misc.o
        36          8        428          0       1024       1016   startup_stm32f429_439xx.o
       852         20          0          0          0       9362   stm32f4xx_adc.o
       224         10          0          0          0       2439   stm32f4xx_exti.o
       524         44          0          0          0       4021   stm32f4xx_gpio.o
       864         20          0          0          0       7739   stm32f4xx_i2c.o
        26          0          0          0          0       1440   stm32f4xx_it.o
      1156         48          0         16          0      11880   stm32f4xx_rcc.o
       812         36          0          0          0       6281   stm32f4xx_spi.o
       408         36          0         20          0       1895   system_stm32f4xx.o
       748         34          0          0          0       6165   tm_stm32f4_adc.o
         0          0          0          0          0       1388   tm_stm32f4_bmp180.o
       148         18          0         16          0      28542   tm_stm32f4_delay.o
       132         14          0          1          0       3834   tm_stm32f4_disco.o
         0          0       5320         16          0       1297   tm_stm32f4_fonts.o
       928         50          0          0          0       4118   tm_stm32f4_gpio.o
      1156         44          0         16          0       5729   tm_stm32f4_i2c.o
      2184         32          0         10          0      12082   tm_stm32f4_ili9341.o
       476          4          0          0        320       5576   tm_stm32f4_ili9341_button.o
      1580         78          0          0          0       5690   tm_stm32f4_spi.o
       776         14          0          0          0       4732   tm_stm32f4_stmpe811.o
       404         30          0         16       1652      25521   tm_stm32f4_usb_vcp.o
       340         10          0          0          0      19199   usb_bsp.o
      2440         16          0          0          0      11258   usb_core.o
       640          0          0          0          0       3600   usb_dcd.o
      1368         22          0          0          0       4990   usb_dcd_int.o
       584         18          0        222       2112       5072   usbd_cdc_core.o
       172         14          0         28          0       4206   usbd_cdc_vcp.o
       600          4          0         52          0       4864   usbd_core.o
       208        110          0         60          0       3248   usbd_desc.o
       184          0          0          0          0       2290   usbd_ioreq.o
      1192         42          0         16        255       4505   usbd_req.o
        68          6          0         29          0       1767   usbd_usr.o

    ----------------------------------------------------------------------
     22040        980       5780     145620       5364     523884   Object Totals
         0          0         32          0          0          0   (incl. Generated)
         2          0          0         10          1          0   (incl. Padding)

    ----------------------------------------------------------------------

      Code (inc. data)   RO Data    RW Data    ZI Data      Debug   Library Member Name

        94          0          0          0          0          0   __dclz77c.o
         0          0          0          0          0          0   entry.o
         0          0          0          0          0          0   entry10a.o
         0          0          0          0          0          0   entry11a.o
         8          4          0          0          0          0   entry2.o
         4          0          0          0          0          0   entry5.o
         0          0          0          0          0          0   entry7b.o
         0          0          0          0          0          0   entry8b.o
         8          4          0          0          0          0   entry9a.o
        30          0          0          0          0          0   handlers.o
        36          8          0          0          0         68   init.o
       916         20          0          0          0        504   printf6.o
        44          0          0          0          0         80   uidiv.o

    ----------------------------------------------------------------------
      1144         36          0          0          0        652   Library Totals
         4          0          0          0          0          0   (incl. Padding)

    ----------------------------------------------------------------------

      Code (inc. data)   RO Data    RW Data    ZI Data      Debug   Library Name

      1140         36          0          0          0        652   mc_w.l

    ----------------------------------------------------------------------
      1144         36          0          0          0        652   Library Totals

    ----------------------------------------------------------------------

==============================================================================


      Code (inc. data)   RO Data    RW Data    ZI Data      Debug   

     23184       1016       5780     145620       5364     516360   Grand Totals
     23184       1016       5780       5056       5364     516360   ELF Image Totals (compressed)
     23184       1016       5780       5056          0          0   ROM Totals

==============================================================================

    Total RO  Size (Code + RO Data)                28964 (  28.29kB)
    Total RW  Size (RW Data + ZI Data)            150984 ( 147.45kB)
    Total ROM Size (Code + RO Data + RW Data)      34020 (  33.22kB)

==============================================================================

