Component: ARM Compiler 5.05 update 1 (build 106) Tool: armlink [4d0efa]

==============================================================================

Section Cross References

    startup_stm32f401xx.o(RESET) refers to startup_stm32f401xx.o(STACK) for __initial_sp
    startup_stm32f401xx.o(RESET) refers to startup_stm32f401xx.o(.text) for Reset_Handler
    startup_stm32f401xx.o(RESET) refers to stm32f4xx_it.o(.text) for NMI_Handler
    startup_stm32f401xx.o(RESET) refers to usb_bsp.o(.text) for OTG_FS_WKUP_IRQHandler
    startup_stm32f401xx.o(.text) refers to system_stm32f4xx.o(.text) for SystemInit
    startup_stm32f401xx.o(.text) refers to entry.o(.ARM.Collect$$$$00000000) for __main
    stm32f4xx_rcc.o(.text) refers to stm32f4xx_rcc.o(.data) for .data
    stm32f4xx_gpio.o(.text) refers to stm32f4xx_rcc.o(.text) for RCC_AHB1PeriphResetCmd
    stm32f4xx_adc.o(.text) refers to stm32f4xx_rcc.o(.text) for RCC_APB2PeriphResetCmd
    tm_stm32f4_delay.o(.text) refers to tm_stm32f4_delay.o(.data) for .data
    tm_stm32f4_delay.o(.text) refers to system_stm32f4xx.o(.data) for SystemCoreClock
    tm_stm32f4_disco.o(.text) refers to tm_stm32f4_gpio.o(.text) for TM_GPIO_Init
    tm_stm32f4_disco.o(.text) refers to tm_stm32f4_disco.o(.data) for .data
    tm_stm32f4_usb_vcp.o(.text) refers to usbd_core.o(.text) for USBD_Init
    tm_stm32f4_usb_vcp.o(.text) refers to usbd_cdc_vcp.o(.text) for VCP_DataTx
    tm_stm32f4_usb_vcp.o(.text) refers to usbd_usr.o(.data) for USR_cb
    tm_stm32f4_usb_vcp.o(.text) refers to usbd_cdc_core.o(.data) for USBD_CDC_cb
    tm_stm32f4_usb_vcp.o(.text) refers to usbd_desc.o(.data) for USR_desc
    tm_stm32f4_usb_vcp.o(.text) refers to tm_stm32f4_usb_vcp.o(.bss) for .bss
    tm_stm32f4_usb_vcp.o(.text) refers to tm_stm32f4_usb_vcp.o(.data) for .data
    tm_stm32f4_usb_vcp.o(.text) refers to usbd_usr.o(.data) for TM_USB_VCP_INT_Status
    tm_stm32f4_usb_vcp.o(.text) refers to usbd_cdc_vcp.o(.data) for linecoding
    tm_stm32f4_adc.o(.text) refers to stm32f4xx_adc.o(.text) for ADC_CommonInit
    tm_stm32f4_adc.o(.text) refers to tm_stm32f4_gpio.o(.text) for TM_GPIO_Init
    main.o(.text) refers to tm_stm32f4_usb_vcp.o(.text) for TM_USB_VCP_Putc
    main.o(.text) refers to system_stm32f4xx.o(.text) for SystemInit
    main.o(.text) refers to tm_stm32f4_disco.o(.text) for TM_DISCO_LedInit
    main.o(.text) refers to tm_stm32f4_adc.o(.text) for TM_ADC_Init
    main.o(.text) refers to printf6.o(i.__0printf$6) for __2printf
    stm32f4xx_it.o(.text) refers to tm_stm32f4_delay.o(.text) for TimingDelay_Decrement
    system_stm32f4xx.o(.text) refers to system_stm32f4xx.o(.data) for .data
    usb_bsp.o(.text) refers to stm32f4xx_rcc.o(.text) for RCC_AHB1PeriphClockCmd
    usb_bsp.o(.text) refers to stm32f4xx_gpio.o(.text) for GPIO_Init
    usb_bsp.o(.text) refers to misc.o(.text) for NVIC_PriorityGroupConfig
    usb_bsp.o(.text) refers to stm32f4xx_exti.o(.text) for EXTI_ClearITPendingBit
    usb_bsp.o(.text) refers to usb_dcd_int.o(.text) for USBD_OTG_ISR_Handler
    usb_bsp.o(.text) refers to tm_stm32f4_usb_vcp.o(.bss) for USB_OTG_dev
    usb_core.o(.text) refers to usb_bsp.o(.text) for USB_OTG_BSP_uDelay
    usb_dcd.o(.text) refers to usb_core.o(.text) for USB_OTG_SelectCore
    usb_dcd.o(.text) refers to usb_bsp.o(.text) for USB_OTG_BSP_mDelay
    usb_dcd_int.o(.text) refers to usb_core.o(.text) for USB_OTG_ReadDevAllInEPItr
    usb_dcd_int.o(.text) refers to usbd_core.o(.data) for USBD_DCD_INT_fops
    usbd_cdc_core.o(.text) refers to usb_dcd.o(.text) for DCD_EP_Open
    usbd_cdc_core.o(.text) refers to usbd_req.o(.text) for USBD_CtlError
    usbd_cdc_core.o(.text) refers to usbd_ioreq.o(.text) for USBD_CtlPrepareRx
    usbd_cdc_core.o(.text) refers to usbd_desc.o(.data) for USBD_DeviceDesc
    usbd_cdc_core.o(.text) refers to usbd_cdc_vcp.o(.data) for VCP_fops
    usbd_cdc_core.o(.text) refers to usbd_cdc_core.o(.bss) for .bss
    usbd_cdc_core.o(.text) refers to usbd_cdc_core.o(.data) for .data
    usbd_cdc_core.o(.data) refers to usbd_cdc_core.o(.text) for usbd_cdc_Init
    usbd_cdc_vcp.o(.text) refers to tm_stm32f4_usb_vcp.o(.text) for TM_INT_USB_VCP_AddReceived
    usbd_cdc_vcp.o(.text) refers to usbd_cdc_vcp.o(.data) for .data
    usbd_cdc_vcp.o(.text) refers to usbd_cdc_core.o(.data) for APP_Rx_ptr_in
    usbd_cdc_vcp.o(.text) refers to usbd_cdc_core.o(.bss) for APP_Rx_Buffer
    usbd_cdc_vcp.o(.data) refers to usbd_cdc_vcp.o(.text) for VCP_Init
    usbd_core.o(.text) refers to usb_bsp.o(.text) for USB_OTG_BSP_Init
    usbd_core.o(.text) refers to usb_dcd.o(.text) for DCD_Init
    usbd_core.o(.text) refers to usbd_req.o(.text) for USBD_ParseSetupRequest
    usbd_core.o(.text) refers to usbd_ioreq.o(.text) for USBD_CtlContinueRx
    usbd_core.o(.text) refers to usbd_core.o(.data) for .data
    usbd_core.o(.data) refers to usbd_core.o(.text) for USBD_DataOutStage
    usbd_core.o(.data) refers to usbd_core.o(.data) for USBD_DCD_INT_cb
[...]
    printf2.o(i.__0vsprintf$2) refers to printf2.o(i._sputc) for _sputc
    printf3.o(i.__0fprintf$3) refers to printf3.o(i._printf_core) for _printf_core
    printf3.o(i.__0fprintf$3) refers to main.o(.text) for fputc
    printf3.o(i.__0printf$3) refers to printf3.o(i._printf_core) for _printf_core
    printf3.o(i.__0printf$3) refers to main.o(.text) for fputc
    printf3.o(i.__0printf$3) refers to main.o(.data) for __stdout
    printf3.o(i.__0snprintf$3) refers to printf3.o(i._printf_core) for _printf_core
    printf3.o(i.__0snprintf$3) refers to printf3.o(i._snputc) for _snputc
    printf3.o(i.__0sprintf$3) refers to printf3.o(i._printf_core) for _printf_core
    printf3.o(i.__0sprintf$3) refers to printf3.o(i._sputc) for _sputc
    printf3.o(i.__0vfprintf$3) refers to printf3.o(i._printf_core) for _printf_core
    printf3.o(i.__0vfprintf$3) refers to main.o(.text) for fputc
    printf3.o(i.__0vprintf$3) refers to printf3.o(i._printf_core) for _printf_core
    printf3.o(i.__0vprintf$3) refers to main.o(.text) for fputc
    printf3.o(i.__0vprintf$3) refers to main.o(.data) for __stdout
    printf3.o(i.__0vsnprintf$3) refers to printf3.o(i._printf_core) for _printf_core
    printf3.o(i.__0vsnprintf$3) refers to printf3.o(i._snputc) for _snputc
    printf3.o(i.__0vsprintf$3) refers to printf3.o(i._printf_core) for _printf_core
    printf3.o(i.__0vsprintf$3) refers to printf3.o(i._sputc) for _sputc
    printf3.o(i._printf_core) refers to uidiv.o(.text) for __aeabi_uidivmod
    printf4.o(i.__0fprintf$4) refers to printf4.o(i._printf_core) for _printf_core
    printf4.o(i.__0fprintf$4) refers to main.o(.text) for fputc
    printf4.o(i.__0printf$4) refers to printf4.o(i._printf_core) for _printf_core
    printf4.o(i.__0printf$4) refers to main.o(.text) for fputc
    printf4.o(i.__0printf$4) refers to main.o(.data) for __stdout
    printf4.o(i.__0snprintf$4) refers to printf4.o(i._printf_core) for _printf_core
    printf4.o(i.__0snprintf$4) refers to printf4.o(i._snputc) for _snputc
    printf4.o(i.__0sprintf$4) refers to printf4.o(i._printf_core) for _printf_core
    printf4.o(i.__0sprintf$4) refers to printf4.o(i._sputc) for _sputc
    printf4.o(i.__0vfprintf$4) refers to printf4.o(i._printf_core) for _printf_core
    printf4.o(i.__0vfprintf$4) refers to main.o(.text) for fputc
    printf4.o(i.__0vprintf$4) refers to printf4.o(i._printf_core) for _printf_core
    printf4.o(i.__0vprintf$4) refers to main.o(.text) for fputc
    printf4.o(i.__0vprintf$4) refers to main.o(.data) for __stdout
    printf4.o(i.__0vsnprintf$4) refers to printf4.o(i._printf_core) for _printf_core
    printf4.o(i.__0vsnprintf$4) refers to printf4.o(i._snputc) for _snputc
    printf4.o(i.__0vsprintf$4) refers to printf4.o(i._printf_core) for _printf_core
    printf4.o(i.__0vsprintf$4) refers to printf4.o(i._sputc) for _sputc
    printf4.o(i._printf_core) refers to uldiv.o(.text) for __aeabi_uldivmod
    printf5.o(i.__0fprintf$5) refers to printf5.o(i._printf_core) for _printf_core
    printf5.o(i.__0fprintf$5) refers to main.o(.text) for fputc
    printf5.o(i.__0printf$5) refers to printf5.o(i._printf_core) for _printf_core
    printf5.o(i.__0printf$5) refers to main.o(.text) for fputc
    printf5.o(i.__0printf$5) refers to main.o(.data) for __stdout
    printf5.o(i.__0snprintf$5) refers to printf5.o(i._printf_core) for _printf_core
    printf5.o(i.__0snprintf$5) refers to printf5.o(i._snputc) for _snputc
    printf5.o(i.__0sprintf$5) refers to printf5.o(i._printf_core) for _printf_core
    printf5.o(i.__0sprintf$5) refers to printf5.o(i._sputc) for _sputc
    printf5.o(i.__0vfprintf$5) refers to printf5.o(i._printf_core) for _printf_core
    printf5.o(i.__0vfprintf$5) refers to main.o(.text) for fputc
    printf5.o(i.__0vprintf$5) refers to printf5.o(i._printf_core) for _printf_core
    printf5.o(i.__0vprintf$5) refers to main.o(.text) for fputc
    printf5.o(i.__0vprintf$5) refers to main.o(.data) for __stdout
    printf5.o(i.__0vsnprintf$5) refers to printf5.o(i._printf_core) for _printf_core
    printf5.o(i.__0vsnprintf$5) refers to printf5.o(i._snputc) for _snputc
    printf5.o(i.__0vsprintf$5) refers to printf5.o(i._printf_core) for _printf_core
    printf5.o(i.__0vsprintf$5) refers to printf5.o(i._sputc) for _sputc
    printf5.o(i._printf_core) refers to uldiv.o(.text) for __aeabi_uldivmod
    printf6.o(i.__0fprintf$6) refers to printf6.o(i._printf_core) for _printf_core
    printf6.o(i.__0fprintf$6) refers to main.o(.text) for fputc
    printf6.o(i.__0printf$6) refers to printf6.o(i._printf_core) for _printf_core
    printf6.o(i.__0printf$6) refers to main.o(.text) for fputc
    printf6.o(i.__0printf$6) refers to main.o(.data) for __stdout
    printf6.o(i.__0snprintf$6) refers to printf6.o(i._printf_core) for _printf_core
    printf6.o(i.__0snprintf$6) refers to printf6.o(i._snputc) for _snputc
    printf6.o(i.__0sprintf$6) refers to printf6.o(i._printf_core) for _printf_core
    printf6.o(i.__0sprintf$6) refers to printf6.o(i._sputc) for _sputc
    printf6.o(i.__0vfprintf$6) refers to printf6.o(i._printf_core) for _printf_core
    printf6.o(i.__0vfprintf$6) refers to main.o(.text) for fputc
    printf6.o(i.__0vprintf$6) refers to printf6.o(i._printf_core) for _printf_core
    printf6.o(i.__0vprintf$6) refers to main.o(.text) for fputc
    printf6.o(i.__0vprintf$6) refers to main.o(.data) for __stdout
    printf6.o(i.__0vsnprintf$6) refers to printf6.o(i._printf_core) for _printf_core
    printf6.o(i.__0vsnprintf$6) refers to printf6.o(i._snputc) for _snputc
    printf6.o(i.__0vsprintf$6) refers to printf6.o(i._printf_core) for _printf_core
    printf6.o(i.__0vsprintf$6) refers to printf6.o(i._sputc) for _sputc
    printf6.o(i._printf_core) refers to printf6.o(i._printf_pre_padding) for _printf_pre_padding
    printf6.o(i._printf_core) refers to uidiv.o(.text) for __aeabi_uidivmod
    printf6.o(i._printf_core) refers to printf6.o(i._printf_post_padding) for _printf_post_padding
    printf7.o(i.__0fprintf$7) refers to printf7.o(i._printf_core) for _printf_core
    printf7.o(i.__0fprintf$7) refers to main.o(.text) for fputc
    printf7.o(i.__0printf$7) refers to printf7.o(i._printf_core) for _printf_core
    printf7.o(i.__0printf$7) refers to main.o(.text) for fputc
    printf7.o(i.__0printf$7) refers to main.o(.data) for __stdout
    printf7.o(i.__0snprintf$7) refers to printf7.o(i._printf_core) for _printf_core
    printf7.o(i.__0snprintf$7) refers to printf7.o(i._snputc) for _snputc
    printf7.o(i.__0sprintf$7) refers to printf7.o(i._printf_core) for _printf_core
    printf7.o(i.__0sprintf$7) refers to printf7.o(i._sputc) for _sputc
    printf7.o(i.__0vfprintf$7) refers to printf7.o(i._printf_core) for _printf_core
    printf7.o(i.__0vfprintf$7) refers to main.o(.text) for fputc
    printf7.o(i.__0vprintf$7) refers to printf7.o(i._printf_core) for _printf_core
    printf7.o(i.__0vprintf$7) refers to main.o(.text) for fputc
    printf7.o(i.__0vprintf$7) refers to main.o(.data) for __stdout
    printf7.o(i.__0vsnprintf$7) refers to printf7.o(i._printf_core) for _printf_core
    printf7.o(i.__0vsnprintf$7) refers to printf7.o(i._snputc) for _snputc
    printf7.o(i.__0vsprintf$7) refers to printf7.o(i._printf_core) for _printf_core
    printf7.o(i.__0vsprintf$7) refers to printf7.o(i._sputc) for _sputc
    printf7.o(i._printf_core) refers to printf7.o(i._printf_pre_padding) for _printf_pre_padding
    printf7.o(i._printf_core) refers to uldiv.o(.text) for __aeabi_uldivmod
    printf7.o(i._printf_core) refers to printf7.o(i._printf_post_padding) for _printf_post_padding
    printf8.o(i.__0fprintf$8) refers to printf8.o(i._printf_core) for _printf_core
    printf8.o(i.__0fprintf$8) refers to main.o(.text) for fputc
    printf8.o(i.__0printf$8) refers to printf8.o(i._printf_core) for _printf_core
    printf8.o(i.__0printf$8) refers to main.o(.text) for fputc
    printf8.o(i.__0printf$8) refers to main.o(.data) for __stdout
    printf8.o(i.__0snprintf$8) refers to printf8.o(i._printf_core) for _printf_core
    printf8.o(i.__0snprintf$8) refers to printf8.o(i._snputc) for _snputc
    printf8.o(i.__0sprintf$8) refers to printf8.o(i._printf_core) for _printf_core
    printf8.o(i.__0sprintf$8) refers to printf8.o(i._sputc) for _sputc
    printf8.o(i.__0vfprintf$8) refers to printf8.o(i._printf_core) for _printf_core
    printf8.o(i.__0vfprintf$8) refers to main.o(.text) for fputc
    printf8.o(i.__0vprintf$8) refers to printf8.o(i._printf_core) for _printf_core
    printf8.o(i.__0vprintf$8) refers to main.o(.text) for fputc
    printf8.o(i.__0vprintf$8) refers to main.o(.data) for __stdout
    printf8.o(i.__0vsnprintf$8) refers to printf8.o(i._printf_core) for _printf_core
    printf8.o(i.__0vsnprintf$8) refers to printf8.o(i._snputc) for _snputc
    printf8.o(i.__0vsprintf$8) refers to printf8.o(i._printf_core) for _printf_core
    printf8.o(i.__0vsprintf$8) refers to printf8.o(i._sputc) for _sputc
    printf8.o(i._printf_core) refers to printf8.o(i._printf_pre_padding) for _printf_pre_padding
    printf8.o(i._printf_core) refers to uldiv.o(.text) for __aeabi_uldivmod
    printf8.o(i._printf_core) refers to printf8.o(i._printf_post_padding) for _printf_post_padding
    printfa.o(i.__0fprintf) refers (Special) to iusefp.o(.text) for __I$use$fp
    printfa.o(i.__0fprintf) refers to printfa.o(i._printf_core) for _printf_core
    printfa.o(i.__0fprintf) refers to main.o(.text) for fputc
    printfa.o(i.__0printf) refers (Special) to iusefp.o(.text) for __I$use$fp
    printfa.o(i.__0printf) refers to printfa.o(i._printf_core) for _printf_core
    printfa.o(i.__0printf) refers to main.o(.text) for fputc
    printfa.o(i.__0printf) refers to main.o(.data) for __stdout
    printfa.o(i.__0snprintf) refers (Special) to iusefp.o(.text) for __I$use$fp
    printfa.o(i.__0snprintf) refers to printfa.o(i._printf_core) for _printf_core
    printfa.o(i.__0snprintf) refers to printfa.o(i._snputc) for _snputc
    printfa.o(i.__0sprintf) refers (Special) to iusefp.o(.text) for __I$use$fp
    printfa.o(i.__0sprintf) refers to printfa.o(i._printf_core) for _printf_core
    printfa.o(i.__0sprintf) refers to printfa.o(i._sputc) for _sputc
    printfa.o(i.__0vfprintf) refers (Special) to iusefp.o(.text) for __I$use$fp
    printfa.o(i.__0vfprintf) refers to printfa.o(i._printf_core) for _printf_core
    printfa.o(i.__0vfprintf) refers to main.o(.text) for fputc
    printfa.o(i.__0vprintf) refers (Special) to iusefp.o(.text) for __I$use$fp
    printfa.o(i.__0vprintf) refers to printfa.o(i._printf_core) for _printf_core
    printfa.o(i.__0vprintf) refers to main.o(.text) for fputc
    printfa.o(i.__0vprintf) refers to main.o(.data) for __stdout
    printfa.o(i.__0vsnprintf) refers (Special) to iusefp.o(.text) for __I$use$fp
    printfa.o(i.__0vsnprintf) refers to printfa.o(i._printf_core) for _printf_core
    printfa.o(i.__0vsnprintf) refers to printfa.o(i._snputc) for _snputc
    printfa.o(i.__0vsprintf) refers (Special) to iusefp.o(.text) for __I$use$fp
    printfa.o(i.__0vsprintf) refers to printfa.o(i._printf_core) for _printf_core
    printfa.o(i.__0vsprintf) refers to printfa.o(i._sputc) for _sputc
    printfa.o(i._fp_digits) refers (Special) to iusefp.o(.text) for __I$use$fp
    printfa.o(i._fp_digits) refers to dmul.o(.text) for __aeabi_dmul
    printfa.o(i._fp_digits) refers to ddiv.o(.text) for __aeabi_ddiv
    printfa.o(i._fp_digits) refers to cdrcmple.o(.text) for __aeabi_cdrcmple
    printfa.o(i._fp_digits) refers to dadd.o(.text) for __aeabi_dadd
    printfa.o(i._fp_digits) refers to dfixul.o(.text) for __aeabi_d2ulz
    printfa.o(i._fp_digits) refers to uldiv.o(.text) for __aeabi_uldivmod
    printfa.o(i._printf_core) refers (Special) to iusefp.o(.text) for __I$use$fp
    printfa.o(i._printf_core) refers to printfa.o(i._printf_pre_padding) for _printf_pre_padding
    printfa.o(i._printf_core) refers to uldiv.o(.text) for __aeabi_uldivmod
    printfa.o(i._printf_core) refers to printfa.o(i._printf_post_padding) for _printf_post_padding
    printfa.o(i._printf_core) refers to printfa.o(i._fp_digits) for _fp_digits
    printfa.o(i._printf_core) refers to uidiv.o(.text) for __aeabi_uidivmod
    printfa.o(i._printf_post_padding) refers (Special) to iusefp.o(.text) for __I$use$fp
    printfa.o(i._printf_pre_padding) refers (Special) to iusefp.o(.text) for __I$use$fp
    printfa.o(i._snputc) refers (Special) to iusefp.o(.text) for __I$use$fp
    printfa.o(i._sputc) refers (Special) to iusefp.o(.text) for __I$use$fp
    entry2.o(.ARM.Collect$$$$00000001) refers to entry2.o(.ARM.Collect$$$$00002712) for __lit__00000000
    entry2.o(.ARM.Collect$$$$00002712) refers to startup_stm32f401xx.o(STACK) for __initial_sp
    entry2.o(__vectab_stack_and_reset_area) refers to startup_stm32f401xx.o(STACK) for __initial_sp
    entry2.o(__vectab_stack_and_reset_area) refers to entry.o(.ARM.Collect$$$$00000000) for __main
    entry5.o(.ARM.Collect$$$$00000004) refers to init.o(.text) for __scatterload
    entry9a.o(.ARM.Collect$$$$0000000B) refers to main.o(.text) for main
    entry9b.o(.ARM.Collect$$$$0000000C) refers to main.o(.text) for main
    uldiv.o(.text) refers to llushr.o(.text) for __aeabi_llsr
    uldiv.o(.text) refers to llshl.o(.text) for __aeabi_llsl
    dadd.o(.text) refers to llshl.o(.text) for __aeabi_llsl
    dadd.o(.text) refers to llsshr.o(.text) for __aeabi_lasr
    dadd.o(.text) refers to depilogue.o(.text) for _double_epilogue
    dmul.o(.text) refers to depilogue.o(.text) for _double_epilogue
    ddiv.o(.text) refers to depilogue.o(.text) for _double_round
    dfixul.o(.text) refers to llushr.o(.text) for __aeabi_llsr
    dfixul.o(.text) refers to llshl.o(.text) for __aeabi_llsl
    init.o(.text) refers to entry5.o(.ARM.Collect$$$$00000004) for __main_after_scatterload
    depilogue.o(.text) refers to llshl.o(.text) for __aeabi_llsl
    depilogue.o(.text) refers to llushr.o(.text) for __aeabi_llsr


==============================================================================

Removing Unused input sections from the image.

    Removing startup_stm32f401xx.o(HEAP), (512 bytes).
    Removing misc.o(.rev16_text), (4 bytes).
    Removing misc.o(.revsh_text), (4 bytes).
    Removing misc.o(.rrx_text), (6 bytes).
    Removing stm32f4xx_rcc.o(.rev16_text), (4 bytes).
    Removing stm32f4xx_rcc.o(.revsh_text), (4 bytes).
    Removing stm32f4xx_rcc.o(.rrx_text), (6 bytes).
    Removing stm32f4xx_gpio.o(.rev16_text), (4 bytes).
    Removing stm32f4xx_gpio.o(.revsh_text), (4 bytes).
    Removing stm32f4xx_gpio.o(.rrx_text), (6 bytes).
    Removing stm32f4xx_exti.o(.rev16_text), (4 bytes).
    Removing stm32f4xx_exti.o(.revsh_text), (4 bytes).
    Removing stm32f4xx_exti.o(.rrx_text), (6 bytes).
    Removing stm32f4xx_adc.o(.rev16_text), (4 bytes).
    Removing stm32f4xx_adc.o(.revsh_text), (4 bytes).
    Removing stm32f4xx_adc.o(.rrx_text), (6 bytes).
    Removing tm_stm32f4_delay.o(.rev16_text), (4 bytes).
    Removing tm_stm32f4_delay.o(.revsh_text), (4 bytes).
    Removing tm_stm32f4_delay.o(.rrx_text), (6 bytes).
    Removing tm_stm32f4_delay.o(.data), (4 bytes).
    Removing tm_stm32f4_disco.o(.rev16_text), (4 bytes).
    Removing tm_stm32f4_disco.o(.revsh_text), (4 bytes).
    Removing tm_stm32f4_disco.o(.rrx_text), (6 bytes).
    Removing tm_stm32f4_usb_vcp.o(.rev16_text), (4 bytes).
    Removing tm_stm32f4_usb_vcp.o(.revsh_text), (4 bytes).
    Removing tm_stm32f4_usb_vcp.o(.rrx_text), (6 bytes).
    Removing tm_stm32f4_gpio.o(.rev16_text), (4 bytes).
    Removing tm_stm32f4_gpio.o(.revsh_text), (4 bytes).
    Removing tm_stm32f4_gpio.o(.rrx_text), (6 bytes).
    Removing tm_stm32f4_adc.o(.rev16_text), (4 bytes).
    Removing tm_stm32f4_adc.o(.revsh_text), (4 bytes).
    Removing tm_stm32f4_adc.o(.rrx_text), (6 bytes).
    Removing main.o(.rev16_text), (4 bytes).
    Removing main.o(.revsh_text), (4 bytes).
    Removing main.o(.rrx_text), (6 bytes).
    Removing stm32f4xx_it.o(.rev16_text), (4 bytes).
    Removing stm32f4xx_it.o(.revsh_text), (4 bytes).
    Removing stm32f4xx_it.o(.rrx_text), (6 bytes).
    Removing system_stm32f4xx.o(.rev16_text), (4 bytes).
    Removing system_stm32f4xx.o(.revsh_text), (4 bytes).
    Removing system_stm32f4xx.o(.rrx_text), (6 bytes).
    Removing usb_bsp.o(.rev16_text), (4 bytes).
    Removing usb_bsp.o(.revsh_text), (4 bytes).
    Removing usb_bsp.o(.rrx_text), (6 bytes).
    Removing usb_core.o(.rev16_text), (4 bytes).
    Removing usb_core.o(.revsh_text), (4 bytes).
    Removing usb_core.o(.rrx_text), (6 bytes).
    Removing usb_dcd.o(.rev16_text), (4 bytes).
    Removing usb_dcd.o(.revsh_text), (4 bytes).
    Removing usb_dcd.o(.rrx_text), (6 bytes).
    Removing usb_dcd_int.o(.rev16_text), (4 bytes).
    Removing usb_dcd_int.o(.revsh_text), (4 bytes).
    Removing usb_dcd_int.o(.rrx_text), (6 bytes).
    Removing usbd_cdc_core.o(.rev16_text), (4 bytes).
    Removing usbd_cdc_core.o(.revsh_text), (4 bytes).
    Removing usbd_cdc_core.o(.rrx_text), (6 bytes).
    Removing usbd_cdc_core.o(.bss), (67 bytes).
    Removing usbd_cdc_vcp.o(.rev16_text), (4 bytes).
    Removing usbd_cdc_vcp.o(.revsh_text), (4 bytes).
    Removing usbd_cdc_vcp.o(.rrx_text), (6 bytes).
    Removing usbd_core.o(.rev16_text), (4 bytes).
    Removing usbd_core.o(.revsh_text), (4 bytes).
    Removing usbd_core.o(.rrx_text), (6 bytes).
    Removing usbd_desc.o(.rev16_text), (4 bytes).
    Removing usbd_desc.o(.revsh_text), (4 bytes).
    Removing usbd_desc.o(.rrx_text), (6 bytes).
    Removing usbd_desc.o(.data), (10 bytes).
    Removing usbd_ioreq.o(.rev16_text), (4 bytes).
    Removing usbd_ioreq.o(.revsh_text), (4 bytes).
    Removing usbd_ioreq.o(.rrx_text), (6 bytes).
    Removing usbd_req.o(.rev16_text), (4 bytes).
    Removing usbd_req.o(.revsh_text), (4 bytes).
    Removing usbd_req.o(.rrx_text), (6 bytes).
    Removing usbd_usr.o(.rev16_text), (4 bytes).
    Removing usbd_usr.o(.revsh_text), (4 bytes).
    Removing usbd_usr.o(.rrx_text), (6 bytes).
    Removing dadd.o(.text), (334 bytes).
    Removing dmul.o(.text), (228 bytes).
    Removing ddiv.o(.text), (222 bytes).
    Removing dfixul.o(.text), (48 bytes).
    Removing cdrcmple.o(.text), (48 bytes).
    Removing depilogue.o(.text), (186 bytes).

82 unused section(s) (total 1995 bytes) removed from the image.

==============================================================================

Image Symbol Table

    Local Symbols

    Symbol Name                              Value     Ov Type        Size  Object(Section)

    ../clib/../cmprslib/zerorunl2.c          0x00000000   Number         0  __dczerorl2.o ABSOLUTE
    ../clib/microlib/division.c              0x00000000   Number         0  uidiv.o ABSOLUTE
    ../clib/microlib/division.c              0x00000000   Number         0  uldiv.o ABSOLUTE
    ../clib/microlib/init/entry.s            0x00000000   Number         0  entry5.o ABSOLUTE
    ../clib/microlib/init/entry.s            0x00000000   Number         0  entry9a.o ABSOLUTE
    ../clib/microlib/init/entry.s            0x00000000   Number         0  entry7a.o ABSOLUTE
    ../clib/microlib/init/entry.s            0x00000000   Number         0  entry10a.o ABSOLUTE
    ../clib/microlib/init/entry.s            0x00000000   Number         0  entry10b.o ABSOLUTE
    ../clib/microlib/init/entry.s            0x00000000   Number         0  entry9b.o ABSOLUTE
    ../clib/microlib/init/entry.s            0x00000000   Number         0  entry11a.o ABSOLUTE
    ../clib/microlib/init/entry.s            0x00000000   Number         0  entry11b.o ABSOLUTE
    ../clib/microlib/init/entry.s            0x00000000   Number         0  entry.o ABSOLUTE
    ../clib/microlib/init/entry.s            0x00000000   Number         0  entry7b.o ABSOLUTE
    ../clib/microlib/init/entry.s            0x00000000   Number         0  entry8a.o ABSOLUTE
    ../clib/microlib/init/entry.s            0x00000000   Number         0  entry2.o ABSOLUTE
    ../clib/microlib/init/entry.s            0x00000000   Number         0  entry8b.o ABSOLUTE
    ../clib/microlib/longlong.c              0x00000000   Number         0  llsshr.o ABSOLUTE
    ../clib/microlib/longlong.c              0x00000000   Number         0  llushr.o ABSOLUTE
    ../clib/microlib/longlong.c              0x00000000   Number         0  llshl.o ABSOLUTE
    ../clib/microlib/printf/printf.c         0x00000000   Number         0  printf8.o ABSOLUTE
    ../clib/microlib/printf/printf.c         0x00000000   Number         0  printf2.o ABSOLUTE
    ../clib/microlib/printf/printf.c         0x00000000   Number         0  printfa.o ABSOLUTE
    ../clib/microlib/printf/printf.c         0x00000000   Number         0  printf3.o ABSOLUTE
    ../clib/microlib/printf/printf.c         0x00000000   Number         0  printf0.o ABSOLUTE
    ../clib/microlib/printf/printf.c         0x00000000   Number         0  printf6.o ABSOLUTE
    ../clib/microlib/printf/printf.c         0x00000000   Number         0  printf7.o ABSOLUTE
    ../clib/microlib/printf/printf.c         0x00000000   Number         0  printf5.o ABSOLUTE
    ../clib/microlib/printf/printf.c         0x00000000   Number         0  printf1.o ABSOLUTE
    ../clib/microlib/printf/printf.c         0x00000000   Number         0  printf4.o ABSOLUTE
    ../clib/microlib/printf/printf.c         0x00000000   Number         0  printfb.o ABSOLUTE
    ../clib/microlib/printf/stubs.s          0x00000000   Number         0  stubs.o ABSOLUTE
    ../clib/microlib/stubs.s                 0x00000000   Number         0  iusefp.o ABSOLUTE
    ../fplib/microlib/fpadd.c                0x00000000   Number         0  dadd.o ABSOLUTE
    ../fplib/microlib/fpdiv.c                0x00000000   Number         0  ddiv.o ABSOLUTE
    ../fplib/microlib/fpepilogue.c           0x00000000   Number         0  depilogue.o ABSOLUTE
    ../fplib/microlib/fpfix.c                0x00000000   Number         0  dfixul.o ABSOLUTE
    ../fplib/microlib/fpmul.c                0x00000000   Number         0  dmul.o ABSOLUTE
    ..\00-STM32F429_LIBRARIES\tm_stm32f4_adc.c 0x00000000   Number         0  tm_stm32f4_adc.o ABSOLUTE
    ..\00-STM32F429_LIBRARIES\tm_stm32f4_delay.c 0x00000000   Number         0  tm_stm32f4_delay.o ABSOLUTE
    ..\00-STM32F429_LIBRARIES\tm_stm32f4_disco.c 0x00000000   Number         0  tm_stm32f4_disco.o ABSOLUTE
    ..\00-STM32F429_LIBRARIES\tm_stm32f4_gpio.c 0x00000000   Number         0  tm_stm32f4_gpio.o ABSOLUTE
    ..\00-STM32F429_LIBRARIES\tm_stm32f4_usb_vcp.c 0x00000000   Number         0  tm_stm32f4_usb_vcp.o ABSOLUTE
    ..\00-STM32F429_LIBRARIES\usb_cdc_device\usb_bsp.c 0x00000000   Number         0  usb_bsp.o ABSOLUTE
    ..\00-STM32F429_LIBRARIES\usb_cdc_device\usb_core.c 0x00000000   Number         0  usb_core.o ABSOLUTE
    ..\00-STM32F429_LIBRARIES\usb_cdc_device\usb_dcd.c 0x00000000   Number         0  usb_dcd.o ABSOLUTE
    ..\00-STM32F429_LIBRARIES\usb_cdc_device\usb_dcd_int.c 0x00000000   Number         0  usb_dcd_int.o ABSOLUTE
    ..\00-STM32F429_LIBRARIES\usb_cdc_device\usbd_cdc_core.c 0x00000000   Number         0  usbd_cdc_core.o ABSOLUTE
    ..\00-STM32F429_LIBRARIES\usb_cdc_device\usbd_cdc_vcp.c 0x00000000   Number         0  usbd_cdc_vcp.o ABSOLUTE
    ..\00-STM32F429_LIBRARIES\usb_cdc_device\usbd_core.c 0x00000000   Number         0  usbd_core.o ABSOLUTE
    ..\00-STM32F429_LIBRARIES\usb_cdc_device\usbd_desc.c 0x00000000   Number         0  usbd_desc.o ABSOLUTE
    ..\00-STM32F429_LIBRARIES\usb_cdc_device\usbd_ioreq.c 0x00000000   Number         0  usbd_ioreq.o ABSOLUTE
    ..\00-STM32F429_LIBRARIES\usb_cdc_device\usbd_req.c 0x00000000   Number         0  usbd_req.o ABSOLUTE
    ..\00-STM32F429_LIBRARIES\usb_cdc_device\usbd_usr.c 0x00000000   Number         0  usbd_usr.o ABSOLUTE
    ..\00-STM32F4xx_STANDARD_PERIPHERAL_DRIVERS\CMSIS\Device\ST\STM32F4xx\Source\Templates\arm\startup_stm32f401xx.s 0x00000000   Number         0  startup_stm32f401xx.o ABSOLUTE
    ..\00-STM32F4xx_STANDARD_PERIPHERAL_DRIVERS\STM32F4xx_StdPeriph_Driver\src\misc.c 0x00000000   Number         0  misc.o ABSOLUTE
    ..\00-STM32F4xx_STANDARD_PERIPHERAL_DRIVERS\STM32F4xx_StdPeriph_Driver\src\stm32f4xx_adc.c 0x00000000   Number         0  stm32f4xx_adc.o ABSOLUTE
    ..\00-STM32F4xx_STANDARD_PERIPHERAL_DRIVERS\STM32F4xx_StdPeriph_Driver\src\stm32f4xx_exti.c 0x00000000   Number         0  stm32f4xx_exti.o ABSOLUTE
    ..\00-STM32F4xx_STANDARD_PERIPHERAL_DRIVERS\STM32F4xx_StdPeriph_Driver\src\stm32f4xx_gpio.c 0x00000000   Number         0  stm32f4xx_gpio.o ABSOLUTE
    ..\00-STM32F4xx_STANDARD_PERIPHERAL_DRIVERS\STM32F4xx_StdPeriph_Driver\src\stm32f4xx_rcc.c 0x00000000   Number         0  stm32f4xx_rcc.o ABSOLUTE
    ..\\00-STM32F429_LIBRARIES\\tm_stm32f4_adc.c 0x00000000   Number         0  tm_stm32f4_adc.o ABSOLUTE
    ..\\00-STM32F429_LIBRARIES\\tm_stm32f4_delay.c 0x00000000   Number         0  tm_stm32f4_delay.o ABSOLUTE
    ..\\00-STM32F429_LIBRARIES\\tm_stm32f4_disco.c 0x00000000   Number         0  tm_stm32f4_disco.o ABSOLUTE
    ..\\00-STM32F429_LIBRARIES\\tm_stm32f4_gpio.c 0x00000000   Number         0  tm_stm32f4_gpio.o ABSOLUTE
    ..\\00-STM32F429_LIBRARIES\\tm_stm32f4_usb_vcp.c 0x00000000   Number         0  tm_stm32f4_usb_vcp.o ABSOLUTE
    ..\\00-STM32F429_LIBRARIES\\usb_cdc_device\\usb_bsp.c 0x00000000   Number         0  usb_bsp.o ABSOLUTE
    ..\\00-STM32F429_LIBRARIES\\usb_cdc_device\\usb_core.c 0x00000000   Number         0  usb_core.o ABSOLUTE
    ..\\00-STM32F429_LIBRARIES\\usb_cdc_device\\usb_dcd.c 0x00000000   Number         0  usb_dcd.o ABSOLUTE
    ..\\00-STM32F429_LIBRARIES\\usb_cdc_device\\usb_dcd_int.c 0x00000000   Number         0  usb_dcd_int.o ABSOLUTE
    ..\\00-STM32F429_LIBRARIES\\usb_cdc_device\\usbd_cdc_core.c 0x00000000   Number         0  usbd_cdc_core.o ABSOLUTE
    ..\\00-STM32F429_LIBRARIES\\usb_cdc_device\\usbd_cdc_vcp.c 0x00000000   Number         0  usbd_cdc_vcp.o ABSOLUTE
    ..\\00-STM32F429_LIBRARIES\\usb_cdc_device\\usbd_core.c 0x00000000   Number         0  usbd_core.o ABSOLUTE
    ..\\00-STM32F429_LIBRARIES\\usb_cdc_device\\usbd_desc.c 0x00000000   Number         0  usbd_desc.o ABSOLUTE
    ..\\00-STM32F429_LIBRARIES\\usb_cdc_device\\usbd_ioreq.c 0x00000000   Number         0  usbd_ioreq.o ABSOLUTE
    ..\\00-STM32F429_LIBRARIES\\usb_cdc_device\\usbd_req.c 0x00000000   Number         0  usbd_req.o ABSOLUTE
    ..\\00-STM32F429_LIBRARIES\\usb_cdc_device\\usbd_usr.c 0x00000000   Number         0  usbd_usr.o ABSOLUTE
    ..\\00-STM32F4xx_STANDARD_PERIPHERAL_DRIVERS\\STM32F4xx_StdPeriph_Driver\\src\\misc.c 0x00000000   Number         0  misc.o ABSOLUTE
    ..\\00-STM32F4xx_STANDARD_PERIPHERAL_DRIVERS\\STM32F4xx_StdPeriph_Driver\\src\\stm32f4xx_adc.c 0x00000000   Number         0  stm32f4xx_adc.o ABSOLUTE
    ..\\00-STM32F4xx_STANDARD_PERIPHERAL_DRIVERS\\STM32F4xx_StdPeriph_Driver\\src\\stm32f4xx_exti.c 0x00000000   Number         0  stm32f4xx_exti.o ABSOLUTE
    ..\\00-STM32F4xx_STANDARD_PERIPHERAL_DRIVERS\\STM32F4xx_StdPeriph_Driver\\src\\stm32f4xx_gpio.c 0x00000000   Number         0  stm32f4xx_gpio.o ABSOLUTE
    ..\\00-STM32F4xx_STANDARD_PERIPHERAL_DRIVERS\\STM32F4xx_StdPeriph_Driver\\src\\stm32f4xx_rcc.c 0x00000000   Number         0  stm32f4xx_rcc.o ABSOLUTE
    User\\main.c                             0x00000000   Number         0  main.o ABSOLUTE
    User\\stm32f4xx_it.c                     0x00000000   Number         0  stm32f4xx_it.o ABSOLUTE
    User\\system_stm32f4xx.c                 0x00000000   Number         0  system_stm32f4xx.o ABSOLUTE
    User\main.c                              0x00000000   Number         0  main.o ABSOLUTE
    User\stm32f4xx_it.c                      0x00000000   Number         0  stm32f4xx_it.o ABSOLUTE
    User\system_stm32f4xx.c                  0x00000000   Number         0  system_stm32f4xx.o ABSOLUTE
    cdrcmple.s                               0x00000000   Number         0  cdrcmple.o ABSOLUTE
    dc.s                                     0x00000000   Number         0  dc.o ABSOLUTE
    handlers.s                               0x00000000   Number         0  handlers.o ABSOLUTE
    init.s                                   0x00000000   Number         0  init.o ABSOLUTE
    RESET                                    0x08000000   Section      404  startup_stm32f401xx.o(RESET)
    .ARM.Collect$$$$00000000                 0x08000194   Section        0  entry.o(.ARM.Collect$$$$00000000)
    .ARM.Collect$$$$00000001                 0x08000194   Section        4  entry2.o(.ARM.Collect$$$$00000001)
    .ARM.Collect$$$$00000004                 0x08000198   Section        4  entry5.o(.ARM.Collect$$$$00000004)
    .ARM.Collect$$$$00000008                 0x0800019c   Section        0  entry7b.o(.ARM.Collect$$$$00000008)
    .ARM.Collect$$$$0000000A                 0x0800019c   Section        0  entry8b.o(.ARM.Collect$$$$0000000A)
    .ARM.Collect$$$$0000000B                 0x0800019c   Section        8  entry9a.o(.ARM.Collect$$$$0000000B)
    .ARM.Collect$$$$0000000D                 0x080001a4   Section        0  entry10a.o(.ARM.Collect$$$$0000000D)
    .ARM.Collect$$$$0000000F                 0x080001a4   Section        0  entry11a.o(.ARM.Collect$$$$0000000F)
    .ARM.Collect$$$$00002712                 0x080001a4   Section        4  entry2.o(.ARM.Collect$$$$00002712)
    __lit__00000000                          0x080001a4   Data           4  entry2.o(.ARM.Collect$$$$00002712)
    .text                                    0x080001a8   Section       36  startup_stm32f401xx.o(.text)
    $v0                                      0x080001a8   Number         0  startup_stm32f401xx.o(.text)
    .text                                    0x080001cc   Section        0  misc.o(.text)
    .text                                    0x0800027c   Section        0  stm32f4xx_rcc.o(.text)
    .text                                    0x080006c0   Section        0  stm32f4xx_gpio.o(.text)
    .text                                    0x080008cc   Section        0  stm32f4xx_exti.o(.text)
    .text                                    0x080009ac   Section        0  stm32f4xx_adc.o(.text)
    .text                                    0x08000d00   Section        0  tm_stm32f4_delay.o(.text)
    .text                                    0x08000d94   Section        0  tm_stm32f4_disco.o(.text)
    .text                                    0x08000e18   Section        0  tm_stm32f4_usb_vcp.o(.text)
    .text                                    0x08000fac   Section        0  tm_stm32f4_gpio.o(.text)
    .text                                    0x0800134c   Section        0  tm_stm32f4_adc.o(.text)
    .text                                    0x08001638   Section        0  main.o(.text)
    .text                                    0x080016b4   Section        0  stm32f4xx_it.o(.text)
    .text                                    0x080016d0   Section        0  system_stm32f4xx.o(.text)
    SetSysClock                              0x08001787   Thumb Code   158  system_stm32f4xx.o(.text)
    .text                                    0x08001848   Section        0  usb_bsp.o(.text)
    .text                                    0x08001940   Section        0  usb_core.o(.text)
    USB_OTG_CoreReset                        0x08001941   Thumb Code    84  usb_core.o(.text)
    .text                                    0x08002260   Section        0  usb_dcd.o(.text)
    .text                                    0x080024e0   Section        0  usb_dcd_int.o(.text)
    DCD_HandleInEP_ISR                       0x080024e1   Thumb Code   198  usb_dcd_int.o(.text)
    DCD_HandleUsbReset_ISR                   0x080026ed   Thumb Code   128  usb_dcd_int.o(.text)
    DCD_HandleRxStatusQueueLevel_ISR         0x0800276d   Thumb Code   124  usb_dcd_int.o(.text)
    DCD_HandleUSBSuspend_ISR                 0x080027e9   Thumb Code   102  usb_dcd_int.o(.text)
    DCD_WriteEmptyTxFifo                     0x0800284f   Thumb Code   112  usb_dcd_int.o(.text)
    DCD_HandleOutEP_ISR                      0x080028bf   Thumb Code   174  usb_dcd_int.o(.text)
    .text                                    0x0800296c   Section        0  usbd_cdc_core.o(.text)
    usbd_cdc_Init                            0x0800296d   Thumb Code    70  usbd_cdc_core.o(.text)
    usbd_cdc_DeInit                          0x080029b3   Thumb Code    36  usbd_cdc_core.o(.text)
    usbd_cdc_Setup                           0x080029d7   Thumb Code   174  usbd_cdc_core.o(.text)
    usbd_cdc_EP0_RxReady                     0x08002a85   Thumb Code    32  usbd_cdc_core.o(.text)
    usbd_cdc_DataIn                          0x08002aa5   Thumb Code    68  usbd_cdc_core.o(.text)
    usbd_cdc_DataOut                         0x08002ae9   Thumb Code    42  usbd_cdc_core.o(.text)
    Handle_USBAsynchXfer                     0x08002b13   Thumb Code    96  usbd_cdc_core.o(.text)
    usbd_cdc_SOF                             0x08002b73   Thumb Code    28  usbd_cdc_core.o(.text)
    USBD_cdc_GetCfgDesc                      0x08002b8f   Thumb Code    10  usbd_cdc_core.o(.text)
    .text                                    0x08002ba8   Section        0  usbd_cdc_vcp.o(.text)
    VCP_Init                                 0x08002ba9   Thumb Code     4  usbd_cdc_vcp.o(.text)
    VCP_DeInit                               0x08002bad   Thumb Code     4  usbd_cdc_vcp.o(.text)
    VCP_Ctrl                                 0x08002bb1   Thumb Code    82  usbd_cdc_vcp.o(.text)
    .text                                    0x08002c54   Section        0  usbd_core.o(.text)
    USBD_SetupStage                          0x08002c8d   Thumb Code    72  usbd_core.o(.text)
    USBD_DataOutStage                        0x08002cd5   Thumb Code   116  usbd_core.o(.text)
    USBD_DataInStage                         0x08002d49   Thumb Code   172  usbd_core.o(.text)
    USBD_Reset                               0x08002df5   Thumb Code    46  usbd_core.o(.text)
    USBD_Resume                              0x08002e23   Thumb Code    22  usbd_core.o(.text)
    USBD_Suspend                             0x08002e39   Thumb Code    28  usbd_core.o(.text)
    USBD_SOF                                 0x08002e55   Thumb Code    16  usbd_core.o(.text)
    USBD_IsoINIncomplete                     0x08002e8d   Thumb Code    14  usbd_core.o(.text)
    USBD_IsoOUTIncomplete                    0x08002e9b   Thumb Code    14  usbd_core.o(.text)
    .text                                    0x08002eac   Section        0  usbd_desc.o(.text)
    .text                                    0x08002f7c   Section        0  usbd_ioreq.o(.text)
    .text                                    0x08003034   Section        0  usbd_req.o(.text)
    USBD_SetConfig                           0x08003051   Thumb Code   110  usbd_req.o(.text)
    USBD_GetDescriptor                       0x080030bf   Thumb Code   206  usbd_req.o(.text)
    USBD_SetFeature                          0x08003409   Thumb Code   122  usbd_req.o(.text)
    .text                                    0x08003488   Section        0  usbd_usr.o(.text)
    .text                                    0x080034cc   Section        0  uidiv.o(.text)
    .text                                    0x080034f8   Section       36  init.o(.text)
    .text                                    0x0800351c   Section        0  __dczerorl2.o(.text)
    i.__0printf$6                            0x08003574   Section        0  printf6.o(i.__0printf$6)
    i.__scatterload_copy                     0x08003594   Section       14  handlers.o(i.__scatterload_copy)
    i.__scatterload_null                     0x080035a2   Section        2  handlers.o(i.__scatterload_null)
    i.__scatterload_zeroinit                 0x080035a4   Section       14  handlers.o(i.__scatterload_zeroinit)
    i._printf_core                           0x080035b4   Section        0  printf6.o(i._printf_core)
    _printf_core                             0x080035b5   Thumb Code   748  printf6.o(i._printf_core)
    i._printf_post_padding                   0x080038a4   Section        0  printf6.o(i._printf_post_padding)
    _printf_post_padding                     0x080038a5   Thumb Code    36  printf6.o(i._printf_post_padding)
    i._printf_pre_padding                    0x080038c8   Section        0  printf6.o(i._printf_pre_padding)
    _printf_pre_padding                      0x080038c9   Thumb Code    46  printf6.o(i._printf_pre_padding)
    .data                                    0x20000000   Section       16  stm32f4xx_rcc.o(.data)
    APBAHBPrescTable                         0x20000000   Data          16  stm32f4xx_rcc.o(.data)
    .data                                    0x20000010   Section       16  tm_stm32f4_delay.o(.data)
    .data                                    0x20000020   Section        1  tm_stm32f4_disco.o(.data)
    TM_INT_DISCO_ButtonPressed               0x20000020   Data           1  tm_stm32f4_disco.o(.data)
    .data                                    0x20000024   Section       16  tm_stm32f4_usb_vcp.o(.data)
    .data                                    0x20000034   Section        4  main.o(.data)
    .data                                    0x20000038   Section       20  system_stm32f4xx.o(.data)
    .data                                    0x2000004c   Section      107  usbd_cdc_core.o(.data)
    usbd_cdc_AltSet                          0x20000050   Data           4  usbd_cdc_core.o(.data)
    cdcCmd                                   0x20000060   Data           4  usbd_cdc_core.o(.data)
    cdcLen                                   0x20000064   Data           4  usbd_cdc_core.o(.data)
    FrameCount                               0x20000068   Data           4  usbd_cdc_core.o(.data)
    .data                                    0x200000b8   Section       44  usbd_cdc_core.o(.data)
    .data                                    0x200000e4   Section        8  usbd_cdc_vcp.o(.data)
    .data                                    0x200000ec   Section       20  usbd_cdc_vcp.o(.data)
    .data                                    0x20000100   Section       44  usbd_core.o(.data)
    .data                                    0x2000012c   Section        4  usbd_core.o(.data)
    .data                                    0x20000130   Section        4  usbd_core.o(.data)
    .data                                    0x20000134   Section       28  usbd_desc.o(.data)
    .data                                    0x20000150   Section       22  usbd_desc.o(.data)
    .data                                    0x20000168   Section       16  usbd_req.o(.data)
    cfgidx                                   0x20000168   Data           1  usbd_req.o(.data)
    .data                                    0x20000178   Section        1  usbd_usr.o(.data)
    .data                                    0x2000017c   Section       28  usbd_usr.o(.data)
    .bss                                     0x20000198   Section     1652  tm_stm32f4_usb_vcp.o(.bss)
    .bss                                     0x2000080c   Section     2112  usbd_cdc_core.o(.bss)
    .bss                                     0x2000104c   Section      255  usbd_req.o(.bss)
    STACK                                    0x20001150   Section     1024  startup_stm32f401xx.o(STACK)

    Global Symbols

    Symbol Name                              Value     Ov Type        Size  Object(Section)

    BuildAttributes$$THM_ISAv4$E$P$D$K$B$S$7EM$VFPi3$EXTD16$VFPS$VFMA$PE$A:L22UL41UL21$X:L11$S22US41US21$IEEE1$IW$USESV6$~STKCKD$USESV7$~SHL$OSPACE$ROPI$EBA8$MICROLIB$REQ8$PRES8$EABIv2 0x00000000   Number         0  anon$$obj.o ABSOLUTE
    __ARM_use_no_argv                        0x00000000   Number         0  main.o ABSOLUTE
    _printf_a                                0x00000000   Number         0  stubs.o ABSOLUTE
    _printf_c                                0x00000000   Number         0  stubs.o ABSOLUTE
    _printf_charcount                        0x00000000   Number         0  stubs.o ABSOLUTE
    _printf_d                                0x00000000   Number         0  stubs.o ABSOLUTE
    _printf_e                                0x00000000   Number         0  stubs.o ABSOLUTE
    _printf_f                                0x00000000   Number         0  stubs.o ABSOLUTE
    _printf_flags                            0x00000000   Number         0  stubs.o ABSOLUTE
    _printf_fp_dec                           0x00000000   Number         0  stubs.o ABSOLUTE
    _printf_fp_hex                           0x00000000   Number         0  stubs.o ABSOLUTE
    _printf_g                                0x00000000   Number         0  stubs.o ABSOLUTE
    _printf_i                                0x00000000   Number         0  stubs.o ABSOLUTE
    _printf_int_dec                          0x00000000   Number         0  stubs.o ABSOLUTE
    _printf_l                                0x00000000   Number         0  stubs.o ABSOLUTE
    _printf_lc                               0x00000000   Number         0  stubs.o ABSOLUTE
    _printf_ll                               0x00000000   Number         0  stubs.o ABSOLUTE
    _printf_lld                              0x00000000   Number         0  stubs.o ABSOLUTE
    _printf_lli                              0x00000000   Number         0  stubs.o ABSOLUTE
    _printf_llo                              0x00000000   Number         0  stubs.o ABSOLUTE
    _printf_llu                              0x00000000   Number         0  stubs.o ABSOLUTE
    _printf_llx                              0x00000000   Number         0  stubs.o ABSOLUTE
    _printf_longlong_dec                     0x00000000   Number         0  stubs.o ABSOLUTE
    _printf_longlong_hex                     0x00000000   Number         0  stubs.o ABSOLUTE
    _printf_longlong_oct                     0x00000000   Number         0  stubs.o ABSOLUTE
    _printf_ls                               0x00000000   Number         0  stubs.o ABSOLUTE
    _printf_mbtowc                           0x00000000   Number         0  stubs.o ABSOLUTE
    _printf_n                                0x00000000   Number         0  stubs.o ABSOLUTE
    _printf_o                                0x00000000   Number         0  stubs.o ABSOLUTE
    _printf_p                                0x00000000   Number         0  stubs.o ABSOLUTE
    _printf_percent                          0x00000000   Number         0  stubs.o ABSOLUTE
    _printf_pre_padding                      0x00000000   Number         0  stubs.o ABSOLUTE
    _printf_return_value                     0x00000000   Number         0  stubs.o ABSOLUTE
    _printf_s                                0x00000000   Number         0  stubs.o ABSOLUTE
    _printf_sizespec                         0x00000000   Number         0  stubs.o ABSOLUTE
    _printf_str                              0x00000000   Number         0  stubs.o ABSOLUTE
    _printf_truncate_signed                  0x00000000   Number         0  stubs.o ABSOLUTE
    _printf_truncate_unsigned                0x00000000   Number         0  stubs.o ABSOLUTE
    _printf_u                                0x00000000   Number         0  stubs.o ABSOLUTE
    _printf_wc                               0x00000000   Number         0  stubs.o ABSOLUTE
    _printf_wctomb                           0x00000000   Number         0  stubs.o ABSOLUTE
    _printf_widthprec                        0x00000000   Number         0  stubs.o ABSOLUTE
    _printf_x                                0x00000000   Number         0  stubs.o ABSOLUTE
    TM_DELAY_1msHandler                       - Undefined Weak Reference
    __cpp_initialize__aeabi_                  - Undefined Weak Reference
    __cxa_finalize                            - Undefined Weak Reference
    _clock_init                               - Undefined Weak Reference
    _microlib_exit                            - Undefined Weak Reference
    __Vectors_Size                           0x00000194   Number         0  startup_stm32f401xx.o ABSOLUTE
    __Vectors                                0x08000000   Data           4  startup_stm32f401xx.o(RESET)
    __Vectors_End                            0x08000194   Data           0  startup_stm32f401xx.o(RESET)
    __main                                   0x08000195   Thumb Code     0  entry.o(.ARM.Collect$$$$00000000)
    _main_stk                                0x08000195   Thumb Code     0  entry2.o(.ARM.Collect$$$$00000001)
    _main_scatterload                        0x08000199   Thumb Code     0  entry5.o(.ARM.Collect$$$$00000004)
    __main_after_scatterload                 0x0800019d   Thumb Code     0  entry5.o(.ARM.Collect$$$$00000004)
    _main_clock                              0x0800019d   Thumb Code     0  entry7b.o(.ARM.Collect$$$$00000008)
    _main_cpp_init                           0x0800019d   Thumb Code     0  entry8b.o(.ARM.Collect$$$$0000000A)
    _main_init                               0x0800019d   Thumb Code     0  entry9a.o(.ARM.Collect$$$$0000000B)
    __rt_final_cpp                           0x080001a5   Thumb Code     0  entry10a.o(.ARM.Collect$$$$0000000D)
    __rt_final_exit                          0x080001a5   Thumb Code     0  entry11a.o(.ARM.Collect$$$$0000000F)
    Reset_Handler                            0x080001a9   Thumb Code     8  startup_stm32f401xx.o(.text)
    ADC_IRQHandler                           0x080001c3   Thumb Code     0  startup_stm32f401xx.o(.text)
    DMA1_Stream0_IRQHandler                  0x080001c3   Thumb Code     0  startup_stm32f401xx.o(.text)
    DMA1_Stream1_IRQHandler                  0x080001c3   Thumb Code     0  startup_stm32f401xx.o(.text)
    DMA1_Stream2_IRQHandler                  0x080001c3   Thumb Code     0  startup_stm32f401xx.o(.text)
    DMA1_Stream3_IRQHandler                  0x080001c3   Thumb Code     0  startup_stm32f401xx.o(.text)
    DMA1_Stream4_IRQHandler                  0x080001c3   Thumb Code     0  startup_stm32f401xx.o(.text)
    DMA1_Stream5_IRQHandler                  0x080001c3   Thumb Code     0  startup_stm32f401xx.o(.text)
    DMA1_Stream6_IRQHandler                  0x080001c3   Thumb Code     0  startup_stm32f401xx.o(.text)
    DMA1_Stream7_IRQHandler                  0x080001c3   Thumb Code     0  startup_stm32f401xx.o(.text)
    DMA2_Stream0_IRQHandler                  0x080001c3   Thumb Code     0  startup_stm32f401xx.o(.text)
    DMA2_Stream1_IRQHandler                  0x080001c3   Thumb Code     0  startup_stm32f401xx.o(.text)
    DMA2_Stream2_IRQHandler                  0x080001c3   Thumb Code     0  startup_stm32f401xx.o(.text)
    DMA2_Stream3_IRQHandler                  0x080001c3   Thumb Code     0  startup_stm32f401xx.o(.text)
    DMA2_Stream4_IRQHandler                  0x080001c3   Thumb Code     0  startup_stm32f401xx.o(.text)
    DMA2_Stream5_IRQHandler                  0x080001c3   Thumb Code     0  startup_stm32f401xx.o(.text)
    DMA2_Stream6_IRQHandler                  0x080001c3   Thumb Code     0  startup_stm32f401xx.o(.text)
    DMA2_Stream7_IRQHandler                  0x080001c3   Thumb Code     0  startup_stm32f401xx.o(.text)
    EXTI0_IRQHandler                         0x080001c3   Thumb Code     0  startup_stm32f401xx.o(.text)
    EXTI15_10_IRQHandler                     0x080001c3   Thumb Code     0  startup_stm32f401xx.o(.text)
    EXTI1_IRQHandler                         0x080001c3   Thumb Code     0  startup_stm32f401xx.o(.text)
    EXTI2_IRQHandler                         0x080001c3   Thumb Code     0  startup_stm32f401xx.o(.text)
    EXTI3_IRQHandler                         0x080001c3   Thumb Code     0  startup_stm32f401xx.o(.text)
    EXTI4_IRQHandler                         0x080001c3   Thumb Code     0  startup_stm32f401xx.o(.text)
    EXTI9_5_IRQHandler                       0x080001c3   Thumb Code     0  startup_stm32f401xx.o(.text)
    FLASH_IRQHandler                         0x080001c3   Thumb Code     0  startup_stm32f401xx.o(.text)
    FPU_IRQHandler                           0x080001c3   Thumb Code     0  startup_stm32f401xx.o(.text)
    I2C1_ER_IRQHandler                       0x080001c3   Thumb Code     0  startup_stm32f401xx.o(.text)
    I2C1_EV_IRQHandler                       0x080001c3   Thumb Code     0  startup_stm32f401xx.o(.text)
    I2C2_ER_IRQHandler                       0x080001c3   Thumb Code     0  startup_stm32f401xx.o(.text)
    I2C2_EV_IRQHandler                       0x080001c3   Thumb Code     0  startup_stm32f401xx.o(.text)
    I2C3_ER_IRQHandler                       0x080001c3   Thumb Code     0  startup_stm32f401xx.o(.text)
    I2C3_EV_IRQHandler                       0x080001c3   Thumb Code     0  startup_stm32f401xx.o(.text)
    PVD_IRQHandler                           0x080001c3   Thumb Code     0  startup_stm32f401xx.o(.text)
    RCC_IRQHandler                           0x080001c3   Thumb Code     0  startup_stm32f401xx.o(.text)
    RTC_Alarm_IRQHandler                     0x080001c3   Thumb Code     0  startup_stm32f401xx.o(.text)
    RTC_WKUP_IRQHandler                      0x080001c3   Thumb Code     0  startup_stm32f401xx.o(.text)
    SDIO_IRQHandler                          0x080001c3   Thumb Code     0  startup_stm32f401xx.o(.text)
    SPI1_IRQHandler                          0x080001c3   Thumb Code     0  startup_stm32f401xx.o(.text)
    SPI2_IRQHandler                          0x080001c3   Thumb Code     0  startup_stm32f401xx.o(.text)
    SPI3_IRQHandler                          0x080001c3   Thumb Code     0  startup_stm32f401xx.o(.text)
    SPI4_IRQHandler                          0x080001c3   Thumb Code     0  startup_stm32f401xx.o(.text)
    TAMP_STAMP_IRQHandler                    0x080001c3   Thumb Code     0  startup_stm32f401xx.o(.text)
    TIM1_BRK_TIM9_IRQHandler                 0x080001c3   Thumb Code     0  startup_stm32f401xx.o(.text)
    TIM1_CC_IRQHandler                       0x080001c3   Thumb Code     0  startup_stm32f401xx.o(.text)
    TIM1_TRG_COM_TIM11_IRQHandler            0x080001c3   Thumb Code     0  startup_stm32f401xx.o(.text)
    TIM1_UP_TIM10_IRQHandler                 0x080001c3   Thumb Code     0  startup_stm32f401xx.o(.text)
    TIM2_IRQHandler                          0x080001c3   Thumb Code     0  startup_stm32f401xx.o(.text)
    TIM3_IRQHandler                          0x080001c3   Thumb Code     0  startup_stm32f401xx.o(.text)
    TIM4_IRQHandler                          0x080001c3   Thumb Code     0  startup_stm32f401xx.o(.text)
    TIM5_IRQHandler                          0x080001c3   Thumb Code     0  startup_stm32f401xx.o(.text)
    USART1_IRQHandler                        0x080001c3   Thumb Code     0  startup_stm32f401xx.o(.text)
    USART2_IRQHandler                        0x080001c3   Thumb Code     0  startup_stm32f401xx.o(.text)
    USART6_IRQHandler                        0x080001c3   Thumb Code     0  startup_stm32f401xx.o(.text)
    WWDG_IRQHandler                          0x080001c3   Thumb Code     0  startup_stm32f401xx.o(.text)
    NVIC_PriorityGroupConfig                 0x080001cd   Thumb Code    10  misc.o(.text)
    NVIC_Init                                0x080001d7   Thumb Code    96  misc.o(.text)
    NVIC_SetVectorTable                      0x08000237   Thumb Code    14  misc.o(.text)
    NVIC_SystemLPConfig                      0x08000245   Thumb Code    20  misc.o(.text)
    SysTick_CLKSourceConfig                  0x08000259   Thumb Code    24  misc.o(.text)
    RCC_DeInit                               0x0800027d   Thumb Code    68  stm32f4xx_rcc.o(.text)
    RCC_HSEConfig                            0x080002c1   Thumb Code    12  stm32f4xx_rcc.o(.text)
    RCC_GetFlagStatus                        0x080002cd   Thumb Code    46  stm32f4xx_rcc.o(.text)
    RCC_WaitForHSEStartUp                    0x080002fb   Thumb Code    44  stm32f4xx_rcc.o(.text)
    RCC_AdjustHSICalibrationValue            0x08000327   Thumb Code    16  stm32f4xx_rcc.o(.text)
    RCC_HSICmd                               0x08000337   Thumb Code     6  stm32f4xx_rcc.o(.text)
    RCC_LSEConfig                            0x0800033d   Thumb Code    24  stm32f4xx_rcc.o(.text)
    RCC_LSICmd                               0x08000355   Thumb Code     6  stm32f4xx_rcc.o(.text)
    RCC_PLLConfig                            0x0800035b   Thumb Code    32  stm32f4xx_rcc.o(.text)
    RCC_PLLCmd                               0x0800037b   Thumb Code     6  stm32f4xx_rcc.o(.text)
    RCC_PLLI2SConfig                         0x08000381   Thumb Code    14  stm32f4xx_rcc.o(.text)
    RCC_PLLI2SCmd                            0x0800038f   Thumb Code     6  stm32f4xx_rcc.o(.text)
    RCC_PLLSAIConfig                         0x08000395   Thumb Code    18  stm32f4xx_rcc.o(.text)
    RCC_PLLSAICmd                            0x080003a7   Thumb Code     6  stm32f4xx_rcc.o(.text)
    RCC_ClockSecuritySystemCmd               0x080003ad   Thumb Code     6  stm32f4xx_rcc.o(.text)
    RCC_MCO1Config                           0x080003b3   Thumb Code    18  stm32f4xx_rcc.o(.text)
    RCC_MCO2Config                           0x080003c5   Thumb Code    18  stm32f4xx_rcc.o(.text)
    RCC_SYSCLKConfig                         0x080003d7   Thumb Code    16  stm32f4xx_rcc.o(.text)
    RCC_GetSYSCLKSource                      0x080003e7   Thumb Code    12  stm32f4xx_rcc.o(.text)
    RCC_HCLKConfig                           0x080003f3   Thumb Code    16  stm32f4xx_rcc.o(.text)
    RCC_PCLK1Config                          0x08000403   Thumb Code    16  stm32f4xx_rcc.o(.text)
    RCC_PCLK2Config                          0x08000413   Thumb Code    18  stm32f4xx_rcc.o(.text)
    RCC_GetClocksFreq                        0x08000425   Thumb Code   134  stm32f4xx_rcc.o(.text)
    RCC_RTCCLKConfig                         0x080004ab   Thumb Code    42  stm32f4xx_rcc.o(.text)
    RCC_RTCCLKCmd                            0x080004d5   Thumb Code     8  stm32f4xx_rcc.o(.text)
    RCC_BackupResetCmd                       0x080004dd   Thumb Code     8  stm32f4xx_rcc.o(.text)
    RCC_I2SCLKConfig                         0x080004e5   Thumb Code     8  stm32f4xx_rcc.o(.text)
    RCC_SAIBlockACLKConfig                   0x080004ed   Thumb Code    16  stm32f4xx_rcc.o(.text)
    RCC_SAIBlockBCLKConfig                   0x080004fd   Thumb Code    16  stm32f4xx_rcc.o(.text)
    RCC_SAIPLLI2SClkDivConfig                0x0800050d   Thumb Code    18  stm32f4xx_rcc.o(.text)
    RCC_SAIPLLSAIClkDivConfig                0x0800051f   Thumb Code    24  stm32f4xx_rcc.o(.text)
    RCC_LTDCCLKDivConfig                     0x08000537   Thumb Code    16  stm32f4xx_rcc.o(.text)
    RCC_TIMCLKPresConfig                     0x08000547   Thumb Code     8  stm32f4xx_rcc.o(.text)
    RCC_AHB1PeriphClockCmd                   0x0800054f   Thumb Code    20  stm32f4xx_rcc.o(.text)
    RCC_AHB2PeriphClockCmd                   0x08000563   Thumb Code    20  stm32f4xx_rcc.o(.text)
    RCC_APB1PeriphClockCmd                   0x08000577   Thumb Code    20  stm32f4xx_rcc.o(.text)
    RCC_APB2PeriphClockCmd                   0x0800058b   Thumb Code    20  stm32f4xx_rcc.o(.text)
    RCC_AHB1PeriphResetCmd                   0x0800059f   Thumb Code    20  stm32f4xx_rcc.o(.text)
    RCC_AHB2PeriphResetCmd                   0x080005b3   Thumb Code    20  stm32f4xx_rcc.o(.text)
    RCC_APB1PeriphResetCmd                   0x080005c7   Thumb Code    20  stm32f4xx_rcc.o(.text)
    RCC_APB2PeriphResetCmd                   0x080005db   Thumb Code    20  stm32f4xx_rcc.o(.text)
    RCC_AHB1PeriphClockLPModeCmd             0x080005ef   Thumb Code    20  stm32f4xx_rcc.o(.text)
    RCC_AHB2PeriphClockLPModeCmd             0x08000603   Thumb Code    20  stm32f4xx_rcc.o(.text)
    RCC_APB1PeriphClockLPModeCmd             0x08000617   Thumb Code    20  stm32f4xx_rcc.o(.text)
    RCC_APB2PeriphClockLPModeCmd             0x0800062b   Thumb Code    20  stm32f4xx_rcc.o(.text)
    RCC_LSEModeConfig                        0x0800063f   Thumb Code    24  stm32f4xx_rcc.o(.text)
    RCC_ITConfig                             0x08000657   Thumb Code    64  stm32f4xx_rcc.o(.text)
    RCC_ClearFlag                            0x08000697   Thumb Code    12  stm32f4xx_rcc.o(.text)
    RCC_GetITStatus                          0x080006a3   Thumb Code    18  stm32f4xx_rcc.o(.text)
    RCC_ClearITPendingBit                    0x080006b5   Thumb Code     8  stm32f4xx_rcc.o(.text)
    GPIO_DeInit                              0x080006c1   Thumb Code   216  stm32f4xx_gpio.o(.text)
    GPIO_Init                                0x08000799   Thumb Code   120  stm32f4xx_gpio.o(.text)
    GPIO_StructInit                          0x08000811   Thumb Code    18  stm32f4xx_gpio.o(.text)
    GPIO_PinLockConfig                       0x08000823   Thumb Code    24  stm32f4xx_gpio.o(.text)
    GPIO_ReadInputDataBit                    0x0800083b   Thumb Code    14  stm32f4xx_gpio.o(.text)
    GPIO_ReadInputData                       0x08000849   Thumb Code     6  stm32f4xx_gpio.o(.text)
    GPIO_ReadOutputDataBit                   0x0800084f   Thumb Code    14  stm32f4xx_gpio.o(.text)
    GPIO_ReadOutputData                      0x0800085d   Thumb Code     6  stm32f4xx_gpio.o(.text)
    GPIO_SetBits                             0x08000863   Thumb Code     4  stm32f4xx_gpio.o(.text)
    GPIO_ResetBits                           0x08000867   Thumb Code     4  stm32f4xx_gpio.o(.text)
    GPIO_WriteBit                            0x0800086b   Thumb Code    10  stm32f4xx_gpio.o(.text)
    GPIO_Write                               0x08000875   Thumb Code     4  stm32f4xx_gpio.o(.text)
    GPIO_ToggleBits                          0x08000879   Thumb Code     8  stm32f4xx_gpio.o(.text)
    GPIO_PinAFConfig                         0x08000881   Thumb Code    32  stm32f4xx_gpio.o(.text)
    EXTI_DeInit                              0x080008cd   Thumb Code    28  stm32f4xx_exti.o(.text)
    EXTI_Init                                0x080008e9   Thumb Code   108  stm32f4xx_exti.o(.text)
    EXTI_StructInit                          0x08000955   Thumb Code    14  stm32f4xx_exti.o(.text)
    EXTI_GenerateSWInterrupt                 0x08000963   Thumb Code    12  stm32f4xx_exti.o(.text)
    EXTI_GetFlagStatus                       0x0800096f   Thumb Code    18  stm32f4xx_exti.o(.text)
    EXTI_ClearFlag                           0x08000981   Thumb Code     8  stm32f4xx_exti.o(.text)
    EXTI_GetITStatus                         0x08000989   Thumb Code    18  stm32f4xx_exti.o(.text)
    EXTI_ClearITPendingBit                   0x0800099b   Thumb Code     8  stm32f4xx_exti.o(.text)
    ADC_DeInit                               0x080009ad   Thumb Code    24  stm32f4xx_adc.o(.text)
    ADC_Init                                 0x080009c5   Thumb Code    66  stm32f4xx_adc.o(.text)
    ADC_StructInit                           0x08000a07   Thumb Code    20  stm32f4xx_adc.o(.text)
    ADC_CommonInit                           0x08000a1b   Thumb Code    34  stm32f4xx_adc.o(.text)
    ADC_CommonStructInit                     0x08000a3d   Thumb Code    12  stm32f4xx_adc.o(.text)
    ADC_Cmd                                  0x08000a49   Thumb Code    20  stm32f4xx_adc.o(.text)
    ADC_AnalogWatchdogCmd                    0x08000a5d   Thumb Code    12  stm32f4xx_adc.o(.text)
    ADC_AnalogWatchdogThresholdsConfig       0x08000a69   Thumb Code     6  stm32f4xx_adc.o(.text)
    ADC_AnalogWatchdogSingleChannelConfig    0x08000a6f   Thumb Code    12  stm32f4xx_adc.o(.text)
    ADC_TempSensorVrefintCmd                 0x08000a7b   Thumb Code    26  stm32f4xx_adc.o(.text)
    ADC_VBATCmd                              0x08000a95   Thumb Code    26  stm32f4xx_adc.o(.text)
    ADC_RegularChannelConfig                 0x08000aaf   Thumb Code   116  stm32f4xx_adc.o(.text)
    ADC_SoftwareStartConv                    0x08000b23   Thumb Code    10  stm32f4xx_adc.o(.text)
    ADC_GetSoftwareStartConvStatus           0x08000b2d   Thumb Code    14  stm32f4xx_adc.o(.text)
    ADC_EOCOnEachRegularChannelCmd           0x08000b3b   Thumb Code    20  stm32f4xx_adc.o(.text)
    ADC_ContinuousModeCmd                    0x08000b4f   Thumb Code    20  stm32f4xx_adc.o(.text)
    ADC_DiscModeChannelCountConfig           0x08000b63   Thumb Code    16  stm32f4xx_adc.o(.text)
    ADC_DiscModeCmd                          0x08000b73   Thumb Code    20  stm32f4xx_adc.o(.text)
    ADC_GetConversionValue                   0x08000b87   Thumb Code     6  stm32f4xx_adc.o(.text)
    ADC_GetMultiModeConversionValue          0x08000b8d   Thumb Code     8  stm32f4xx_adc.o(.text)
    ADC_DMACmd                               0x08000b95   Thumb Code    20  stm32f4xx_adc.o(.text)
    ADC_DMARequestAfterLastTransferCmd       0x08000ba9   Thumb Code    20  stm32f4xx_adc.o(.text)
    ADC_MultiModeDMARequestAfterLastTransferCmd 0x08000bbd   Thumb Code    26  stm32f4xx_adc.o(.text)
    ADC_InjectedChannelConfig                0x08000bd7   Thumb Code    74  stm32f4xx_adc.o(.text)
    ADC_InjectedSequencerLengthConfig        0x08000c21   Thumb Code    16  stm32f4xx_adc.o(.text)
    ADC_SetInjectedOffset                    0x08000c31   Thumb Code    10  stm32f4xx_adc.o(.text)
    ADC_ExternalTrigInjectedConvConfig       0x08000c3b   Thumb Code    12  stm32f4xx_adc.o(.text)
    ADC_ExternalTrigInjectedConvEdgeConfig   0x08000c47   Thumb Code    12  stm32f4xx_adc.o(.text)
    ADC_SoftwareStartInjectedConv            0x08000c53   Thumb Code    10  stm32f4xx_adc.o(.text)
    ADC_GetSoftwareStartInjectedConvCmdStatus 0x08000c5d   Thumb Code    14  stm32f4xx_adc.o(.text)
    ADC_AutoInjectedConvCmd                  0x08000c6b   Thumb Code    20  stm32f4xx_adc.o(.text)
    ADC_InjectedDiscModeCmd                  0x08000c7f   Thumb Code    20  stm32f4xx_adc.o(.text)
    ADC_GetInjectedConversionValue           0x08000c93   Thumb Code    14  stm32f4xx_adc.o(.text)
    ADC_ITConfig                             0x08000ca1   Thumb Code    18  stm32f4xx_adc.o(.text)
    ADC_GetFlagStatus                        0x08000cb3   Thumb Code    14  stm32f4xx_adc.o(.text)
    ADC_ClearFlag                            0x08000cc1   Thumb Code     6  stm32f4xx_adc.o(.text)
    ADC_GetITStatus                          0x08000cc7   Thumb Code    30  stm32f4xx_adc.o(.text)
    ADC_ClearITPendingBit                    0x08000ce5   Thumb Code     8  stm32f4xx_adc.o(.text)
    TimingDelay_Decrement                    0x08000d01   Thumb Code    26  tm_stm32f4_delay.o(.text)
    TM_DELAY_Init                            0x08000d1b   Thumb Code    68  tm_stm32f4_delay.o(.text)
    TM_DELAY_EnableDelayTimer                0x08000d5f   Thumb Code    22  tm_stm32f4_delay.o(.text)
    TM_DELAY_DisableDelayTimer               0x08000d75   Thumb Code    14  tm_stm32f4_delay.o(.text)
    TM_DISCO_LedInit                         0x08000d95   Thumb Code    30  tm_stm32f4_disco.o(.text)
    TM_DISCO_ButtonInit                      0x08000db3   Thumb Code    24  tm_stm32f4_disco.o(.text)
    TM_DISCO_ButtonOnPressed                 0x08000dcb   Thumb Code    32  tm_stm32f4_disco.o(.text)
    TM_DISCO_ButtonOnReleased                0x08000deb   Thumb Code    32  tm_stm32f4_disco.o(.text)
    TM_USB_VCP_Init                          0x08000e19   Thumb Code    36  tm_stm32f4_usb_vcp.o(.text)
    TM_USB_VCP_BufferEmpty                   0x08000e3d   Thumb Code    14  tm_stm32f4_usb_vcp.o(.text)
    TM_USB_VCP_BufferFull                    0x08000e4b   Thumb Code    16  tm_stm32f4_usb_vcp.o(.text)
    TM_USB_VCP_FindCharacter                 0x08000e5b   Thumb Code    54  tm_stm32f4_usb_vcp.o(.text)
    TM_USB_VCP_Getc                          0x08000e91   Thumb Code    52  tm_stm32f4_usb_vcp.o(.text)
    TM_USB_VCP_Putc                          0x08000ec5   Thumb Code    24  tm_stm32f4_usb_vcp.o(.text)
    TM_USB_VCP_Puts                          0x08000edd   Thumb Code    20  tm_stm32f4_usb_vcp.o(.text)
    TM_USB_VCP_Gets                          0x08000ef1   Thumb Code    72  tm_stm32f4_usb_vcp.o(.text)
    TM_INT_USB_VCP_AddReceived               0x08000f39   Thumb Code    42  tm_stm32f4_usb_vcp.o(.text)
    TM_USB_VCP_GetStatus                     0x08000f63   Thumb Code    16  tm_stm32f4_usb_vcp.o(.text)
    TM_USB_VCP_GetSettings                   0x08000f73   Thumb Code    28  tm_stm32f4_usb_vcp.o(.text)
    TM_GPIO_INT_Init                         0x08000fad   Thumb Code   110  tm_stm32f4_gpio.o(.text)
    TM_GPIO_INT_EnableClock                  0x0800101b   Thumb Code   158  tm_stm32f4_gpio.o(.text)
    TM_GPIO_Init                             0x080010b9   Thumb Code    34  tm_stm32f4_gpio.o(.text)
    TM_GPIO_InitAlternate                    0x080010db   Thumb Code    92  tm_stm32f4_gpio.o(.text)
    TM_GPIO_DeInit                           0x08001137   Thumb Code    38  tm_stm32f4_gpio.o(.text)
    TM_GPIO_SetPinAsInput                    0x0800115d   Thumb Code    38  tm_stm32f4_gpio.o(.text)
    TM_GPIO_SetPinAsOutput                   0x08001183   Thumb Code    46  tm_stm32f4_gpio.o(.text)
    TM_GPIO_SetPinAsAnalog                   0x080011b1   Thumb Code    38  tm_stm32f4_gpio.o(.text)
    TM_GPIO_SetPullResistor                  0x080011d7   Thumb Code    46  tm_stm32f4_gpio.o(.text)
    TM_GPIO_Lock                             0x08001205   Thumb Code    16  tm_stm32f4_gpio.o(.text)
    TM_GPIO_GetPortSource                    0x08001215   Thumb Code    86  tm_stm32f4_gpio.o(.text)
    TM_GPIO_GetPinSource                     0x0800126b   Thumb Code    18  tm_stm32f4_gpio.o(.text)
    TM_GPIO_INT_DisableClock                 0x0800127d   Thumb Code   158  tm_stm32f4_gpio.o(.text)
    TM_ADC_InitADC                           0x0800134d   Thumb Code   116  tm_stm32f4_adc.o(.text)
    TM_ADC_INT_InitPin                       0x080013c1   Thumb Code    20  tm_stm32f4_adc.o(.text)
    TM_ADC_INT_Channel_15_Init               0x080013d5   Thumb Code    32  tm_stm32f4_adc.o(.text)
    TM_ADC_INT_Channel_14_Init               0x080013f5   Thumb Code    32  tm_stm32f4_adc.o(.text)
    TM_ADC_INT_Channel_13_Init               0x08001415   Thumb Code     6  tm_stm32f4_adc.o(.text)
    TM_ADC_INT_Channel_12_Init               0x0800141b   Thumb Code     6  tm_stm32f4_adc.o(.text)
    TM_ADC_INT_Channel_11_Init               0x08001421   Thumb Code     6  tm_stm32f4_adc.o(.text)
    TM_ADC_INT_Channel_10_Init               0x08001427   Thumb Code     6  tm_stm32f4_adc.o(.text)
    TM_ADC_INT_Channel_9_Init                0x0800142d   Thumb Code    32  tm_stm32f4_adc.o(.text)
    TM_ADC_INT_Channel_8_Init                0x0800144d   Thumb Code    32  tm_stm32f4_adc.o(.text)
    TM_ADC_INT_Channel_7_Init                0x0800146d   Thumb Code    32  tm_stm32f4_adc.o(.text)
    TM_ADC_INT_Channel_6_Init                0x0800148d   Thumb Code    32  tm_stm32f4_adc.o(.text)
    TM_ADC_INT_Channel_5_Init                0x080014ad   Thumb Code    32  tm_stm32f4_adc.o(.text)
    TM_ADC_INT_Channel_4_Init                0x080014cd   Thumb Code    32  tm_stm32f4_adc.o(.text)
    TM_ADC_INT_Channel_3_Init                0x080014ed   Thumb Code     6  tm_stm32f4_adc.o(.text)
    TM_ADC_INT_Channel_2_Init                0x080014f3   Thumb Code     6  tm_stm32f4_adc.o(.text)
    TM_ADC_INT_Channel_1_Init                0x080014f9   Thumb Code     6  tm_stm32f4_adc.o(.text)
    TM_ADC_INT_Channel_0_Init                0x080014ff   Thumb Code     6  tm_stm32f4_adc.o(.text)
    TM_ADC_Init                              0x08001505   Thumb Code   162  tm_stm32f4_adc.o(.text)
    TM_ADC_Read                              0x080015a7   Thumb Code    32  tm_stm32f4_adc.o(.text)
    TM_ADC_EnableVbat                        0x080015c7   Thumb Code    16  tm_stm32f4_adc.o(.text)
    TM_ADC_DisableVbat                       0x080015d7   Thumb Code    16  tm_stm32f4_adc.o(.text)
    TM_ADC_ReadVbat                          0x080015e7   Thumb Code    48  tm_stm32f4_adc.o(.text)
    fputc                                    0x08001639   Thumb Code    14  main.o(.text)
    main                                     0x08001647   Thumb Code    90  main.o(.text)
    NMI_Handler                              0x080016b5   Thumb Code     2  stm32f4xx_it.o(.text)
    HardFault_Handler                        0x080016b7   Thumb Code     2  stm32f4xx_it.o(.text)
    MemManage_Handler                        0x080016b9   Thumb Code     2  stm32f4xx_it.o(.text)
    BusFault_Handler                         0x080016bb   Thumb Code     2  stm32f4xx_it.o(.text)
    UsageFault_Handler                       0x080016bd   Thumb Code     2  stm32f4xx_it.o(.text)
    SVC_Handler                              0x080016bf   Thumb Code     2  stm32f4xx_it.o(.text)
    DebugMon_Handler                         0x080016c1   Thumb Code     2  stm32f4xx_it.o(.text)
    PendSV_Handler                           0x080016c3   Thumb Code     2  stm32f4xx_it.o(.text)
    SysTick_Handler                          0x080016c7   Thumb Code     8  stm32f4xx_it.o(.text)
    SystemInit                               0x080016d1   Thumb Code    74  system_stm32f4xx.o(.text)
    SystemCoreClockUpdate                    0x0800171b   Thumb Code   108  system_stm32f4xx.o(.text)
    USB_OTG_BSP_Init                         0x08001849   Thumb Code   154  usb_bsp.o(.text)
    USB_OTG_BSP_EnableInterrupt              0x080018e3   Thumb Code    40  usb_bsp.o(.text)
    USB_OTG_BSP_uDelay                       0x0800190b   Thumb Code    22  usb_bsp.o(.text)
    USB_OTG_BSP_mDelay                       0x08001921   Thumb Code     8  usb_bsp.o(.text)
    OTG_FS_WKUP_IRQHandler                   0x08001929   Thumb Code     8  usb_bsp.o(.text)
    OTG_FS_IRQHandler                        0x08001931   Thumb Code     6  usb_bsp.o(.text)
    USB_OTG_WritePacket                      0x08001995   Thumb Code    40  usb_core.o(.text)
    USB_OTG_ReadPacket                       0x080019bd   Thumb Code    32  usb_core.o(.text)
    USB_OTG_SelectCore                       0x080019dd   Thumb Code   188  usb_core.o(.text)
    USB_OTG_CoreInit                         0x08001a99   Thumb Code   128  usb_core.o(.text)
    USB_OTG_EnableGlobalInt                  0x08001b19   Thumb Code    16  usb_core.o(.text)
    USB_OTG_DisableGlobalInt                 0x08001b29   Thumb Code    16  usb_core.o(.text)
    USB_OTG_FlushTxFifo                      0x08001b39   Thumb Code    62  usb_core.o(.text)
    USB_OTG_FlushRxFifo                      0x08001b77   Thumb Code    54  usb_core.o(.text)
    USB_OTG_SetCurrentMode                   0x08001bad   Thumb Code    42  usb_core.o(.text)
    USB_OTG_GetMode                          0x08001bd7   Thumb Code    10  usb_core.o(.text)
    USB_OTG_IsDeviceMode                     0x08001be1   Thumb Code    18  usb_core.o(.text)
    USB_OTG_IsHostMode                       0x08001bf3   Thumb Code    14  usb_core.o(.text)
    USB_OTG_ReadCoreItr                      0x08001c01   Thumb Code    10  usb_core.o(.text)
    USB_OTG_ReadOtgItr                       0x08001c0b   Thumb Code     6  usb_core.o(.text)
    USB_OTG_InitDevSpeed                     0x08001c11   Thumb Code    12  usb_core.o(.text)
    USB_OTG_EnableDevInt                     0x08001c1d   Thumb Code    66  usb_core.o(.text)
    USB_OTG_CoreInitDev                      0x08001c5f   Thumb Code   312  usb_core.o(.text)
    USB_OTG_GetDeviceSpeed                   0x08001d97   Thumb Code    38  usb_core.o(.text)
    USB_OTG_EP0Activate                      0x08001dbd   Thumb Code    58  usb_core.o(.text)
    USB_OTG_EPActivate                       0x08001df7   Thumb Code    82  usb_core.o(.text)
    USB_OTG_EPDeactivate                     0x08001e49   Thumb Code    52  usb_core.o(.text)
    USB_OTG_EPStartXfer                      0x08001e7d   Thumb Code   298  usb_core.o(.text)
    USB_OTG_EP0StartXfer                     0x08001fa7   Thumb Code   184  usb_core.o(.text)
    USB_OTG_EPSetStall                       0x0800205f   Thumb Code    48  usb_core.o(.text)
    USB_OTG_EPClearStall                     0x0800208f   Thumb Code    50  usb_core.o(.text)
    USB_OTG_ReadDevAllOutEp_itr              0x080020c1   Thumb Code    12  usb_core.o(.text)
    USB_OTG_ReadDevOutEP_itr                 0x080020cd   Thumb Code    16  usb_core.o(.text)
    USB_OTG_ReadDevAllInEPItr                0x080020dd   Thumb Code    12  usb_core.o(.text)
    USB_OTG_EP0_OutStart                     0x080020e9   Thumb Code    32  usb_core.o(.text)
    USB_OTG_ActiveRemoteWakeup               0x08002109   Thumb Code    66  usb_core.o(.text)
    USB_OTG_UngateClock                      0x0800214b   Thumb Code    30  usb_core.o(.text)
    USB_OTG_StopDevice                       0x08002169   Thumb Code    72  usb_core.o(.text)
    USB_OTG_GetEPStatus                      0x080021b1   Thumb Code    66  usb_core.o(.text)
    USB_OTG_SetEPStatus                      0x080021f3   Thumb Code   106  usb_core.o(.text)
    DCD_Init                                 0x08002261   Thumb Code   146  usb_dcd.o(.text)
    DCD_EP_Open                              0x080022f3   Thumb Code    60  usb_dcd.o(.text)
    DCD_EP_Close                             0x0800232f   Thumb Code    44  usb_dcd.o(.text)
    DCD_EP_PrepareRx                         0x0800235b   Thumb Code    68  usb_dcd.o(.text)
    DCD_EP_Tx                                0x0800239f   Thumb Code    62  usb_dcd.o(.text)
    DCD_EP_Stall                             0x080023dd   Thumb Code    56  usb_dcd.o(.text)
    DCD_EP_ClrStall                          0x08002415   Thumb Code    56  usb_dcd.o(.text)
    DCD_EP_Flush                             0x0800244d   Thumb Code    24  usb_dcd.o(.text)
    DCD_EP_SetAddress                        0x08002465   Thumb Code    16  usb_dcd.o(.text)
    DCD_DevConnect                           0x08002475   Thumb Code    16  usb_dcd.o(.text)
    DCD_DevDisconnect                        0x08002485   Thumb Code    16  usb_dcd.o(.text)
    DCD_GetEPStatus                          0x08002495   Thumb Code    38  usb_dcd.o(.text)
    DCD_SetEPStatus                          0x080024bb   Thumb Code    38  usb_dcd.o(.text)
    USBD_OTG_ISR_Handler                     0x080025a7   Thumb Code   326  usb_dcd_int.o(.text)
    VCP_DataTx                               0x08002c03   Thumb Code    42  usbd_cdc_vcp.o(.text)
    VCP_DataRx                               0x08002c2d   Thumb Code    26  usbd_cdc_vcp.o(.text)
    USBD_DeInit                              0x08002c55   Thumb Code     4  usbd_core.o(.text)
    USBD_Init                                0x08002c59   Thumb Code    52  usbd_core.o(.text)
    USBD_SetCfg                              0x08002e65   Thumb Code    26  usbd_core.o(.text)
    USBD_ClrCfg                              0x08002e7f   Thumb Code    14  usbd_core.o(.text)
    USBD_USR_DeviceDescriptor                0x08002ead   Thumb Code     8  usbd_desc.o(.text)
    USBD_USR_LangIDStrDescriptor             0x08002eb5   Thumb Code    10  usbd_desc.o(.text)
    USBD_USR_ProductStrDescriptor            0x08002ebf   Thumb Code    16  usbd_desc.o(.text)
    USBD_USR_ManufacturerStrDescriptor       0x08002ecf   Thumb Code    16  usbd_desc.o(.text)
    USBD_USR_SerialStrDescriptor             0x08002edf   Thumb Code    16  usbd_desc.o(.text)
    USBD_USR_ConfigStrDescriptor             0x08002eef   Thumb Code    16  usbd_desc.o(.text)
    USBD_USR_InterfaceStrDescriptor          0x08002eff   Thumb Code    16  usbd_desc.o(.text)
    USBD_CtlSendData                         0x08002f7d   Thumb Code    32  usbd_ioreq.o(.text)
    USBD_CtlContinueSendData                 0x08002f9d   Thumb Code    18  usbd_ioreq.o(.text)
    USBD_CtlPrepareRx                        0x08002faf   Thumb Code    32  usbd_ioreq.o(.text)
    USBD_CtlContinueRx                       0x08002fcf   Thumb Code    18  usbd_ioreq.o(.text)
    USBD_CtlSendStatus                       0x08002fe1   Thumb Code    34  usbd_ioreq.o(.text)
    USBD_CtlReceiveStatus                    0x08003003   Thumb Code    34  usbd_ioreq.o(.text)
    USBD_GetRxCount                          0x08003025   Thumb Code    16  usbd_ioreq.o(.text)
    USBD_CtlError                            0x08003035   Thumb Code    28  usbd_req.o(.text)
    USBD_StdDevReq                           0x0800318d   Thumb Code   236  usbd_req.o(.text)
    USBD_StdItfReq                           0x08003279   Thumb Code    54  usbd_req.o(.text)
    USBD_StdEPReq                            0x080032af   Thumb Code   208  usbd_req.o(.text)
    USBD_ParseSetupRequest                   0x0800337f   Thumb Code    68  usbd_req.o(.text)
    USBD_GetString                           0x080033c3   Thumb Code    70  usbd_req.o(.text)
    USBD_USR_Init                            0x08003489   Thumb Code     8  usbd_usr.o(.text)
    USBD_USR_DeviceReset                     0x08003491   Thumb Code     8  usbd_usr.o(.text)
    USBD_USR_DeviceConfigured                0x08003499   Thumb Code     8  usbd_usr.o(.text)
    USBD_USR_DeviceSuspended                 0x080034a1   Thumb Code     8  usbd_usr.o(.text)
    USBD_USR_DeviceResumed                   0x080034a9   Thumb Code     8  usbd_usr.o(.text)
    USBD_USR_DeviceConnected                 0x080034b1   Thumb Code     8  usbd_usr.o(.text)
    USBD_USR_DeviceDisconnected              0x080034b9   Thumb Code     8  usbd_usr.o(.text)
    USBD_User_GetStatus                      0x080034c1   Thumb Code     6  usbd_usr.o(.text)
    __aeabi_uidiv                            0x080034cd   Thumb Code     0  uidiv.o(.text)
    __aeabi_uidivmod                         0x080034cd   Thumb Code    44  uidiv.o(.text)
    __scatterload                            0x080034f9   Thumb Code    28  init.o(.text)
    __scatterload_rt2                        0x080034f9   Thumb Code     0  init.o(.text)
    __decompress                             0x0800351d   Thumb Code     0  __dczerorl2.o(.text)
    __decompress1                            0x0800351d   Thumb Code    86  __dczerorl2.o(.text)
    __0printf$6                              0x08003575   Thumb Code    22  printf6.o(i.__0printf$6)
    __1printf$6                              0x08003575   Thumb Code     0  printf6.o(i.__0printf$6)
    __2printf                                0x08003575   Thumb Code     0  printf6.o(i.__0printf$6)
    __scatterload_copy                       0x08003595   Thumb Code    14  handlers.o(i.__scatterload_copy)
    __scatterload_null                       0x080035a3   Thumb Code     2  handlers.o(i.__scatterload_null)
    __scatterload_zeroinit                   0x080035a5   Thumb Code    14  handlers.o(i.__scatterload_zeroinit)
    Region$$Table$$Base                      0x080038f8   Number         0  anon$$obj.o(Region$$Table)
    Region$$Table$$Limit                     0x08003918   Number         0  anon$$obj.o(Region$$Table)
    TM_DELAY_Initialized                     0x20000010   Data           1  tm_stm32f4_delay.o(.data)
    TM_Time                                  0x20000014   Data           4  tm_stm32f4_delay.o(.data)
    TM_Time2                                 0x20000018   Data           4  tm_stm32f4_delay.o(.data)
    mult                                     0x2000001c   Data           4  tm_stm32f4_delay.o(.data)
    TM_USB_VCP_INT_Init                      0x20000024   Data           1  tm_stm32f4_usb_vcp.o(.data)
    tm_int_usb_vcp_buf_in                    0x20000028   Data           4  tm_stm32f4_usb_vcp.o(.data)
    tm_int_usb_vcp_buf_out                   0x2000002c   Data           4  tm_stm32f4_usb_vcp.o(.data)
    tm_int_usb_vcp_buf_num                   0x20000030   Data           4  tm_stm32f4_usb_vcp.o(.data)
    __stdout                                 0x20000034   Data           4  main.o(.data)
    SystemCoreClock                          0x20000038   Data           4  system_stm32f4xx.o(.data)
    AHBPrescTable                            0x2000003c   Data          16  system_stm32f4xx.o(.data)
    USB_Tx_State                             0x2000004c   Data           1  usbd_cdc_core.o(.data)
    APP_Rx_ptr_in                            0x20000054   Data           4  usbd_cdc_core.o(.data)
    APP_Rx_ptr_out                           0x20000058   Data           4  usbd_cdc_core.o(.data)
    APP_Rx_length                            0x2000005c   Data           4  usbd_cdc_core.o(.data)
    CmdBuff                                  0x2000006c   Data           8  usbd_cdc_core.o(.data)
    usbd_cdc_CfgDesc                         0x20000074   Data          67  usbd_cdc_core.o(.data)
    USBD_CDC_cb                              0x200000b8   Data          44  usbd_cdc_core.o(.data)
    linecoding                               0x200000e4   Data           8  usbd_cdc_vcp.o(.data)
    VCP_fops                                 0x200000ec   Data          20  usbd_cdc_vcp.o(.data)
    USBD_DCD_INT_cb                          0x20000100   Data          44  usbd_core.o(.data)
    USBD_DCD_INT_fops                        0x2000012c   Data           4  usbd_core.o(.data)
    SET_TEST_MODE                            0x20000130   Data           4  usbd_core.o(.data)
    USR_desc                                 0x20000134   Data          28  usbd_desc.o(.data)
    USBD_LangIDDesc                          0x20000150   Data           4  usbd_desc.o(.data)
    USBD_DeviceDesc                          0x20000154   Data          18  usbd_desc.o(.data)
    USBD_ep_status                           0x2000016c   Data           4  usbd_req.o(.data)
    USBD_default_cfg                         0x20000170   Data           4  usbd_req.o(.data)
    USBD_cfg_status                          0x20000174   Data           4  usbd_req.o(.data)
    TM_USB_VCP_INT_Status                    0x20000178   Data           1  usbd_usr.o(.data)
    USR_cb                                   0x2000017c   Data          28  usbd_usr.o(.data)
    TM_INT_USB_VCP_ReceiveBuffer             0x20000198   Data         128  tm_stm32f4_usb_vcp.o(.bss)
    USB_OTG_dev                              0x20000218   Data        1524  tm_stm32f4_usb_vcp.o(.bss)
    USB_Rx_Buffer                            0x2000080c   Data          64  usbd_cdc_core.o(.bss)
    APP_Rx_Buffer                            0x2000084c   Data        2048  usbd_cdc_core.o(.bss)
    USBD_StrDesc                             0x2000104c   Data         255  usbd_req.o(.bss)
    __initial_sp                             0x20001550   Data           0  startup_stm32f401xx.o(STACK)



==============================================================================

Memory Map of the image

  Image Entry point : 0x08000195

  Load Region LR_IROM1 (Base: 0x08000000, Size: 0x00003ab0, Max: 0x00080000, ABSOLUTE, COMPRESSED[0x00003a00])

    Execution Region ER_IROM1 (Base: 0x08000000, Size: 0x00003918, Max: 0x00080000, ABSOLUTE)

    Base Addr    Size         Type   Attr      Idx    E Section Name        Object

    0x08000000   0x00000194   Data   RO            3    RESET               startup_stm32f401xx.o
    0x08000194   0x00000000   Code   RO          125  * .ARM.Collect$$$$00000000  mc_w.l(entry.o)
    0x08000194   0x00000004   Code   RO          259    .ARM.Collect$$$$00000001  mc_w.l(entry2.o)
    0x08000198   0x00000004   Code   RO          262    .ARM.Collect$$$$00000004  mc_w.l(entry5.o)
    0x0800019c   0x00000000   Code   RO          264    .ARM.Collect$$$$00000008  mc_w.l(entry7b.o)
    0x0800019c   0x00000000   Code   RO          266    .ARM.Collect$$$$0000000A  mc_w.l(entry8b.o)
    0x0800019c   0x00000008   Code   RO          267    .ARM.Collect$$$$0000000B  mc_w.l(entry9a.o)
    0x080001a4   0x00000000   Code   RO          269    .ARM.Collect$$$$0000000D  mc_w.l(entry10a.o)
    0x080001a4   0x00000000   Code   RO          271    .ARM.Collect$$$$0000000F  mc_w.l(entry11a.o)
    0x080001a4   0x00000004   Code   RO          260    .ARM.Collect$$$$00002712  mc_w.l(entry2.o)
    0x080001a8   0x00000024   Code   RO            4    .text               startup_stm32f401xx.o
    0x080001cc   0x000000b0   Code   RO            8    .text               misc.o
    0x0800027c   0x00000444   Code   RO           12    .text               stm32f4xx_rcc.o
    0x080006c0   0x0000020c   Code   RO           17    .text               stm32f4xx_gpio.o
    0x080008cc   0x000000e0   Code   RO           21    .text               stm32f4xx_exti.o
    0x080009ac   0x00000354   Code   RO           25    .text               stm32f4xx_adc.o
    0x08000d00   0x00000094   Code   RO           29    .text               tm_stm32f4_delay.o
    0x08000d94   0x00000084   Code   RO           35    .text               tm_stm32f4_disco.o
    0x08000e18   0x00000194   Code   RO           40    .text               tm_stm32f4_usb_vcp.o
    0x08000fac   0x000003a0   Code   RO           46    .text               tm_stm32f4_gpio.o
    0x0800134c   0x000002ec   Code   RO           50    .text               tm_stm32f4_adc.o
    0x08001638   0x0000007c   Code   RO           54    .text               main.o
    0x080016b4   0x0000001a   Code   RO           59    .text               stm32f4xx_it.o
    0x080016ce   0x00000002   PAD
    0x080016d0   0x00000178   Code   RO           63    .text               system_stm32f4xx.o
    0x08001848   0x000000f8   Code   RO           68    .text               usb_bsp.o
    0x08001940   0x00000920   Code   RO           72    .text               usb_core.o
    0x08002260   0x00000280   Code   RO           76    .text               usb_dcd.o
    0x080024e0   0x0000048c   Code   RO           80    .text               usb_dcd_int.o
    0x0800296c   0x0000023c   Code   RO           84    .text               usbd_cdc_core.o
    0x08002ba8   0x000000ac   Code   RO           92    .text               usbd_cdc_vcp.o
    0x08002c54   0x00000258   Code   RO           98    .text               usbd_core.o
    0x08002eac   0x000000d0   Code   RO          105    .text               usbd_desc.o
    0x08002f7c   0x000000b8   Code   RO          112    .text               usbd_ioreq.o
    0x08003034   0x00000454   Code   RO          116    .text               usbd_req.o
    0x08003488   0x00000044   Code   RO          122    .text               usbd_usr.o
    0x080034cc   0x0000002c   Code   RO          273    .text               mc_w.l(uidiv.o)
    0x080034f8   0x00000024   Code   RO          281    .text               mc_w.l(init.o)
    0x0800351c   0x00000056   Code   RO          291    .text               mc_w.l(__dczerorl2.o)
    0x08003572   0x00000002   PAD
    0x08003574   0x00000020   Code   RO          206    i.__0printf$6       mc_w.l(printf6.o)
    0x08003594   0x0000000e   Code   RO          288    i.__scatterload_copy  mc_w.l(handlers.o)
    0x080035a2   0x00000002   Code   RO          289    i.__scatterload_null  mc_w.l(handlers.o)
    0x080035a4   0x0000000e   Code   RO          290    i.__scatterload_zeroinit  mc_w.l(handlers.o)
    0x080035b2   0x00000002   PAD
    0x080035b4   0x000002f0   Code   RO          213    i._printf_core      mc_w.l(printf6.o)
    0x080038a4   0x00000024   Code   RO          214    i._printf_post_padding  mc_w.l(printf6.o)
    0x080038c8   0x0000002e   Code   RO          215    i._printf_pre_padding  mc_w.l(printf6.o)
    0x080038f6   0x00000002   PAD
    0x080038f8   0x00000020   Data   RO          286    Region$$Table       anon$$obj.o


    Execution Region RW_IRAM1 (Base: 0x20000000, Size: 0x00001550, Max: 0x00018000, ABSOLUTE, COMPRESSED[0x000000e8])

    Base Addr    Size         Type   Attr      Idx    E Section Name        Object

    0x20000000   0x00000010   Data   RW           13    .data               stm32f4xx_rcc.o
    0x20000010   0x00000010   Data   RW           31    .data               tm_stm32f4_delay.o
    0x20000020   0x00000001   Data   RW           36    .data               tm_stm32f4_disco.o
    0x20000021   0x00000003   PAD
    0x20000024   0x00000010   Data   RW           42    .data               tm_stm32f4_usb_vcp.o
    0x20000034   0x00000004   Data   RW           55    .data               main.o
    0x20000038   0x00000014   Data   RW           64    .data               system_stm32f4xx.o
    0x2000004c   0x0000006b   Data   RW           87    .data               usbd_cdc_core.o
    0x200000b7   0x00000001   PAD
    0x200000b8   0x0000002c   Data   RW           88    .data               usbd_cdc_core.o
    0x200000e4   0x00000008   Data   RW           93    .data               usbd_cdc_vcp.o
    0x200000ec   0x00000014   Data   RW           94    .data               usbd_cdc_vcp.o
    0x20000100   0x0000002c   Data   RW           99    .data               usbd_core.o
    0x2000012c   0x00000004   Data   RW          100    .data               usbd_core.o
    0x20000130   0x00000004   Data   RW          101    .data               usbd_core.o
    0x20000134   0x0000001c   Data   RW          106    .data               usbd_desc.o
    0x20000150   0x00000016   Data   RW          107    .data               usbd_desc.o
    0x20000166   0x00000002   PAD
    0x20000168   0x00000010   Data   RW          118    .data               usbd_req.o
    0x20000178   0x00000001   Data   RW          123    .data               usbd_usr.o
    0x20000179   0x00000003   PAD
    0x2000017c   0x0000001c   Data   RW          124    .data               usbd_usr.o
    0x20000198   0x00000674   Zero   RW           41    .bss                tm_stm32f4_usb_vcp.o
    0x2000080c   0x00000840   Zero   RW           86    .bss                usbd_cdc_core.o
    0x2000104c   0x000000ff   Zero   RW          117    .bss                usbd_req.o
    0x2000114b   0x00000005   PAD
    0x20001150   0x00000400   Zero   RW            1    STACK               startup_stm32f401xx.o


==============================================================================

Image component sizes


      Code (inc. data)   RO Data    RW Data    ZI Data      Debug   Object Name

       124         20          0          4          0          0   main.o
       176         12          0          0          0          0   misc.o
        36          8        404          0       1024          0   startup_stm32f401xx.o
       852         20          0          0          0          0   stm32f4xx_adc.o
       224         10          0          0          0          0   stm32f4xx_exti.o
       524         44          0          0          0          0   stm32f4xx_gpio.o
        26          0          0          0          0          0   stm32f4xx_it.o
      1092         48          0         16          0          0   stm32f4xx_rcc.o
       376         36          0         20          0          0   system_stm32f4xx.o
       748         34          0          0          0          0   tm_stm32f4_adc.o
       148         18          0         16          0          0   tm_stm32f4_delay.o
       132         14          0          1          0          0   tm_stm32f4_disco.o
       928         50          0          0          0          0   tm_stm32f4_gpio.o
       404         30          0         16       1652          0   tm_stm32f4_usb_vcp.o
       248         10          0          0          0          0   usb_bsp.o
      2336         18          0          0          0          0   usb_core.o
       640          0          0          0          0          0   usb_dcd.o
      1164         16          0          0          0          0   usb_dcd_int.o
       572         16          0        151       2112          0   usbd_cdc_core.o
       172         14          0         28          0          0   usbd_cdc_vcp.o
       600          4          0         52          0          0   usbd_core.o
       208        110          0         50          0          0   usbd_desc.o
       184          0          0          0          0          0   usbd_ioreq.o
      1108         36          0         16        255          0   usbd_req.o
        68          6          0         29          0          0   usbd_usr.o

    ----------------------------------------------------------------------
     13092        574        436        408       5048          0   Object Totals
         0          0         32          0          0          0   (incl. Generated)
         2          0          0          9          5          0   (incl. Padding)

    ----------------------------------------------------------------------

      Code (inc. data)   RO Data    RW Data    ZI Data      Debug   Library Member Name

        86          0          0          0          0          0   __dczerorl2.o
         0          0          0          0          0          0   entry.o
         0          0          0          0          0          0   entry10a.o
         0          0          0          0          0          0   entry11a.o
         8          4          0          0          0          0   entry2.o
         4          0          0          0          0          0   entry5.o
         0          0          0          0          0          0   entry7b.o
         0          0          0          0          0          0   entry8b.o
         8          4          0          0          0          0   entry9a.o
        30          0          0          0          0          0   handlers.o
        36          8          0          0          0          0   init.o
       866         14          0          0          0          0   printf6.o
        44          0          0          0          0          0   uidiv.o

    ----------------------------------------------------------------------
      1088         30          0          0          0          0   Library Totals
         6          0          0          0          0          0   (incl. Padding)

    ----------------------------------------------------------------------

      Code (inc. data)   RO Data    RW Data    ZI Data      Debug   Library Name

      1082         30          0          0          0          0   mc_w.l

    ----------------------------------------------------------------------
      1088         30          0          0          0          0   Library Totals

    ----------------------------------------------------------------------

==============================================================================


      Code (inc. data)   RO Data    RW Data    ZI Data      Debug   

     14180        604        436        408       5048          0   Grand Totals
     14180        604        436        232       5048          0   ELF Image Totals (compressed)
     14180        604        436        232          0          0   ROM Totals

==============================================================================

    Total RO  Size (Code + RO Data)                14616 (  14.27kB)
    Total RW  Size (RW Data + ZI Data)              5456 (   5.33kB)
    Total ROM Size (Code + RO Data + RW Data)      14848 (  14.50kB)

==============================================================================

