<html>
<body>
<pre>
<h1>µVision Build Log</h1>
<h2>Tool Versions:</h2>
IDE-Version: ¦ÌVision V5.14.0.0
Copyright (C) 2015 ARM Ltd and ARM Germany GmbH. All rights reserved.
License Information: Dongbo Huang, CUMT, LIC=47GFW-QGEHS-6QF0X-HUJ5F-KYDSZ-B2VWG
 
Tool Versions:
Toolchain:       MDK-ARM Standard  Version: 5.14.0.0
Toolchain Path:  d:\Keil_v5\ARM\ARMCC\Bin
C Compiler:      Armcc.exe V5.05 update 1 (build 106)
Assembler:       Armasm.exe V5.05 update 1 (build 106)
Linker/Locator:  ArmLink.exe V5.05 update 1 (build 106)
Library Manager: ArmAr.exe V5.05 update 1 (build 106)
Hex Converter:   FromElf.exe V5.05 update 1 (build 106)
CPU DLL:         SARMCM3.DLL V5.14.0.0
Dialog DLL:      DCM.DLL V1.13.1.0
Target DLL:      STLink\ST-LINKIII-KEIL_SWO.dll V2.0.14.0_KEIL
Dialog DLL:      TCM.DLL V1.14.4.0
 
<h2>Project:</h2>
E:\stm32\f429\mywork\OTG-ADC-LCD\project.uvprojx
Project File Date:  05/11/2015

<h2>Output:</h2>
Build target 'Nucleo-F401'
assembling startup_stm32f401xx.s...
compiling misc.c...
compiling stm32f4xx_rcc.c...
compiling stm32f4xx_gpio.c...
compiling stm32f4xx_exti.c...
compiling stm32f4xx_adc.c...
compiling tm_stm32f4_delay.c...
compiling tm_stm32f4_disco.c...
compiling tm_stm32f4_usb_vcp.c...
compiling tm_stm32f4_gpio.c...
compiling tm_stm32f4_adc.c...
compiling main.c...
compiling stm32f4xx_it.c...
compiling system_stm32f4xx.c...
compiling usb_bsp.c...
compiling usb_core.c...
compiling usb_dcd.c...
compiling usb_dcd_int.c...
compiling usbd_cdc_core.c...
compiling usbd_cdc_vcp.c...
compiling usbd_core.c...
compiling usbd_desc.c...
compiling usbd_ioreq.c...
compiling usbd_req.c...
compiling usbd_usr.c...
linking...
Program Size: Code=14180 RO-data=436 RW-data=408 ZI-data=5048  
FromELF: creating hex file...
".\Targets\Nucleo_F401\project.axf" - 0 Error(s), 0 Warning(s).

<h2>Collection of Component include folders:</h2>
  E:\stm32\f429\mywork\OTG-ADC-LCD\RTE
  d:\Keil_v5\ARM\PACK\Keil\STM32F4xx_DFP\2.4.0

<h2>Collection of Component Files used:</h2>
</pre>
</body>
</html>
